Archive member included to satisfy reference by file (symbol)

C:/ST/STM32CubeIDE_1.14.1/STM32CubeIDE/plugins/com.st.stm32cube.ide.mcu.externaltools.gnu-tools-for-stm32.11.3.rel1.win32_1.1.100.202309141235/tools/bin/../lib/gcc/arm-none-eabi/11.3.1/../../../../arm-none-eabi/lib/thumb/v7e-m+dp/hard\libc_nano.a(libc_a-exit.o)
                              C:/ST/STM32CubeIDE_1.14.1/STM32CubeIDE/plugins/com.st.stm32cube.ide.mcu.externaltools.gnu-tools-for-stm32.11.3.rel1.win32_1.1.100.202309141235/tools/bin/../lib/gcc/arm-none-eabi/11.3.1/../../../../arm-none-eabi/lib/thumb/v7e-m+dp/hard/crt0.o (exit)
C:/ST/STM32CubeIDE_1.14.1/STM32CubeIDE/plugins/com.st.stm32cube.ide.mcu.externaltools.gnu-tools-for-stm32.11.3.rel1.win32_1.1.100.202309141235/tools/bin/../lib/gcc/arm-none-eabi/11.3.1/../../../../arm-none-eabi/lib/thumb/v7e-m+dp/hard\libc_nano.a(libc_a-findfp.o)
                              C:/ST/STM32CubeIDE_1.14.1/STM32CubeIDE/plugins/com.st.stm32cube.ide.mcu.externaltools.gnu-tools-for-stm32.11.3.rel1.win32_1.1.100.202309141235/tools/bin/../lib/gcc/arm-none-eabi/11.3.1/../../../../arm-none-eabi/lib/thumb/v7e-m+dp/hard\libc_nano.a(libc_a-exit.o) (__stdio_exit_handler)
C:/ST/STM32CubeIDE_1.14.1/STM32CubeIDE/plugins/com.st.stm32cube.ide.mcu.externaltools.gnu-tools-for-stm32.11.3.rel1.win32_1.1.100.202309141235/tools/bin/../lib/gcc/arm-none-eabi/11.3.1/../../../../arm-none-eabi/lib/thumb/v7e-m+dp/hard\libc_nano.a(libc_a-fwalk.o)
                              C:/ST/STM32CubeIDE_1.14.1/STM32CubeIDE/plugins/com.st.stm32cube.ide.mcu.externaltools.gnu-tools-for-stm32.11.3.rel1.win32_1.1.100.202309141235/tools/bin/../lib/gcc/arm-none-eabi/11.3.1/../../../../arm-none-eabi/lib/thumb/v7e-m+dp/hard\libc_nano.a(libc_a-findfp.o) (_fwalk_sglue)
C:/ST/STM32CubeIDE_1.14.1/STM32CubeIDE/plugins/com.st.stm32cube.ide.mcu.externaltools.gnu-tools-for-stm32.11.3.rel1.win32_1.1.100.202309141235/tools/bin/../lib/gcc/arm-none-eabi/11.3.1/../../../../arm-none-eabi/lib/thumb/v7e-m+dp/hard\libc_nano.a(libc_a-stdio.o)
                              C:/ST/STM32CubeIDE_1.14.1/STM32CubeIDE/plugins/com.st.stm32cube.ide.mcu.externaltools.gnu-tools-for-stm32.11.3.rel1.win32_1.1.100.202309141235/tools/bin/../lib/gcc/arm-none-eabi/11.3.1/../../../../arm-none-eabi/lib/thumb/v7e-m+dp/hard\libc_nano.a(libc_a-findfp.o) (__sread)
C:/ST/STM32CubeIDE_1.14.1/STM32CubeIDE/plugins/com.st.stm32cube.ide.mcu.externaltools.gnu-tools-for-stm32.11.3.rel1.win32_1.1.100.202309141235/tools/bin/../lib/gcc/arm-none-eabi/11.3.1/../../../../arm-none-eabi/lib/thumb/v7e-m+dp/hard\libc_nano.a(libc_a-memset.o)
                              C:/ST/STM32CubeIDE_1.14.1/STM32CubeIDE/plugins/com.st.stm32cube.ide.mcu.externaltools.gnu-tools-for-stm32.11.3.rel1.win32_1.1.100.202309141235/tools/bin/../lib/gcc/arm-none-eabi/11.3.1/../../../../arm-none-eabi/lib/thumb/v7e-m+dp/hard/crt0.o (memset)
C:/ST/STM32CubeIDE_1.14.1/STM32CubeIDE/plugins/com.st.stm32cube.ide.mcu.externaltools.gnu-tools-for-stm32.11.3.rel1.win32_1.1.100.202309141235/tools/bin/../lib/gcc/arm-none-eabi/11.3.1/../../../../arm-none-eabi/lib/thumb/v7e-m+dp/hard\libc_nano.a(libc_a-closer.o)
                              C:/ST/STM32CubeIDE_1.14.1/STM32CubeIDE/plugins/com.st.stm32cube.ide.mcu.externaltools.gnu-tools-for-stm32.11.3.rel1.win32_1.1.100.202309141235/tools/bin/../lib/gcc/arm-none-eabi/11.3.1/../../../../arm-none-eabi/lib/thumb/v7e-m+dp/hard\libc_nano.a(libc_a-stdio.o) (_close_r)
C:/ST/STM32CubeIDE_1.14.1/STM32CubeIDE/plugins/com.st.stm32cube.ide.mcu.externaltools.gnu-tools-for-stm32.11.3.rel1.win32_1.1.100.202309141235/tools/bin/../lib/gcc/arm-none-eabi/11.3.1/../../../../arm-none-eabi/lib/thumb/v7e-m+dp/hard\libc_nano.a(libc_a-reent.o)
                              C:/ST/STM32CubeIDE_1.14.1/STM32CubeIDE/plugins/com.st.stm32cube.ide.mcu.externaltools.gnu-tools-for-stm32.11.3.rel1.win32_1.1.100.202309141235/tools/bin/../lib/gcc/arm-none-eabi/11.3.1/../../../../arm-none-eabi/lib/thumb/v7e-m+dp/hard\libc_nano.a(libc_a-closer.o) (errno)
C:/ST/STM32CubeIDE_1.14.1/STM32CubeIDE/plugins/com.st.stm32cube.ide.mcu.externaltools.gnu-tools-for-stm32.11.3.rel1.win32_1.1.100.202309141235/tools/bin/../lib/gcc/arm-none-eabi/11.3.1/../../../../arm-none-eabi/lib/thumb/v7e-m+dp/hard\libc_nano.a(libc_a-impure.o)
                              C:/ST/STM32CubeIDE_1.14.1/STM32CubeIDE/plugins/com.st.stm32cube.ide.mcu.externaltools.gnu-tools-for-stm32.11.3.rel1.win32_1.1.100.202309141235/tools/bin/../lib/gcc/arm-none-eabi/11.3.1/../../../../arm-none-eabi/lib/thumb/v7e-m+dp/hard\libc_nano.a(libc_a-reent.o) (_impure_ptr)
C:/ST/STM32CubeIDE_1.14.1/STM32CubeIDE/plugins/com.st.stm32cube.ide.mcu.externaltools.gnu-tools-for-stm32.11.3.rel1.win32_1.1.100.202309141235/tools/bin/../lib/gcc/arm-none-eabi/11.3.1/../../../../arm-none-eabi/lib/thumb/v7e-m+dp/hard\libc_nano.a(libc_a-lseekr.o)
[...]
Memory Configuration

Name             Origin             Length             Attributes
RAM              0x0000000020000000 0x0000000000080000 xrw
FLASH            0x0000000008000000 0x0000000000200000 xr
*default*        0x0000000000000000 0xffffffffffffffff

Linker script and memory map

LOAD C:/ST/STM32CubeIDE_1.14.1/STM32CubeIDE/plugins/com.st.stm32cube.ide.mcu.externaltools.gnu-tools-for-stm32.11.3.rel1.win32_1.1.100.202309141235/tools/bin/../lib/gcc/arm-none-eabi/11.3.1/thumb/v7e-m+dp/hard/crti.o
LOAD C:/ST/STM32CubeIDE_1.14.1/STM32CubeIDE/plugins/com.st.stm32cube.ide.mcu.externaltools.gnu-tools-for-stm32.11.3.rel1.win32_1.1.100.202309141235/tools/bin/../lib/gcc/arm-none-eabi/11.3.1/thumb/v7e-m+dp/hard/crtbegin.o
LOAD C:/ST/STM32CubeIDE_1.14.1/STM32CubeIDE/plugins/com.st.stm32cube.ide.mcu.externaltools.gnu-tools-for-stm32.11.3.rel1.win32_1.1.100.202309141235/tools/bin/../lib/gcc/arm-none-eabi/11.3.1/../../../../arm-none-eabi/lib/thumb/v7e-m+dp/hard/crt0.o
LOAD ./Core/Src/CAN.o
LOAD ./Core/Src/_do_quasar_canopen.o
LOAD ./Core/Src/main.o
LOAD ./Core/Src/stm32f7xx_hal_msp.o
LOAD ./Core/Src/stm32f7xx_hal_timebase_tim.o
LOAD ./Core/Src/stm32f7xx_it.o
LOAD ./Core/Src/syscalls.o
LOAD ./Core/Src/system_stm32f7xx.o
LOAD ./Core/Startup/startup_stm32f767zitx.o
LOAD ./Drivers/STM32F7xx_HAL_Driver/Src/stm32f7xx_hal.o
LOAD ./Drivers/STM32F7xx_HAL_Driver/Src/stm32f7xx_hal_adc.o
LOAD ./Drivers/STM32F7xx_HAL_Driver/Src/stm32f7xx_hal_adc_ex.o
LOAD ./Drivers/STM32F7xx_HAL_Driver/Src/stm32f7xx_hal_can.o
LOAD ./Drivers/STM32F7xx_HAL_Driver/Src/stm32f7xx_hal_cortex.o
LOAD ./Drivers/STM32F7xx_HAL_Driver/Src/stm32f7xx_hal_dma.o
LOAD ./Drivers/STM32F7xx_HAL_Driver/Src/stm32f7xx_hal_dma_ex.o
LOAD ./Drivers/STM32F7xx_HAL_Driver/Src/stm32f7xx_hal_exti.o
LOAD ./Drivers/STM32F7xx_HAL_Driver/Src/stm32f7xx_hal_flash.o
LOAD ./Drivers/STM32F7xx_HAL_Driver/Src/stm32f7xx_hal_flash_ex.o
LOAD ./Drivers/STM32F7xx_HAL_Driver/Src/stm32f7xx_hal_gpio.o
LOAD ./Drivers/STM32F7xx_HAL_Driver/Src/stm32f7xx_hal_i2c.o
LOAD ./Drivers/STM32F7xx_HAL_Driver/Src/stm32f7xx_hal_i2c_ex.o
LOAD ./Drivers/STM32F7xx_HAL_Driver/Src/stm32f7xx_hal_pwr.o
LOAD ./Drivers/STM32F7xx_HAL_Driver/Src/stm32f7xx_hal_pwr_ex.o
LOAD ./Drivers/STM32F7xx_HAL_Driver/Src/stm32f7xx_hal_rcc.o
LOAD ./Drivers/STM32F7xx_HAL_Driver/Src/stm32f7xx_hal_rcc_ex.o
LOAD ./Drivers/STM32F7xx_HAL_Driver/Src/stm32f7xx_hal_tim.o
LOAD ./Drivers/STM32F7xx_HAL_Driver/Src/stm32f7xx_hal_tim_ex.o
LOAD ./ThirdParty/FreeRTOS/croutine.o
LOAD ./ThirdParty/FreeRTOS/event_groups.o
LOAD ./ThirdParty/FreeRTOS/list.o
LOAD ./ThirdParty/FreeRTOS/queue.o
LOAD ./ThirdParty/FreeRTOS/stream_buffer.o
LOAD ./ThirdParty/FreeRTOS/tasks.o
LOAD ./ThirdParty/FreeRTOS/timers.o
LOAD ./ThirdParty/FreeRTOS/portable/GCC/ARM_CM7/r0p1/port.o
LOAD ./ThirdParty/FreeRTOS/portable/MemMang/heap_4.o
START GROUP
LOAD C:/ST/STM32CubeIDE_1.14.1/STM32CubeIDE/plugins/com.st.stm32cube.ide.mcu.externaltools.gnu-tools-for-stm32.11.3.rel1.win32_1.1.100.202309141235/tools/bin/../lib/gcc/arm-none-eabi/11.3.1/../../../../arm-none-eabi/lib/thumb/v7e-m+dp/hard\libc_nano.a
LOAD C:/ST/STM32CubeIDE_1.14.1/STM32CubeIDE/plugins/com.st.stm32cube.ide.mcu.externaltools.gnu-tools-for-stm32.11.3.rel1.win32_1.1.100.202309141235/tools/bin/../lib/gcc/arm-none-eabi/11.3.1/../../../../arm-none-eabi/lib/thumb/v7e-m+dp/hard\libm.a
END GROUP
START GROUP
LOAD C:/ST/STM32CubeIDE_1.14.1/STM32CubeIDE/plugins/com.st.stm32cube.ide.mcu.externaltools.gnu-tools-for-stm32.11.3.rel1.win32_1.1.100.202309141235/tools/bin/../lib/gcc/arm-none-eabi/11.3.1/thumb/v7e-m+dp/hard\libgcc.a
LOAD C:/ST/STM32CubeIDE_1.14.1/STM32CubeIDE/plugins/com.st.stm32cube.ide.mcu.externaltools.gnu-tools-for-stm32.11.3.rel1.win32_1.1.100.202309141235/tools/bin/../lib/gcc/arm-none-eabi/11.3.1/../../../../arm-none-eabi/lib/thumb/v7e-m+dp/hard\libc_nano.a
END GROUP
START GROUP
LOAD C:/ST/STM32CubeIDE_1.14.1/STM32CubeIDE/plugins/com.st.stm32cube.ide.mcu.externaltools.gnu-tools-for-stm32.11.3.rel1.win32_1.1.100.202309141235/tools/bin/../lib/gcc/arm-none-eabi/11.3.1/thumb/v7e-m+dp/hard\libgcc.a
LOAD C:/ST/STM32CubeIDE_1.14.1/STM32CubeIDE/plugins/com.st.stm32cube.ide.mcu.externaltools.gnu-tools-for-stm32.11.3.rel1.win32_1.1.100.202309141235/tools/bin/../lib/gcc/arm-none-eabi/11.3.1/../../../../arm-none-eabi/lib/thumb/v7e-m+dp/hard\libc_nano.a
LOAD C:/ST/STM32CubeIDE_1.14.1/STM32CubeIDE/plugins/com.st.stm32cube.ide.mcu.externaltools.gnu-tools-for-stm32.11.3.rel1.win32_1.1.100.202309141235/tools/bin/../lib/gcc/arm-none-eabi/11.3.1/../../../../arm-none-eabi/lib/thumb/v7e-m+dp/hard\libnosys.a
END GROUP
START GROUP
LOAD C:/ST/STM32CubeIDE_1.14.1/STM32CubeIDE/plugins/com.st.stm32cube.ide.mcu.externaltools.gnu-tools-for-stm32.11.3.rel1.win32_1.1.100.202309141235/tools/bin/../lib/gcc/arm-none-eabi/11.3.1/thumb/v7e-m+dp/hard\libgcc.a
LOAD C:/ST/STM32CubeIDE_1.14.1/STM32CubeIDE/plugins/com.st.stm32cube.ide.mcu.externaltools.gnu-tools-for-stm32.11.3.rel1.win32_1.1.100.202309141235/tools/bin/../lib/gcc/arm-none-eabi/11.3.1/../../../../arm-none-eabi/lib/thumb/v7e-m+dp/hard\libc_nano.a
LOAD C:/ST/STM32CubeIDE_1.14.1/STM32CubeIDE/plugins/com.st.stm32cube.ide.mcu.externaltools.gnu-tools-for-stm32.11.3.rel1.win32_1.1.100.202309141235/tools/bin/../lib/gcc/arm-none-eabi/11.3.1/../../../../arm-none-eabi/lib/thumb/v7e-m+dp/hard\libnosys.a
END GROUP
LOAD C:/ST/STM32CubeIDE_1.14.1/STM32CubeIDE/plugins/com.st.stm32cube.ide.mcu.externaltools.gnu-tools-for-stm32.11.3.rel1.win32_1.1.100.202309141235/tools/bin/../lib/gcc/arm-none-eabi/11.3.1/thumb/v7e-m+dp/hard/crtend.o
LOAD C:/ST/STM32CubeIDE_1.14.1/STM32CubeIDE/plugins/com.st.stm32cube.ide.mcu.externaltools.gnu-tools-for-stm32.11.3.rel1.win32_1.1.100.202309141235/tools/bin/../lib/gcc/arm-none-eabi/11.3.1/thumb/v7e-m+dp/hard/crtn.o
                0x0000000020080000                _estack = (ORIGIN (RAM) + LENGTH (RAM))
                0x0000000000000200                _Min_Heap_Size = 0x200
                0x0000000000000400                _Min_Stack_Size = 0x400

.isr_vector     0x0000000008000000      0x1f8
                0x0000000008000000                . = ALIGN (0x4)
 *(.isr_vector)
 .isr_vector    0x0000000008000000      0x1f8 ./Core/Startup/startup_stm32f767zitx.o
                0x0000000008000000                g_pfnVectors
                0x00000000080001f8                . = ALIGN (0x4)

.text           0x0000000008000200     0x6ec4
                0x0000000008000200                . = ALIGN (0x4)
 *(.text)
 .text          0x0000000008000200       0x40 C:/ST/STM32CubeIDE_1.14.1/STM32CubeIDE/plugins/com.st.stm32cube.ide.mcu.externaltools.gnu-tools-for-stm32.11.3.rel1.win32_1.1.100.202309141235/tools/bin/../lib/gcc/arm-none-eabi/11.3.1/thumb/v7e-m+dp/hard/crtbegin.o
 .text          0x0000000008000240       0x30 C:/ST/STM32CubeIDE_1.14.1/STM32CubeIDE/plugins/com.st.stm32cube.ide.mcu.externaltools.gnu-tools-for-stm32.11.3.rel1.win32_1.1.100.202309141235/tools/bin/../lib/gcc/arm-none-eabi/11.3.1/thumb/v7e-m+dp/hard\libgcc.a(_aeabi_uldivmod.o)
                0x0000000008000240                __aeabi_uldivmod
 .text          0x0000000008000270      0x2c8 C:/ST/STM32CubeIDE_1.14.1/STM32CubeIDE/plugins/com.st.stm32cube.ide.mcu.externaltools.gnu-tools-for-stm32.11.3.rel1.win32_1.1.100.202309141235/tools/bin/../lib/gcc/arm-none-eabi/11.3.1/thumb/v7e-m+dp/hard\libgcc.a(_udivmoddi4.o)
                0x0000000008000270                __udivmoddi4
 .text          0x0000000008000538        0x4 C:/ST/STM32CubeIDE_1.14.1/STM32CubeIDE/plugins/com.st.stm32cube.ide.mcu.externaltools.gnu-tools-for-stm32.11.3.rel1.win32_1.1.100.202309141235/tools/bin/../lib/gcc/arm-none-eabi/11.3.1/thumb/v7e-m+dp/hard\libgcc.a(_dvmd_tls.o)
                0x0000000008000538                __aeabi_idiv0
                0x0000000008000538                __aeabi_ldiv0
 *(.text*)
 .text.nodeGuarding
                0x000000000800053c       0x5c ./Core/Src/CAN.o
                0x000000000800053c                nodeGuarding
 .text.startNode
                0x0000000008000598       0x84 ./Core/Src/CAN.o
                0x0000000008000598                startNode
 .text.clearErrors
                0x000000000800061c       0xb0 ./Core/Src/CAN.o
                0x000000000800061c                clearErrors
 .text.torqueControlMessage
                0x00000000080006cc       0xbc ./Core/Src/CAN.o
                0x00000000080006cc                torqueControlMessage
 .text.Pack_ECU_NMT_command__DO_QUASAR_CANopen
                0x0000000008000788       0x68 ./Core/Src/_do_quasar_canopen.o
                0x0000000008000788                Pack_ECU_NMT_command__DO_QUASAR_CANopen
 .text.Pack_EMD_RxPDO_3__DO_QUASAR_CANopen
                0x00000000080007f0      0x15c ./Core/Src/_do_quasar_canopen.o
                0x00000000080007f0                Pack_EMD_RxPDO_3__DO_QUASAR_CANopen
 .text.HAL_TIM_OC_DelayElapsedCallback
                0x000000000800094c       0x34 ./Core/Src/main.o
                0x000000000800094c                HAL_TIM_OC_DelayElapsedCallback
 .text.main     0x0000000008000980      0x20c ./Core/Src/main.o
                0x0000000008000980                main
 .text.SystemClock_Config
                0x0000000008000b8c       0xd4 ./Core/Src/main.o
                0x0000000008000b8c                SystemClock_Config
 .text.MX_ADC1_Init
                0x0000000008000c60       0xfc ./Core/Src/main.o
 .text.MX_CAN1_Init
                0x0000000008000d5c       0x6c ./Core/Src/main.o
 .text.MX_CAN2_Init
                0x0000000008000dc8       0x6c ./Core/Src/main.o
 .text.MX_TIM1_Init
                0x0000000008000e34      0x158 ./Core/Src/main.o
 .text.MX_GPIO_Init
                0x0000000008000f8c      0x144 ./Core/Src/main.o
 .text.vApplicationIdleHook
                0x00000000080010d0        0xe ./Core/Src/main.o
                0x00000000080010d0                vApplicationIdleHook
 .text.Task1_Handler
                0x00000000080010de       0x26 ./Core/Src/main.o
                0x00000000080010de                Task1_Handler
 .text.Task2_Handler
                0x0000000008001104       0x54 ./Core/Src/main.o
                0x0000000008001104                Task2_Handler
 .text.Task3_Handler
                0x0000000008001158        0xe ./Core/Src/main.o
                0x0000000008001158                Task3_Handler
 .text.Task4_Handler
                0x0000000008001166        0xa ./Core/Src/main.o
                0x0000000008001166                Task4_Handler
 .text.Task5_Handler
                0x0000000008001170        0xa ./Core/Src/main.o
                0x0000000008001170                Task5_Handler
 .text.Task6_Handler
                0x000000000800117a        0xa ./Core/Src/main.o
                0x000000000800117a                Task6_Handler
 .text.map      0x0000000008001184       0x38 ./Core/Src/main.o
                0x0000000008001184                map
 .text.constrain
                0x00000000080011bc       0x32 ./Core/Src/main.o
                0x00000000080011bc                constrain
 *fill*         0x00000000080011ee        0x2 
 .text.ignitionTask
                0x00000000080011f0       0xb4 ./Core/Src/main.o
                0x00000000080011f0                ignitionTask
 .text.setADCChannel
                0x00000000080012a4       0x3c ./Core/Src/main.o
                0x00000000080012a4                setADCChannel
 .text.getADCAverage
                0x00000000080012e0      0x1ac ./Core/Src/main.o
                0x00000000080012e0                getADCAverage
 .text.getPrimaryThrottlePosition
                0x000000000800148c       0x2a ./Core/Src/main.o
                0x000000000800148c                getPrimaryThrottlePosition
 .text.getSecondaryThrottlePosition
                0x00000000080014b6       0x2a ./Core/Src/main.o
                0x00000000080014b6                getSecondaryThrottlePosition
 .text.primaryThrottleSensorErrorCheck
                0x00000000080014e0       0x38 ./Core/Src/main.o
                0x00000000080014e0                primaryThrottleSensorErrorCheck
 .text.secondaryThrottleSensorErrorCheck
                0x0000000008001518       0x38 ./Core/Src/main.o
                0x0000000008001518                secondaryThrottleSensorErrorCheck
 .text.throttleSensorDeviationCheck
                0x0000000008001550       0xb8 ./Core/Src/main.o
                0x0000000008001550                throttleSensorDeviationCheck
 .text.torqueRequest
                0x0000000008001608       0xfc ./Core/Src/main.o
                0x0000000008001608                torqueRequest
 .text.HAL_TIM_PeriodElapsedCallback
                0x0000000008001704       0x1e ./Core/Src/main.o
                0x0000000008001704                HAL_TIM_PeriodElapsedCallback
 .text.Error_Handler
                0x0000000008001722        0xa ./Core/Src/main.o
                0x0000000008001722                Error_Handler
 .text.HAL_MspInit
                0x000000000800172c       0x48 ./Core/Src/stm32f7xx_hal_msp.o
                0x000000000800172c                HAL_MspInit
 .text.HAL_ADC_MspInit
                0x0000000008001774       0x80 ./Core/Src/stm32f7xx_hal_msp.o
                0x0000000008001774                HAL_ADC_MspInit
 .text.HAL_CAN_MspInit
                0x00000000080017f4      0x130 ./Core/Src/stm32f7xx_hal_msp.o
                0x00000000080017f4                HAL_CAN_MspInit
 .text.HAL_TIM_Base_MspInit
                0x0000000008001924       0x4c ./Core/Src/stm32f7xx_hal_msp.o
                0x0000000008001924                HAL_TIM_Base_MspInit
 .text.HAL_InitTick
                0x0000000008001970       0xf4 ./Core/Src/stm32f7xx_hal_timebase_tim.o
                0x0000000008001970                HAL_InitTick
 .text.NMI_Handler
                0x0000000008001a64        0x6 ./Core/Src/stm32f7xx_it.o
                0x0000000008001a64                NMI_Handler
 .text.HardFault_Handler
                0x0000000008001a6a        0x6 ./Core/Src/stm32f7xx_it.o
                0x0000000008001a6a                HardFault_Handler
 .text.MemManage_Handler
                0x0000000008001a70        0x6 ./Core/Src/stm32f7xx_it.o
                0x0000000008001a70                MemManage_Handler
 .text.BusFault_Handler
                0x0000000008001a76        0x6 ./Core/Src/stm32f7xx_it.o
                0x0000000008001a76                BusFault_Handler
 .text.UsageFault_Handler
                0x0000000008001a7c        0x6 ./Core/Src/stm32f7xx_it.o
                0x0000000008001a7c                UsageFault_Handler
 .text.DebugMon_Handler
                0x0000000008001a82        0xe ./Core/Src/stm32f7xx_it.o
                0x0000000008001a82                DebugMon_Handler
 .text.TIM1_CC_IRQHandler
                0x0000000008001a90       0x14 ./Core/Src/stm32f7xx_it.o
                0x0000000008001a90                TIM1_CC_IRQHandler
 .text.TIM2_IRQHandler
                0x0000000008001aa4       0x14 ./Core/Src/stm32f7xx_it.o
                0x0000000008001aa4                TIM2_IRQHandler
 .text.SystemInit
                0x0000000008001ab8       0x24 ./Core/Src/system_stm32f7xx.o
                0x0000000008001ab8                SystemInit
 .text.Reset_Handler
                0x0000000008001adc       0x50 ./Core/Startup/startup_stm32f767zitx.o
                0x0000000008001adc                Reset_Handler
 .text.Default_Handler
                0x0000000008001b2c        0x2 ./Core/Startup/startup_stm32f767zitx.o
                0x0000000008001b2c                RTC_Alarm_IRQHandler
                0x0000000008001b2c                EXTI2_IRQHandler
                0x0000000008001b2c                TIM8_CC_IRQHandler
                0x0000000008001b2c                UART8_IRQHandler
                0x0000000008001b2c                SPI4_IRQHandler
                0x0000000008001b2c                DMA2_Stream5_IRQHandler
                0x0000000008001b2c                JPEG_IRQHandler
                0x0000000008001b2c                DMA1_Stream5_IRQHandler
                0x0000000008001b2c                CAN3_RX1_IRQHandler
                0x0000000008001b2c                PVD_IRQHandler
                0x0000000008001b2c                TAMP_STAMP_IRQHandler
                0x0000000008001b2c                CAN2_RX1_IRQHandler
                0x0000000008001b2c                EXTI3_IRQHandler
                0x0000000008001b2c                TIM8_TRG_COM_TIM14_IRQHandler
                0x0000000008001b2c                DFSDM1_FLT1_IRQHandler
                0x0000000008001b2c                TIM1_UP_TIM10_IRQHandler
                0x0000000008001b2c                TIM8_UP_TIM13_IRQHandler
                0x0000000008001b2c                I2C3_ER_IRQHandler
                0x0000000008001b2c                DFSDM1_FLT2_IRQHandler
                0x0000000008001b2c                EXTI0_IRQHandler
                0x0000000008001b2c                I2C2_EV_IRQHandler
                0x0000000008001b2c                DMA1_Stream2_IRQHandler
                0x0000000008001b2c                CAN1_RX0_IRQHandler
                0x0000000008001b2c                FPU_IRQHandler
                0x0000000008001b2c                OTG_HS_WKUP_IRQHandler
                0x0000000008001b2c                CAN3_SCE_IRQHandler
                0x0000000008001b2c                LTDC_ER_IRQHandler
                0x0000000008001b2c                CAN2_SCE_IRQHandler
                0x0000000008001b2c                DMA2_Stream2_IRQHandler
                0x0000000008001b2c                SPI1_IRQHandler
                0x0000000008001b2c                TIM6_DAC_IRQHandler
                0x0000000008001b2c                TIM1_BRK_TIM9_IRQHandler
                0x0000000008001b2c                DCMI_IRQHandler
                0x0000000008001b2c                CAN2_RX0_IRQHandler
                0x0000000008001b2c                DMA2_Stream3_IRQHandler
                0x0000000008001b2c                SAI2_IRQHandler
                0x0000000008001b2c                DFSDM1_FLT3_IRQHandler
                0x0000000008001b2c                USART6_IRQHandler
                0x0000000008001b2c                CAN3_RX0_IRQHandler
                0x0000000008001b2c                USART3_IRQHandler
                0x0000000008001b2c                CAN1_RX1_IRQHandler
                0x0000000008001b2c                UART5_IRQHandler
                0x0000000008001b2c                DMA2_Stream0_IRQHandler
                0x0000000008001b2c                TIM4_IRQHandler
                0x0000000008001b2c                QUADSPI_IRQHandler
                0x0000000008001b2c                I2C1_EV_IRQHandler
                0x0000000008001b2c                DMA1_Stream6_IRQHandler
                0x0000000008001b2c                DMA1_Stream1_IRQHandler
                0x0000000008001b2c                UART4_IRQHandler
                0x0000000008001b2c                TIM3_IRQHandler
                0x0000000008001b2c                RCC_IRQHandler
                0x0000000008001b2c                TIM8_BRK_TIM12_IRQHandler
                0x0000000008001b2c                Default_Handler
                0x0000000008001b2c                CEC_IRQHandler
                0x0000000008001b2c                EXTI15_10_IRQHandler
                0x0000000008001b2c                ADC_IRQHandler
                0x0000000008001b2c                DMA1_Stream7_IRQHandler
                0x0000000008001b2c                SPI5_IRQHandler
                0x0000000008001b2c                TIM7_IRQHandler
                0x0000000008001b2c                SDMMC1_IRQHandler
                0x0000000008001b2c                CAN2_TX_IRQHandler
                0x0000000008001b2c                TIM5_IRQHandler
                0x0000000008001b2c                DMA2_Stream7_IRQHandler
                0x0000000008001b2c                I2C3_EV_IRQHandler
                0x0000000008001b2c                EXTI9_5_IRQHandler
                0x0000000008001b2c                RTC_WKUP_IRQHandler
                0x0000000008001b2c                LTDC_IRQHandler
                0x0000000008001b2c                ETH_WKUP_IRQHandler
                0x0000000008001b2c                SPDIF_RX_IRQHandler
                0x0000000008001b2c                SPI2_IRQHandler
                0x0000000008001b2c                OTG_HS_EP1_IN_IRQHandler
                0x0000000008001b2c                DMA1_Stream0_IRQHandler
                0x0000000008001b2c                CAN1_TX_IRQHandler
                0x0000000008001b2c                EXTI4_IRQHandler
                0x0000000008001b2c                RNG_IRQHandler
                0x0000000008001b2c                ETH_IRQHandler
                0x0000000008001b2c                OTG_HS_EP1_OUT_IRQHandler
                0x0000000008001b2c                WWDG_IRQHandler
                0x0000000008001b2c                SPI6_IRQHandler
                0x0000000008001b2c                MDIOS_IRQHandler
                0x0000000008001b2c                I2C4_EV_IRQHandler
                0x0000000008001b2c                CAN3_TX_IRQHandler
                0x0000000008001b2c                OTG_FS_WKUP_IRQHandler
                0x0000000008001b2c                TIM1_TRG_COM_TIM11_IRQHandler
                0x0000000008001b2c                OTG_HS_IRQHandler
                0x0000000008001b2c                DMA2D_IRQHandler
                0x0000000008001b2c                EXTI1_IRQHandler
                0x0000000008001b2c                SDMMC2_IRQHandler
                0x0000000008001b2c                UART7_IRQHandler
                0x0000000008001b2c                USART2_IRQHandler
                0x0000000008001b2c                DFSDM1_FLT0_IRQHandler
                0x0000000008001b2c                I2C2_ER_IRQHandler
                0x0000000008001b2c                DMA2_Stream1_IRQHandler
                0x0000000008001b2c                CAN1_SCE_IRQHandler
                0x0000000008001b2c                FLASH_IRQHandler
                0x0000000008001b2c                DMA2_Stream4_IRQHandler
                0x0000000008001b2c                USART1_IRQHandler
                0x0000000008001b2c                OTG_FS_IRQHandler
                0x0000000008001b2c                SPI3_IRQHandler
                0x0000000008001b2c                DMA1_Stream4_IRQHandler
                0x0000000008001b2c                I2C1_ER_IRQHandler
                0x0000000008001b2c                FMC_IRQHandler
                0x0000000008001b2c                LPTIM1_IRQHandler
                0x0000000008001b2c                I2C4_ER_IRQHandler
                0x0000000008001b2c                DMA2_Stream6_IRQHandler
                0x0000000008001b2c                SAI1_IRQHandler
                0x0000000008001b2c                DMA1_Stream3_IRQHandler
 .text.HAL_Init
                0x0000000008001b2e       0x1a ./Drivers/STM32F7xx_HAL_Driver/Src/stm32f7xx_hal.o
                0x0000000008001b2e                HAL_Init
 .text.HAL_IncTick
                0x0000000008001b48       0x28 ./Drivers/STM32F7xx_HAL_Driver/Src/stm32f7xx_hal.o
                0x0000000008001b48                HAL_IncTick
 .text.HAL_GetTick
                0x0000000008001b70       0x18 ./Drivers/STM32F7xx_HAL_Driver/Src/stm32f7xx_hal.o
                0x0000000008001b70                HAL_GetTick
 .text.HAL_ADC_Init
                0x0000000008001b88       0x88 ./Drivers/STM32F7xx_HAL_Driver/Src/stm32f7xx_hal_adc.o
                0x0000000008001b88                HAL_ADC_Init
 .text.HAL_ADC_Start
                0x0000000008001c10      0x19c ./Drivers/STM32F7xx_HAL_Driver/Src/stm32f7xx_hal_adc.o
                0x0000000008001c10                HAL_ADC_Start
 .text.HAL_ADC_Stop
                0x0000000008001dac       0x68 ./Drivers/STM32F7xx_HAL_Driver/Src/stm32f7xx_hal_adc.o
                0x0000000008001dac                HAL_ADC_Stop
 .text.HAL_ADC_PollForConversion
                0x0000000008001e14      0x116 ./Drivers/STM32F7xx_HAL_Driver/Src/stm32f7xx_hal_adc.o
                0x0000000008001e14                HAL_ADC_PollForConversion
 .text.HAL_ADC_GetValue
                0x0000000008001f2a       0x1a ./Drivers/STM32F7xx_HAL_Driver/Src/stm32f7xx_hal_adc.o
                0x0000000008001f2a                HAL_ADC_GetValue
 .text.HAL_ADC_ConfigChannel
                0x0000000008001f44      0x2ac ./Drivers/STM32F7xx_HAL_Driver/Src/stm32f7xx_hal_adc.o
                0x0000000008001f44                HAL_ADC_ConfigChannel
 .text.ADC_Init
                0x00000000080021f0      0x1f4 ./Drivers/STM32F7xx_HAL_Driver/Src/stm32f7xx_hal_adc.o
 .text.HAL_CAN_Init
                0x00000000080023e4      0x1f6 ./Drivers/STM32F7xx_HAL_Driver/Src/stm32f7xx_hal_can.o
                0x00000000080023e4                HAL_CAN_Init
 .text.HAL_CAN_Start
                0x00000000080025da       0x88 ./Drivers/STM32F7xx_HAL_Driver/Src/stm32f7xx_hal_can.o
                0x00000000080025da                HAL_CAN_Start
 .text.HAL_CAN_AddTxMessage
                0x0000000008002662      0x1a0 ./Drivers/STM32F7xx_HAL_Driver/Src/stm32f7xx_hal_can.o
                0x0000000008002662                HAL_CAN_AddTxMessage
 .text.HAL_CAN_IsTxMessagePending
                0x0000000008002802       0x48 ./Drivers/STM32F7xx_HAL_Driver/Src/stm32f7xx_hal_can.o
                0x0000000008002802                HAL_CAN_IsTxMessagePending
 *fill*         0x000000000800284a        0x2 
 .text.__NVIC_SetPriorityGrouping
                0x000000000800284c       0x48 ./Drivers/STM32F7xx_HAL_Driver/Src/stm32f7xx_hal_cortex.o
 .text.__NVIC_GetPriorityGrouping
                0x0000000008002894       0x1c ./Drivers/STM32F7xx_HAL_Driver/Src/stm32f7xx_hal_cortex.o
 .text.__NVIC_EnableIRQ
                0x00000000080028b0       0x3c ./Drivers/STM32F7xx_HAL_Driver/Src/stm32f7xx_hal_cortex.o
 .text.__NVIC_SetPriority
                0x00000000080028ec       0x54 ./Drivers/STM32F7xx_HAL_Driver/Src/stm32f7xx_hal_cortex.o
 .text.NVIC_EncodePriority
                0x0000000008002940       0x66 ./Drivers/STM32F7xx_HAL_Driver/Src/stm32f7xx_hal_cortex.o
 .text.HAL_NVIC_SetPriorityGrouping
                0x00000000080029a6       0x16 ./Drivers/STM32F7xx_HAL_Driver/Src/stm32f7xx_hal_cortex.o
                0x00000000080029a6                HAL_NVIC_SetPriorityGrouping
 .text.HAL_NVIC_SetPriority
                0x00000000080029bc       0x38 ./Drivers/STM32F7xx_HAL_Driver/Src/stm32f7xx_hal_cortex.o
                0x00000000080029bc                HAL_NVIC_SetPriority
 .text.HAL_NVIC_EnableIRQ
                0x00000000080029f4       0x1c ./Drivers/STM32F7xx_HAL_Driver/Src/stm32f7xx_hal_cortex.o
                0x00000000080029f4                HAL_NVIC_EnableIRQ
 .text.HAL_GPIO_Init
                0x0000000008002a10      0x358 ./Drivers/STM32F7xx_HAL_Driver/Src/stm32f7xx_hal_gpio.o
                0x0000000008002a10                HAL_GPIO_Init
 .text.HAL_GPIO_ReadPin
                0x0000000008002d68       0x30 ./Drivers/STM32F7xx_HAL_Driver/Src/stm32f7xx_hal_gpio.o
                0x0000000008002d68                HAL_GPIO_ReadPin
 .text.HAL_GPIO_WritePin
                0x0000000008002d98       0x32 ./Drivers/STM32F7xx_HAL_Driver/Src/stm32f7xx_hal_gpio.o
                0x0000000008002d98                HAL_GPIO_WritePin
 *fill*         0x0000000008002dca        0x2 
 .text.HAL_RCC_OscConfig
                0x0000000008002dcc      0x55c ./Drivers/STM32F7xx_HAL_Driver/Src/stm32f7xx_hal_rcc.o
                0x0000000008002dcc                HAL_RCC_OscConfig
 .text.HAL_RCC_ClockConfig
                0x0000000008003328      0x1d8 ./Drivers/STM32F7xx_HAL_Driver/Src/stm32f7xx_hal_rcc.o
                0x0000000008003328                HAL_RCC_ClockConfig
 .text.HAL_RCC_GetSysClockFreq
                0x0000000008003500      0x18c ./Drivers/STM32F7xx_HAL_Driver/Src/stm32f7xx_hal_rcc.o
                0x0000000008003500                HAL_RCC_GetSysClockFreq
 .text.HAL_RCC_GetHCLKFreq
                0x000000000800368c       0x18 ./Drivers/STM32F7xx_HAL_Driver/Src/stm32f7xx_hal_rcc.o
                0x000000000800368c                HAL_RCC_GetHCLKFreq
 .text.HAL_RCC_GetPCLK1Freq
                0x00000000080036a4       0x28 ./Drivers/STM32F7xx_HAL_Driver/Src/stm32f7xx_hal_rcc.o
                0x00000000080036a4                HAL_RCC_GetPCLK1Freq
 .text.HAL_RCC_GetClockConfig
                0x00000000080036cc       0x64 ./Drivers/STM32F7xx_HAL_Driver/Src/stm32f7xx_hal_rcc.o
                0x00000000080036cc                HAL_RCC_GetClockConfig
 .text.HAL_TIM_Base_Init
                0x0000000008003730       0xae ./Drivers/STM32F7xx_HAL_Driver/Src/stm32f7xx_hal_tim.o
                0x0000000008003730                HAL_TIM_Base_Init
 *fill*         0x00000000080037de        0x2 
 .text.HAL_TIM_Base_Start_IT
                0x00000000080037e0       0xf0 ./Drivers/STM32F7xx_HAL_Driver/Src/stm32f7xx_hal_tim.o
                0x00000000080037e0                HAL_TIM_Base_Start_IT
 .text.HAL_TIM_OC_Init
                0x00000000080038d0       0xae ./Drivers/STM32F7xx_HAL_Driver/Src/stm32f7xx_hal_tim.o
                0x00000000080038d0                HAL_TIM_OC_Init
 .text.HAL_TIM_OC_MspInit
                0x000000000800397e       0x14 ./Drivers/STM32F7xx_HAL_Driver/Src/stm32f7xx_hal_tim.o
                0x000000000800397e                HAL_TIM_OC_MspInit
 *fill*         0x0000000008003992        0x2 
 .text.HAL_TIM_OC_Start_IT
                0x0000000008003994      0x290 ./Drivers/STM32F7xx_HAL_Driver/Src/stm32f7xx_hal_tim.o
                0x0000000008003994                HAL_TIM_OC_Start_IT
 .text.HAL_TIM_OC_Stop_IT
                0x0000000008003c24      0x19c ./Drivers/STM32F7xx_HAL_Driver/Src/stm32f7xx_hal_tim.o
                0x0000000008003c24                HAL_TIM_OC_Stop_IT
 .text.HAL_TIM_IRQHandler
                0x0000000008003dc0      0x23e ./Drivers/STM32F7xx_HAL_Driver/Src/stm32f7xx_hal_tim.o
                0x0000000008003dc0                HAL_TIM_IRQHandler
 *fill*         0x0000000008003ffe        0x2 
 .text.HAL_TIM_OC_ConfigChannel
                0x0000000008004000       0xf4 ./Drivers/STM32F7xx_HAL_Driver/Src/stm32f7xx_hal_tim.o
                0x0000000008004000                HAL_TIM_OC_ConfigChannel
 .text.HAL_TIM_ConfigClockSource
                0x00000000080040f4      0x194 ./Drivers/STM32F7xx_HAL_Driver/Src/stm32f7xx_hal_tim.o
                0x00000000080040f4                HAL_TIM_ConfigClockSource
 .text.HAL_TIM_IC_CaptureCallback
                0x0000000008004288       0x14 ./Drivers/STM32F7xx_HAL_Driver/Src/stm32f7xx_hal_tim.o
                0x0000000008004288                HAL_TIM_IC_CaptureCallback
 .text.HAL_TIM_PWM_PulseFinishedCallback
                0x000000000800429c       0x14 ./Drivers/STM32F7xx_HAL_Driver/Src/stm32f7xx_hal_tim.o
                0x000000000800429c                HAL_TIM_PWM_PulseFinishedCallback
 .text.HAL_TIM_TriggerCallback
                0x00000000080042b0       0x14 ./Drivers/STM32F7xx_HAL_Driver/Src/stm32f7xx_hal_tim.o
                0x00000000080042b0                HAL_TIM_TriggerCallback
 .text.TIM_Base_SetConfig
                0x00000000080042c4      0x140 ./Drivers/STM32F7xx_HAL_Driver/Src/stm32f7xx_hal_tim.o
                0x00000000080042c4                TIM_Base_SetConfig
 .text.TIM_OC1_SetConfig
                0x0000000008004404       0xe4 ./Drivers/STM32F7xx_HAL_Driver/Src/stm32f7xx_hal_tim.o
 .text.TIM_OC2_SetConfig
                0x00000000080044e8       0xf0 ./Drivers/STM32F7xx_HAL_Driver/Src/stm32f7xx_hal_tim.o
                0x00000000080044e8                TIM_OC2_SetConfig
 .text.TIM_OC3_SetConfig
                0x00000000080045d8       0xec ./Drivers/STM32F7xx_HAL_Driver/Src/stm32f7xx_hal_tim.o
 .text.TIM_OC4_SetConfig
                0x00000000080046c4       0xb0 ./Drivers/STM32F7xx_HAL_Driver/Src/stm32f7xx_hal_tim.o
 .text.TIM_OC5_SetConfig
                0x0000000008004774       0xa4 ./Drivers/STM32F7xx_HAL_Driver/Src/stm32f7xx_hal_tim.o
 .text.TIM_OC6_SetConfig
                0x0000000008004818       0xa8 ./Drivers/STM32F7xx_HAL_Driver/Src/stm32f7xx_hal_tim.o
 .text.TIM_TI1_ConfigInputStage
                0x00000000080048c0       0x5e ./Drivers/STM32F7xx_HAL_Driver/Src/stm32f7xx_hal_tim.o
 .text.TIM_TI2_ConfigInputStage
                0x000000000800491e       0x60 ./Drivers/STM32F7xx_HAL_Driver/Src/stm32f7xx_hal_tim.o
 .text.TIM_ITRx_SetConfig
                0x000000000800497e       0x36 ./Drivers/STM32F7xx_HAL_Driver/Src/stm32f7xx_hal_tim.o
 .text.TIM_ETR_SetConfig
                0x00000000080049b4       0x40 ./Drivers/STM32F7xx_HAL_Driver/Src/stm32f7xx_hal_tim.o
                0x00000000080049b4                TIM_ETR_SetConfig
 .text.TIM_CCxChannelCmd
                0x00000000080049f4       0x4a ./Drivers/STM32F7xx_HAL_Driver/Src/stm32f7xx_hal_tim.o
                0x00000000080049f4                TIM_CCxChannelCmd
 *fill*         0x0000000008004a3e        0x2 
 .text.HAL_TIMEx_MasterConfigSynchronization
                0x0000000008004a40      0x11c ./Drivers/STM32F7xx_HAL_Driver/Src/stm32f7xx_hal_tim_ex.o
                0x0000000008004a40                HAL_TIMEx_MasterConfigSynchronization
 .text.HAL_TIMEx_ConfigBreakDeadTime
                0x0000000008004b5c       0xfc ./Drivers/STM32F7xx_HAL_Driver/Src/stm32f7xx_hal_tim_ex.o
                0x0000000008004b5c                HAL_TIMEx_ConfigBreakDeadTime
 .text.HAL_TIMEx_CommutCallback
                0x0000000008004c58       0x14 ./Drivers/STM32F7xx_HAL_Driver/Src/stm32f7xx_hal_tim_ex.o
                0x0000000008004c58                HAL_TIMEx_CommutCallback
 .text.HAL_TIMEx_BreakCallback
                0x0000000008004c6c       0x14 ./Drivers/STM32F7xx_HAL_Driver/Src/stm32f7xx_hal_tim_ex.o
                0x0000000008004c6c                HAL_TIMEx_BreakCallback
 .text.HAL_TIMEx_Break2Callback
                0x0000000008004c80       0x14 ./Drivers/STM32F7xx_HAL_Driver/Src/stm32f7xx_hal_tim_ex.o
                0x0000000008004c80                HAL_TIMEx_Break2Callback
 .text.vListInitialise
                0x0000000008004c94       0x40 ./ThirdParty/FreeRTOS/list.o
                0x0000000008004c94                vListInitialise
 .text.vListInitialiseItem
                0x0000000008004cd4       0x1a ./ThirdParty/FreeRTOS/list.o
                0x0000000008004cd4                vListInitialiseItem
 .text.vListInsert
                0x0000000008004cee       0x72 ./ThirdParty/FreeRTOS/list.o
                0x0000000008004cee                vListInsert
 .text.uxListRemove
                0x0000000008004d60       0x54 ./ThirdParty/FreeRTOS/list.o
                0x0000000008004d60                uxListRemove
 .text.xQueueGenericReset
                0x0000000008004db4      0x128 ./ThirdParty/FreeRTOS/queue.o
                0x0000000008004db4                xQueueGenericReset
 .text.xQueueGenericCreate
                0x0000000008004edc       0xa0 ./ThirdParty/FreeRTOS/queue.o
                0x0000000008004edc                xQueueGenericCreate
 .text.prvInitialiseNewQueue
                0x0000000008004f7c       0x3e ./ThirdParty/FreeRTOS/queue.o
 *fill*         0x0000000008004fba        0x2 
 .text.xQueueReceive
                0x0000000008004fbc      0x1cc ./ThirdParty/FreeRTOS/queue.o
                0x0000000008004fbc                xQueueReceive
 .text.prvCopyDataFromQueue
                0x0000000008005188       0x4c ./ThirdParty/FreeRTOS/queue.o
 .text.prvUnlockQueue
                0x00000000080051d4       0xa4 ./ThirdParty/FreeRTOS/queue.o
 .text.prvIsQueueEmpty
                0x0000000008005278       0x2c ./ThirdParty/FreeRTOS/queue.o
 .text.vQueueAddToRegistry
                0x00000000080052a4       0xa0 ./ThirdParty/FreeRTOS/queue.o
                0x00000000080052a4                vQueueAddToRegistry
 .text.vQueueWaitForMessageRestricted
                0x0000000008005344       0x68 ./ThirdParty/FreeRTOS/queue.o
                0x0000000008005344                vQueueWaitForMessageRestricted
 .text.xTaskCreate
                0x00000000080053ac       0x8c ./ThirdParty/FreeRTOS/tasks.o
                0x00000000080053ac                xTaskCreate
 .text.prvInitialiseNewTask
                0x0000000008005438      0x114 ./ThirdParty/FreeRTOS/tasks.o
 .text.prvAddNewTaskToReadyList
                0x000000000800554c      0x124 ./ThirdParty/FreeRTOS/tasks.o
 .text.xTaskDelayUntil
                0x0000000008005670      0x108 ./ThirdParty/FreeRTOS/tasks.o
                0x0000000008005670                xTaskDelayUntil
 .text.vTaskStartScheduler
                0x0000000008005778       0xac ./ThirdParty/FreeRTOS/tasks.o
                0x0000000008005778                vTaskStartScheduler
 .text.vTaskSuspendAll
                0x0000000008005824       0x1c ./ThirdParty/FreeRTOS/tasks.o
                0x0000000008005824                vTaskSuspendAll
 .text.xTaskResumeAll
                0x0000000008005840      0x1fc ./ThirdParty/FreeRTOS/tasks.o
                0x0000000008005840                xTaskResumeAll
 .text.xTaskGetTickCount
                0x0000000008005a3c       0x20 ./ThirdParty/FreeRTOS/tasks.o
                0x0000000008005a3c                xTaskGetTickCount
 .text.xTaskIncrementTick
                0x0000000008005a5c      0x230 ./ThirdParty/FreeRTOS/tasks.o
                0x0000000008005a5c                xTaskIncrementTick
 .text.vTaskSwitchContext
                0x0000000008005c8c       0xbc ./ThirdParty/FreeRTOS/tasks.o
                0x0000000008005c8c                vTaskSwitchContext
 .text.vTaskPlaceOnEventList
                0x0000000008005d48       0x4c ./ThirdParty/FreeRTOS/tasks.o
                0x0000000008005d48                vTaskPlaceOnEventList
 .text.vTaskPlaceOnEventListRestricted
                0x0000000008005d94       0x90 ./ThirdParty/FreeRTOS/tasks.o
                0x0000000008005d94                vTaskPlaceOnEventListRestricted
 .text.xTaskRemoveFromEventList
                0x0000000008005e24      0x1b0 ./ThirdParty/FreeRTOS/tasks.o
                0x0000000008005e24                xTaskRemoveFromEventList
 .text.vTaskInternalSetTimeOutState
                0x0000000008005fd4       0x2c ./ThirdParty/FreeRTOS/tasks.o
                0x0000000008005fd4                vTaskInternalSetTimeOutState
 .text.xTaskCheckForTimeOut
                0x0000000008006000       0xd4 ./ThirdParty/FreeRTOS/tasks.o
                0x0000000008006000                xTaskCheckForTimeOut
 .text.vTaskMissedYield
                0x00000000080060d4       0x18 ./ThirdParty/FreeRTOS/tasks.o
                0x00000000080060d4                vTaskMissedYield
 .text.prvIdleTask
                0x00000000080060ec       0x34 ./ThirdParty/FreeRTOS/tasks.o
 .text.prvInitialiseTaskLists
                0x0000000008006120       0x80 ./ThirdParty/FreeRTOS/tasks.o
 .text.prvCheckTasksWaitingTermination
                0x00000000080061a0       0x5c ./ThirdParty/FreeRTOS/tasks.o
 .text.prvDeleteTCB
                0x00000000080061fc       0x20 ./ThirdParty/FreeRTOS/tasks.o
 .text.prvResetNextTaskUnblockTime
                0x000000000800621c       0x38 ./ThirdParty/FreeRTOS/tasks.o
 .text.xTaskGetSchedulerState
                0x0000000008006254       0x3c ./ThirdParty/FreeRTOS/tasks.o
                0x0000000008006254                xTaskGetSchedulerState
 .text.prvAddCurrentTaskToDelayedList
                0x0000000008006290      0x100 ./ThirdParty/FreeRTOS/tasks.o
 .text.xTimerCreateTimerTask
                0x0000000008006390       0x68 ./ThirdParty/FreeRTOS/timers.o
                0x0000000008006390                xTimerCreateTimerTask
 .text.prvReloadTimer
                0x00000000080063f8       0x42 ./ThirdParty/FreeRTOS/timers.o
 *fill*         0x000000000800643a        0x2 
 .text.prvProcessExpiredTimer
                0x000000000800643c       0x60 ./ThirdParty/FreeRTOS/timers.o
 .text.prvTimerTask
                0x000000000800649c       0x24 ./ThirdParty/FreeRTOS/timers.o
 .text.prvProcessTimerOrBlockTask
                0x00000000080064c0       0x9c ./ThirdParty/FreeRTOS/timers.o
 .text.prvGetNextExpireTime
                0x000000000800655c       0x48 ./ThirdParty/FreeRTOS/timers.o
 .text.prvSampleTimeNow
                0x00000000080065a4       0x40 ./ThirdParty/FreeRTOS/timers.o
 .text.prvInsertTimerInActiveList
                0x00000000080065e4       0x84 ./ThirdParty/FreeRTOS/timers.o
 .text.prvProcessReceivedCommands
                0x0000000008006668      0x180 ./ThirdParty/FreeRTOS/timers.o
 .text.prvSwitchTimerLists
                0x00000000080067e8       0x4c ./ThirdParty/FreeRTOS/timers.o
 .text.prvCheckForValidListAndQueue
                0x0000000008006834       0x6c ./ThirdParty/FreeRTOS/timers.o
 .text.pxPortInitialiseStack
                0x00000000080068a0       0x68 ./ThirdParty/FreeRTOS/portable/GCC/ARM_CM7/r0p1/port.o
                0x00000000080068a0                pxPortInitialiseStack
 .text.prvTaskExitError
                0x0000000008006908       0x60 ./ThirdParty/FreeRTOS/portable/GCC/ARM_CM7/r0p1/port.o
 *fill*         0x0000000008006968        0x8 
 .text.SVC_Handler
                0x0000000008006970       0x28 ./ThirdParty/FreeRTOS/portable/GCC/ARM_CM7/r0p1/port.o
                0x0000000008006970                SVC_Handler
 .text.prvPortStartFirstTask
                0x0000000008006998       0x2c ./ThirdParty/FreeRTOS/portable/GCC/ARM_CM7/r0p1/port.o
 .text.xPortStartScheduler
                0x00000000080069c4       0xfc ./ThirdParty/FreeRTOS/portable/GCC/ARM_CM7/r0p1/port.o
                0x00000000080069c4                xPortStartScheduler
 .text.vPortEnterCritical
                0x0000000008006ac0       0x68 ./ThirdParty/FreeRTOS/portable/GCC/ARM_CM7/r0p1/port.o
                0x0000000008006ac0                vPortEnterCritical
 .text.vPortExitCritical
                0x0000000008006b28       0x58 ./ThirdParty/FreeRTOS/portable/GCC/ARM_CM7/r0p1/port.o
                0x0000000008006b28                vPortExitCritical
 .text.PendSV_Handler
                0x0000000008006b80       0x68 ./ThirdParty/FreeRTOS/portable/GCC/ARM_CM7/r0p1/port.o
                0x0000000008006b80                PendSV_Handler
 .text.SysTick_Handler
                0x0000000008006be8       0x48 ./ThirdParty/FreeRTOS/portable/GCC/ARM_CM7/r0p1/port.o
                0x0000000008006be8                SysTick_Handler
 .text.vPortSetupTimerInterrupt
                0x0000000008006c30       0x48 ./ThirdParty/FreeRTOS/portable/GCC/ARM_CM7/r0p1/port.o
                0x0000000008006c30                vPortSetupTimerInterrupt
 .text.vPortEnableVFP
                0x0000000008006c78       0x18 ./ThirdParty/FreeRTOS/portable/GCC/ARM_CM7/r0p1/port.o
 .text.pvPortMalloc
                0x0000000008006c90      0x17c ./ThirdParty/FreeRTOS/portable/MemMang/heap_4.o
                0x0000000008006c90                pvPortMalloc
 .text.vPortFree
                0x0000000008006e0c       0xc0 ./ThirdParty/FreeRTOS/portable/MemMang/heap_4.o
                0x0000000008006e0c                vPortFree
 .text.prvHeapInit
                0x0000000008006ecc       0xb8 ./ThirdParty/FreeRTOS/portable/MemMang/heap_4.o
 .text.prvInsertBlockIntoFreeList
                0x0000000008006f84       0xb4 ./ThirdParty/FreeRTOS/portable/MemMang/heap_4.o
 .text.memset   0x0000000008007038       0x10 C:/ST/STM32CubeIDE_1.14.1/STM32CubeIDE/plugins/com.st.stm32cube.ide.mcu.externaltools.gnu-tools-for-stm32.11.3.rel1.win32_1.1.100.202309141235/tools/bin/../lib/gcc/arm-none-eabi/11.3.1/../../../../arm-none-eabi/lib/thumb/v7e-m+dp/hard\libc_nano.a(libc_a-memset.o)
                0x0000000008007038                memset
 .text.__libc_init_array
                0x0000000008007048       0x48 C:/ST/STM32CubeIDE_1.14.1/STM32CubeIDE/plugins/com.st.stm32cube.ide.mcu.externaltools.gnu-tools-for-stm32.11.3.rel1.win32_1.1.100.202309141235/tools/bin/../lib/gcc/arm-none-eabi/11.3.1/../../../../arm-none-eabi/lib/thumb/v7e-m+dp/hard\libc_nano.a(libc_a-init.o)
                0x0000000008007048                __libc_init_array
 .text.memcpy   0x0000000008007090       0x1c C:/ST/STM32CubeIDE_1.14.1/STM32CubeIDE/plugins/com.st.stm32cube.ide.mcu.externaltools.gnu-tools-for-stm32.11.3.rel1.win32_1.1.100.202309141235/tools/bin/../lib/gcc/arm-none-eabi/11.3.1/../../../../arm-none-eabi/lib/thumb/v7e-m+dp/hard\libc_nano.a(libc_a-memcpy-stub.o)
                0x0000000008007090                memcpy
 *(.glue_7)
 .glue_7        0x00000000080070ac        0x0 linker stubs
 *(.glue_7t)
 .glue_7t       0x00000000080070ac        0x0 linker stubs
 *(.eh_frame)
 .eh_frame      0x00000000080070ac        0x0 C:/ST/STM32CubeIDE_1.14.1/STM32CubeIDE/plugins/com.st.stm32cube.ide.mcu.externaltools.gnu-tools-for-stm32.11.3.rel1.win32_1.1.100.202309141235/tools/bin/../lib/gcc/arm-none-eabi/11.3.1/thumb/v7e-m+dp/hard/crtbegin.o
 *(.init)
 .init          0x00000000080070ac        0x4 C:/ST/STM32CubeIDE_1.14.1/STM32CubeIDE/plugins/com.st.stm32cube.ide.mcu.externaltools.gnu-tools-for-stm32.11.3.rel1.win32_1.1.100.202309141235/tools/bin/../lib/gcc/arm-none-eabi/11.3.1/thumb/v7e-m+dp/hard/crti.o
                0x00000000080070ac                _init
 .init          0x00000000080070b0        0x8 C:/ST/STM32CubeIDE_1.14.1/STM32CubeIDE/plugins/com.st.stm32cube.ide.mcu.externaltools.gnu-tools-for-stm32.11.3.rel1.win32_1.1.100.202309141235/tools/bin/../lib/gcc/arm-none-eabi/11.3.1/thumb/v7e-m+dp/hard/crtn.o
 *(.fini)
 .fini          0x00000000080070b8        0x4 C:/ST/STM32CubeIDE_1.14.1/STM32CubeIDE/plugins/com.st.stm32cube.ide.mcu.externaltools.gnu-tools-for-stm32.11.3.rel1.win32_1.1.100.202309141235/tools/bin/../lib/gcc/arm-none-eabi/11.3.1/thumb/v7e-m+dp/hard/crti.o
                0x00000000080070b8                _fini
 .fini          0x00000000080070bc        0x8 C:/ST/STM32CubeIDE_1.14.1/STM32CubeIDE/plugins/com.st.stm32cube.ide.mcu.externaltools.gnu-tools-for-stm32.11.3.rel1.win32_1.1.100.202309141235/tools/bin/../lib/gcc/arm-none-eabi/11.3.1/thumb/v7e-m+dp/hard/crtn.o
                0x00000000080070c4                . = ALIGN (0x4)
                0x00000000080070c4                _etext = .

.vfp11_veneer   0x00000000080070c4        0x0
 .vfp11_veneer  0x00000000080070c4        0x0 linker stubs

.v4_bx          0x00000000080070c4        0x0
 .v4_bx         0x00000000080070c4        0x0 linker stubs

.iplt           0x00000000080070c4        0x0
 .iplt          0x00000000080070c4        0x0 C:/ST/STM32CubeIDE_1.14.1/STM32CubeIDE/plugins/com.st.stm32cube.ide.mcu.externaltools.gnu-tools-for-stm32.11.3.rel1.win32_1.1.100.202309141235/tools/bin/../lib/gcc/arm-none-eabi/11.3.1/thumb/v7e-m+dp/hard/crtbegin.o

.rodata         0x00000000080070c4       0x94
                0x00000000080070c4                . = ALIGN (0x4)
 *(.rodata)
 .rodata        0x00000000080070c4        0x8 ./Core/Src/CAN.o
 .rodata        0x00000000080070cc       0x5a ./Core/Src/main.o
 *fill*         0x0000000008007126        0x2 
 .rodata        0x0000000008007128        0x5 ./ThirdParty/FreeRTOS/tasks.o
 *fill*         0x000000000800712d        0x3 
 .rodata        0x0000000008007130        0xd ./ThirdParty/FreeRTOS/timers.o
 *(.rodata*)
 *fill*         0x000000000800713d        0x3 
 .rodata.AHBPrescTable
                0x0000000008007140       0x10 ./Core/Src/system_stm32f7xx.o
                0x0000000008007140                AHBPrescTable
 .rodata.APBPrescTable
                0x0000000008007150        0x8 ./Core/Src/system_stm32f7xx.o
                0x0000000008007150                APBPrescTable
                0x0000000008007158                . = ALIGN (0x4)

.ARM.extab      0x0000000008007158        0x0
                0x0000000008007158                . = ALIGN (0x4)
 *(.ARM.extab* .gnu.linkonce.armextab.*)
                0x0000000008007158                . = ALIGN (0x4)

.ARM            0x0000000008007158        0x8
                0x0000000008007158                . = ALIGN (0x4)
                0x0000000008007158                __exidx_start = .
 *(.ARM.exidx*)
 .ARM.exidx     0x0000000008007158        0x8 C:/ST/STM32CubeIDE_1.14.1/STM32CubeIDE/plugins/com.st.stm32cube.ide.mcu.externaltools.gnu-tools-for-stm32.11.3.rel1.win32_1.1.100.202309141235/tools/bin/../lib/gcc/arm-none-eabi/11.3.1/thumb/v7e-m+dp/hard\libgcc.a(_udivmoddi4.o)
                0x0000000008007160                __exidx_end = .
                0x0000000008007160                . = ALIGN (0x4)

.rel.dyn        0x0000000008007160        0x0
 .rel.iplt      0x0000000008007160        0x0 C:/ST/STM32CubeIDE_1.14.1/STM32CubeIDE/plugins/com.st.stm32cube.ide.mcu.externaltools.gnu-tools-for-stm32.11.3.rel1.win32_1.1.100.202309141235/tools/bin/../lib/gcc/arm-none-eabi/11.3.1/thumb/v7e-m+dp/hard/crtbegin.o

.preinit_array  0x0000000008007160        0x0
                0x0000000008007160                . = ALIGN (0x4)
                0x0000000008007160                PROVIDE (__preinit_array_start = .)
 *(.preinit_array*)
                0x0000000008007160                PROVIDE (__preinit_array_end = .)
                0x0000000008007160                . = ALIGN (0x4)

.init_array     0x0000000008007160        0x4
                0x0000000008007160                . = ALIGN (0x4)
                0x0000000008007160                PROVIDE (__init_array_start = .)
 *(SORT_BY_NAME(.init_array.*))
 *(.init_array*)
 .init_array    0x0000000008007160        0x4 C:/ST/STM32CubeIDE_1.14.1/STM32CubeIDE/plugins/com.st.stm32cube.ide.mcu.externaltools.gnu-tools-for-stm32.11.3.rel1.win32_1.1.100.202309141235/tools/bin/../lib/gcc/arm-none-eabi/11.3.1/thumb/v7e-m+dp/hard/crtbegin.o
                0x0000000008007164                PROVIDE (__init_array_end = .)
                0x0000000008007164                . = ALIGN (0x4)

.fini_array     0x0000000008007164        0x4
                0x0000000008007164                . = ALIGN (0x4)
                [!provide]                        PROVIDE (__fini_array_start = .)
 *(SORT_BY_NAME(.fini_array.*))
 *(.fini_array*)
 .fini_array    0x0000000008007164        0x4 C:/ST/STM32CubeIDE_1.14.1/STM32CubeIDE/plugins/com.st.stm32cube.ide.mcu.externaltools.gnu-tools-for-stm32.11.3.rel1.win32_1.1.100.202309141235/tools/bin/../lib/gcc/arm-none-eabi/11.3.1/thumb/v7e-m+dp/hard/crtbegin.o
                [!provide]                        PROVIDE (__fini_array_end = .)
                0x0000000008007168                . = ALIGN (0x4)
                0x0000000008007168                _sidata = LOADADDR (.data)

.data           0x0000000020000000       0x28 load address 0x0000000008007168
                0x0000000020000000                . = ALIGN (0x4)
                0x0000000020000000                _sdata = .
 *(.data)
 *(.data*)
 .data.CAN_FAULT_PORT
                0x0000000020000000        0x4 ./Core/Src/main.o
                0x0000000020000000                CAN_FAULT_PORT
 .data.CAN_ENABLE_1_PORT
                0x0000000020000004        0x4 ./Core/Src/main.o
                0x0000000020000004                CAN_ENABLE_1_PORT
 .data.RTD_PIN_PORT
                0x0000000020000008        0x4 ./Core/Src/main.o
                0x0000000020000008                RTD_PIN_PORT
 .data.IGNITION_PORT
                0x000000002000000c        0x4 ./Core/Src/main.o
                0x000000002000000c                IGNITION_PORT
 .data.torqueRefLimit
                0x0000000020000010        0x4 ./Core/Src/main.o
                0x0000000020000010                torqueRefLimit
 .data.SystemCoreClock
                0x0000000020000014        0x4 ./Core/Src/system_stm32f7xx.o
                0x0000000020000014                SystemCoreClock
 .data.uwTickPrio
                0x0000000020000018        0x4 ./Drivers/STM32F7xx_HAL_Driver/Src/stm32f7xx_hal.o
                0x0000000020000018                uwTickPrio
 .data.uwTickFreq
                0x000000002000001c        0x1 ./Drivers/STM32F7xx_HAL_Driver/Src/stm32f7xx_hal.o
                0x000000002000001c                uwTickFreq
 *fill*         0x000000002000001d        0x3 
 .data.uxTopUsedPriority
                0x0000000020000020        0x4 ./ThirdParty/FreeRTOS/tasks.o
                0x0000000020000020                uxTopUsedPriority
 .data.uxCriticalNesting
                0x0000000020000024        0x4 ./ThirdParty/FreeRTOS/portable/GCC/ARM_CM7/r0p1/port.o
 *(.RamFunc)
 *(.RamFunc*)
                0x0000000020000028                . = ALIGN (0x4)
                0x0000000020000028                _edata = .

.igot.plt       0x0000000020000028        0x0 load address 0x0000000008007190
 .igot.plt      0x0000000020000028        0x0 C:/ST/STM32CubeIDE_1.14.1/STM32CubeIDE/plugins/com.st.stm32cube.ide.mcu.externaltools.gnu-tools-for-stm32.11.3.rel1.win32_1.1.100.202309141235/tools/bin/../lib/gcc/arm-none-eabi/11.3.1/thumb/v7e-m+dp/hard/crtbegin.o
                0x0000000020000028                . = ALIGN (0x4)

.bss            0x0000000020000028     0x3f6c load address 0x0000000008007190
                0x0000000020000028                _sbss = .
                0x0000000020000028                __bss_start__ = _sbss
 *(.bss)
 .bss           0x0000000020000028       0x1c C:/ST/STM32CubeIDE_1.14.1/STM32CubeIDE/plugins/com.st.stm32cube.ide.mcu.externaltools.gnu-tools-for-stm32.11.3.rel1.win32_1.1.100.202309141235/tools/bin/../lib/gcc/arm-none-eabi/11.3.1/thumb/v7e-m+dp/hard/crtbegin.o
 *(.bss*)
 .bss.hadc1     0x0000000020000044       0x48 ./Core/Src/main.o
                0x0000000020000044                hadc1
 .bss.hcan1     0x000000002000008c       0x28 ./Core/Src/main.o
                0x000000002000008c                hcan1
 .bss.hcan2     0x00000000200000b4       0x28 ./Core/Src/main.o
                0x00000000200000b4                hcan2
 .bss.htim1     0x00000000200000dc       0x4c ./Core/Src/main.o
                0x00000000200000dc                htim1
 .bss.buttonState
                0x0000000020000128        0x1 ./Core/Src/main.o
                0x0000000020000128                buttonState
 .bss.enableCar
                0x0000000020000129        0x1 ./Core/Src/main.o
                0x0000000020000129                enableCar
 *fill*         0x000000002000012a        0x2 
 .bss.buttonPressTime
                0x000000002000012c        0x4 ./Core/Src/main.o
                0x000000002000012c                buttonPressTime
 .bss.sConfig   0x0000000020000130       0x10 ./Core/Src/main.o
 .bss.max       0x0000000020000140        0x4 ./Core/Src/main.o
                0x0000000020000140                max
 .bss.min       0x0000000020000144        0x4 ./Core/Src/main.o
                0x0000000020000144                min
 .bss.maxIndex  0x0000000020000148        0x4 ./Core/Src/main.o
                0x0000000020000148                maxIndex
 .bss.minIndex  0x000000002000014c        0x4 ./Core/Src/main.o
                0x000000002000014c                minIndex
 .bss.adcBuffer
                0x0000000020000150       0x14 ./Core/Src/main.o
                0x0000000020000150                adcBuffer
 .bss.sum       0x0000000020000164        0x4 ./Core/Src/main.o
                0x0000000020000164                sum
 .bss.average   0x0000000020000168        0x4 ./Core/Src/main.o
                0x0000000020000168                average
 .bss.percentageDeviation
                0x000000002000016c        0x4 ./Core/Src/main.o
                0x000000002000016c                percentageDeviation
 .bss.primaryPotValue
                0x0000000020000170        0x4 ./Core/Src/main.o
 .bss.secondaryPotValue
                0x0000000020000174        0x4 ./Core/Src/main.o
 .bss.errorSet  0x0000000020000178        0x5 ./Core/Src/main.o
                0x0000000020000178                errorSet
 *fill*         0x000000002000017d        0x3 
 .bss.xReturned
                0x0000000020000180        0x4 ./Core/Src/main.o
                0x0000000020000180                xReturned
 .bss.task1Handle
                0x0000000020000184        0x4 ./Core/Src/main.o
                0x0000000020000184                task1Handle
 .bss.task2Handle
                0x0000000020000188        0x4 ./Core/Src/main.o
                0x0000000020000188                task2Handle
 .bss.task3Handle
                0x000000002000018c        0x4 ./Core/Src/main.o
                0x000000002000018c                task3Handle
 .bss.task4Handle
                0x0000000020000190        0x4 ./Core/Src/main.o
                0x0000000020000190                task4Handle
 .bss.task5Handle
                0x0000000020000194        0x4 ./Core/Src/main.o
                0x0000000020000194                task5Handle
 .bss.task6Handle
                0x0000000020000198        0x4 ./Core/Src/main.o
                0x0000000020000198                task6Handle
 .bss.HAL_RCC_CAN1_CLK_ENABLED
                0x000000002000019c        0x4 ./Core/Src/stm32f7xx_hal_msp.o
 .bss.htim2     0x00000000200001a0       0x4c ./Core/Src/stm32f7xx_hal_timebase_tim.o
                0x00000000200001a0                htim2
 .bss.uwTick    0x00000000200001ec        0x4 ./Drivers/STM32F7xx_HAL_Driver/Src/stm32f7xx_hal.o
                0x00000000200001ec                uwTick
 .bss.xQueueRegistry
                0x00000000200001f0       0x40 ./ThirdParty/FreeRTOS/queue.o
                0x00000000200001f0                xQueueRegistry
 .bss.pxCurrentTCB
                0x0000000020000230        0x4 ./ThirdParty/FreeRTOS/tasks.o
                0x0000000020000230                pxCurrentTCB
 .bss.pxReadyTasksLists
                0x0000000020000234       0x64 ./ThirdParty/FreeRTOS/tasks.o
 .bss.xDelayedTaskList1
                0x0000000020000298       0x14 ./ThirdParty/FreeRTOS/tasks.o
 .bss.xDelayedTaskList2
                0x00000000200002ac       0x14 ./ThirdParty/FreeRTOS/tasks.o
 .bss.pxDelayedTaskList
                0x00000000200002c0        0x4 ./ThirdParty/FreeRTOS/tasks.o
 .bss.pxOverflowDelayedTaskList
                0x00000000200002c4        0x4 ./ThirdParty/FreeRTOS/tasks.o
 .bss.xPendingReadyList
                0x00000000200002c8       0x14 ./ThirdParty/FreeRTOS/tasks.o
 .bss.xTasksWaitingTermination
                0x00000000200002dc       0x14 ./ThirdParty/FreeRTOS/tasks.o
 .bss.uxDeletedTasksWaitingCleanUp
                0x00000000200002f0        0x4 ./ThirdParty/FreeRTOS/tasks.o
 .bss.xSuspendedTaskList
                0x00000000200002f4       0x14 ./ThirdParty/FreeRTOS/tasks.o
 .bss.uxCurrentNumberOfTasks
                0x0000000020000308        0x4 ./ThirdParty/FreeRTOS/tasks.o
 .bss.xTickCount
                0x000000002000030c        0x4 ./ThirdParty/FreeRTOS/tasks.o
 .bss.uxTopReadyPriority
                0x0000000020000310        0x4 ./ThirdParty/FreeRTOS/tasks.o
 .bss.xSchedulerRunning
                0x0000000020000314        0x4 ./ThirdParty/FreeRTOS/tasks.o
 .bss.xPendedTicks
                0x0000000020000318        0x4 ./ThirdParty/FreeRTOS/tasks.o
 .bss.xYieldPending
                0x000000002000031c        0x4 ./ThirdParty/FreeRTOS/tasks.o
 .bss.xNumOfOverflows
                0x0000000020000320        0x4 ./ThirdParty/FreeRTOS/tasks.o
 .bss.uxTaskNumber
                0x0000000020000324        0x4 ./ThirdParty/FreeRTOS/tasks.o
 .bss.xNextTaskUnblockTime
                0x0000000020000328        0x4 ./ThirdParty/FreeRTOS/tasks.o
 .bss.xIdleTaskHandle
                0x000000002000032c        0x4 ./ThirdParty/FreeRTOS/tasks.o
 .bss.uxSchedulerSuspended
                0x0000000020000330        0x4 ./ThirdParty/FreeRTOS/tasks.o
 .bss.xActiveTimerList1
                0x0000000020000334       0x14 ./ThirdParty/FreeRTOS/timers.o
 .bss.xActiveTimerList2
                0x0000000020000348       0x14 ./ThirdParty/FreeRTOS/timers.o
 .bss.pxCurrentTimerList
                0x000000002000035c        0x4 ./ThirdParty/FreeRTOS/timers.o
 .bss.pxOverflowTimerList
                0x0000000020000360        0x4 ./ThirdParty/FreeRTOS/timers.o
 .bss.xTimerQueue
                0x0000000020000364        0x4 ./ThirdParty/FreeRTOS/timers.o
 .bss.xTimerTaskHandle
                0x0000000020000368        0x4 ./ThirdParty/FreeRTOS/timers.o
 .bss.xLastTime.0
                0x000000002000036c        0x4 ./ThirdParty/FreeRTOS/timers.o
 .bss.ucMaxSysCallPriority
                0x0000000020000370        0x1 ./ThirdParty/FreeRTOS/portable/GCC/ARM_CM7/r0p1/port.o
 *fill*         0x0000000020000371        0x3 
 .bss.ulMaxPRIGROUPValue
                0x0000000020000374        0x4 ./ThirdParty/FreeRTOS/portable/GCC/ARM_CM7/r0p1/port.o
 .bss.ucHeap    0x0000000020000378     0x3c00 ./ThirdParty/FreeRTOS/portable/MemMang/heap_4.o
 .bss.xStart    0x0000000020003f78        0x8 ./ThirdParty/FreeRTOS/portable/MemMang/heap_4.o
 .bss.pxEnd     0x0000000020003f80        0x4 ./ThirdParty/FreeRTOS/portable/MemMang/heap_4.o
 .bss.xFreeBytesRemaining
                0x0000000020003f84        0x4 ./ThirdParty/FreeRTOS/portable/MemMang/heap_4.o
 .bss.xMinimumEverFreeBytesRemaining
                0x0000000020003f88        0x4 ./ThirdParty/FreeRTOS/portable/MemMang/heap_4.o
 .bss.xNumberOfSuccessfulAllocations
                0x0000000020003f8c        0x4 ./ThirdParty/FreeRTOS/portable/MemMang/heap_4.o
 .bss.xNumberOfSuccessfulFrees
                0x0000000020003f90        0x4 ./ThirdParty/FreeRTOS/portable/MemMang/heap_4.o
 *(COMMON)
                0x0000000020003f94                . = ALIGN (0x4)
                0x0000000020003f94                _ebss = .
                0x0000000020003f94                __bss_end__ = _ebss

._user_heap_stack
                0x0000000020003f94      0x604 load address 0x0000000008007190
                0x0000000020003f98                . = ALIGN (0x8)
 *fill*         0x0000000020003f94        0x4 
                0x0000000020003f98                PROVIDE (end = .)
                [!provide]                        PROVIDE (_end = .)
                0x0000000020004198                . = (. + _Min_Heap_Size)
 *fill*         0x0000000020003f98      0x200 
                0x0000000020004598                . = (. + _Min_Stack_Size)
 *fill*         0x0000000020004198      0x400 
                0x0000000020004598                . = ALIGN (0x8)

/DISCARD/
 libc.a(*)
 libm.a(*)
 libgcc.a(*)

.ARM.attributes
                0x0000000000000000       0x2e
 *(.ARM.attributes)
 .ARM.attributes
                0x0000000000000000       0x1e C:/ST/STM32CubeIDE_1.14.1/STM32CubeIDE/plugins/com.st.stm32cube.ide.mcu.externaltools.gnu-tools-for-stm32.11.3.rel1.win32_1.1.100.202309141235/tools/bin/../lib/gcc/arm-none-eabi/11.3.1/thumb/v7e-m+dp/hard/crti.o
 .ARM.attributes
                0x000000000000001e       0x32 C:/ST/STM32CubeIDE_1.14.1/STM32CubeIDE/plugins/com.st.stm32cube.ide.mcu.externaltools.gnu-tools-for-stm32.11.3.rel1.win32_1.1.100.202309141235/tools/bin/../lib/gcc/arm-none-eabi/11.3.1/thumb/v7e-m+dp/hard/crtbegin.o
 .ARM.attributes
                0x0000000000000050       0x32 ./Core/Src/CAN.o
 .ARM.attributes
                0x0000000000000082       0x32 ./Core/Src/_do_quasar_canopen.o
 .ARM.attributes
                0x00000000000000b4       0x32 ./Core/Src/main.o
 .ARM.attributes
                0x00000000000000e6       0x32 ./Core/Src/stm32f7xx_hal_msp.o
 .ARM.attributes
                0x0000000000000118       0x32 ./Core/Src/stm32f7xx_hal_timebase_tim.o
 .ARM.attributes
                0x000000000000014a       0x32 ./Core/Src/stm32f7xx_it.o
 .ARM.attributes
                0x000000000000017c       0x32 ./Core/Src/system_stm32f7xx.o
 .ARM.attributes
                0x00000000000001ae       0x21 ./Core/Startup/startup_stm32f767zitx.o
 .ARM.attributes
                0x00000000000001cf       0x32 ./Drivers/STM32F7xx_HAL_Driver/Src/stm32f7xx_hal.o
 .ARM.attributes
                0x0000000000000201       0x32 ./Drivers/STM32F7xx_HAL_Driver/Src/stm32f7xx_hal_adc.o
 .ARM.attributes
                0x0000000000000233       0x32 ./Drivers/STM32F7xx_HAL_Driver/Src/stm32f7xx_hal_can.o
 .ARM.attributes
                0x0000000000000265       0x32 ./Drivers/STM32F7xx_HAL_Driver/Src/stm32f7xx_hal_cortex.o
 .ARM.attributes
                0x0000000000000297       0x32 ./Drivers/STM32F7xx_HAL_Driver/Src/stm32f7xx_hal_gpio.o
 .ARM.attributes
                0x00000000000002c9       0x32 ./Drivers/STM32F7xx_HAL_Driver/Src/stm32f7xx_hal_rcc.o
 .ARM.attributes
                0x00000000000002fb       0x32 ./Drivers/STM32F7xx_HAL_Driver/Src/stm32f7xx_hal_tim.o
 .ARM.attributes
                0x000000000000032d       0x32 ./Drivers/STM32F7xx_HAL_Driver/Src/stm32f7xx_hal_tim_ex.o
 .ARM.attributes
                0x000000000000035f       0x32 ./ThirdParty/FreeRTOS/list.o
 .ARM.attributes
                0x0000000000000391       0x32 ./ThirdParty/FreeRTOS/queue.o
 .ARM.attributes
                0x00000000000003c3       0x32 ./ThirdParty/FreeRTOS/tasks.o
 .ARM.attributes
                0x00000000000003f5       0x32 ./ThirdParty/FreeRTOS/timers.o
 .ARM.attributes
                0x0000000000000427       0x32 ./ThirdParty/FreeRTOS/portable/GCC/ARM_CM7/r0p1/port.o
 .ARM.attributes
                0x0000000000000459       0x32 ./ThirdParty/FreeRTOS/portable/MemMang/heap_4.o
 .ARM.attributes
                0x000000000000048b       0x32 C:/ST/STM32CubeIDE_1.14.1/STM32CubeIDE/plugins/com.st.stm32cube.ide.mcu.externaltools.gnu-tools-for-stm32.11.3.rel1.win32_1.1.100.202309141235/tools/bin/../lib/gcc/arm-none-eabi/11.3.1/../../../../arm-none-eabi/lib/thumb/v7e-m+dp/hard\libc_nano.a(libc_a-memset.o)
 .ARM.attributes
                0x00000000000004bd       0x32 C:/ST/STM32CubeIDE_1.14.1/STM32CubeIDE/plugins/com.st.stm32cube.ide.mcu.externaltools.gnu-tools-for-stm32.11.3.rel1.win32_1.1.100.202309141235/tools/bin/../lib/gcc/arm-none-eabi/11.3.1/../../../../arm-none-eabi/lib/thumb/v7e-m+dp/hard\libc_nano.a(libc_a-init.o)
 .ARM.attributes
                0x00000000000004ef       0x32 C:/ST/STM32CubeIDE_1.14.1/STM32CubeIDE/plugins/com.st.stm32cube.ide.mcu.externaltools.gnu-tools-for-stm32.11.3.rel1.win32_1.1.100.202309141235/tools/bin/../lib/gcc/arm-none-eabi/11.3.1/../../../../arm-none-eabi/lib/thumb/v7e-m+dp/hard\libc_nano.a(libc_a-memcpy-stub.o)
 .ARM.attributes
                0x0000000000000521       0x1e C:/ST/STM32CubeIDE_1.14.1/STM32CubeIDE/plugins/com.st.stm32cube.ide.mcu.externaltools.gnu-tools-for-stm32.11.3.rel1.win32_1.1.100.202309141235/tools/bin/../lib/gcc/arm-none-eabi/11.3.1/thumb/v7e-m+dp/hard\libgcc.a(_aeabi_uldivmod.o)
 .ARM.attributes
                0x000000000000053f       0x32 C:/ST/STM32CubeIDE_1.14.1/STM32CubeIDE/plugins/com.st.stm32cube.ide.mcu.externaltools.gnu-tools-for-stm32.11.3.rel1.win32_1.1.100.202309141235/tools/bin/../lib/gcc/arm-none-eabi/11.3.1/thumb/v7e-m+dp/hard\libgcc.a(_udivmoddi4.o)
 .ARM.attributes
                0x0000000000000571       0x1e C:/ST/STM32CubeIDE_1.14.1/STM32CubeIDE/plugins/com.st.stm32cube.ide.mcu.externaltools.gnu-tools-for-stm32.11.3.rel1.win32_1.1.100.202309141235/tools/bin/../lib/gcc/arm-none-eabi/11.3.1/thumb/v7e-m+dp/hard\libgcc.a(_dvmd_tls.o)
 .ARM.attributes
                0x000000000000058f       0x1e C:/ST/STM32CubeIDE_1.14.1/STM32CubeIDE/plugins/com.st.stm32cube.ide.mcu.externaltools.gnu-tools-for-stm32.11.3.rel1.win32_1.1.100.202309141235/tools/bin/../lib/gcc/arm-none-eabi/11.3.1/thumb/v7e-m+dp/hard/crtn.o
OUTPUT(2024 LTU FE Vehicle Control Unit Firmware.elf elf32-littlearm)
LOAD linker stubs
LOAD C:/ST/STM32CubeIDE_1.14.1/STM32CubeIDE/plugins/com.st.stm32cube.ide.mcu.externaltools.gnu-tools-for-stm32.11.3.rel1.win32_1.1.100.202309141235/tools/bin/../lib/gcc/arm-none-eabi/11.3.1/../../../../arm-none-eabi/lib/thumb/v7e-m+dp/hard\libc.a
LOAD C:/ST/STM32CubeIDE_1.14.1/STM32CubeIDE/plugins/com.st.stm32cube.ide.mcu.externaltools.gnu-tools-for-stm32.11.3.rel1.win32_1.1.100.202309141235/tools/bin/../lib/gcc/arm-none-eabi/11.3.1/../../../../arm-none-eabi/lib/thumb/v7e-m+dp/hard\libm.a
LOAD C:/ST/STM32CubeIDE_1.14.1/STM32CubeIDE/plugins/com.st.stm32cube.ide.mcu.externaltools.gnu-tools-for-stm32.11.3.rel1.win32_1.1.100.202309141235/tools/bin/../lib/gcc/arm-none-eabi/11.3.1/thumb/v7e-m+dp/hard\libgcc.a

.comment        0x0000000000000000       0x43
 .comment       0x0000000000000000       0x43 C:/ST/STM32CubeIDE_1.14.1/STM32CubeIDE/plugins/com.st.stm32cube.ide.mcu.externaltools.gnu-tools-for-stm32.11.3.rel1.win32_1.1.100.202309141235/tools/bin/../lib/gcc/arm-none-eabi/11.3.1/thumb/v7e-m+dp/hard/crtbegin.o
                                         0x44 (size before relaxing)
 .comment       0x0000000000000043       0x44 ./Core/Src/CAN.o
 .comment       0x0000000000000043       0x44 ./Core/Src/_do_quasar_canopen.o
 .comment       0x0000000000000043       0x44 ./Core/Src/main.o
 .comment       0x0000000000000043       0x44 ./Core/Src/stm32f7xx_hal_msp.o
 .comment       0x0000000000000043       0x44 ./Core/Src/stm32f7xx_hal_timebase_tim.o
 .comment       0x0000000000000043       0x44 ./Core/Src/stm32f7xx_it.o
 .comment       0x0000000000000043       0x44 ./Core/Src/system_stm32f7xx.o
 .comment       0x0000000000000043       0x44 ./Drivers/STM32F7xx_HAL_Driver/Src/stm32f7xx_hal.o
 .comment       0x0000000000000043       0x44 ./Drivers/STM32F7xx_HAL_Driver/Src/stm32f7xx_hal_adc.o
 .comment       0x0000000000000043       0x44 ./Drivers/STM32F7xx_HAL_Driver/Src/stm32f7xx_hal_can.o
 .comment       0x0000000000000043       0x44 ./Drivers/STM32F7xx_HAL_Driver/Src/stm32f7xx_hal_cortex.o
 .comment       0x0000000000000043       0x44 ./Drivers/STM32F7xx_HAL_Driver/Src/stm32f7xx_hal_gpio.o
 .comment       0x0000000000000043       0x44 ./Drivers/STM32F7xx_HAL_Driver/Src/stm32f7xx_hal_rcc.o
 .comment       0x0000000000000043       0x44 ./Drivers/STM32F7xx_HAL_Driver/Src/stm32f7xx_hal_tim.o
 .comment       0x0000000000000043       0x44 ./Drivers/STM32F7xx_HAL_Driver/Src/stm32f7xx_hal_tim_ex.o
 .comment       0x0000000000000043       0x44 ./ThirdParty/FreeRTOS/list.o
 .comment       0x0000000000000043       0x44 ./ThirdParty/FreeRTOS/queue.o
 .comment       0x0000000000000043       0x44 ./ThirdParty/FreeRTOS/tasks.o
 .comment       0x0000000000000043       0x44 ./ThirdParty/FreeRTOS/timers.o
 .comment       0x0000000000000043       0x44 ./ThirdParty/FreeRTOS/portable/GCC/ARM_CM7/r0p1/port.o
 .comment       0x0000000000000043       0x44 ./ThirdParty/FreeRTOS/portable/MemMang/heap_4.o

.debug_info     0x0000000000000000    0x146f0
 .debug_info    0x0000000000000000      0x8b6 ./Core/Src/CAN.o
 .debug_info    0x00000000000008b6     0x11cb ./Core/Src/_do_quasar_canopen.o
 .debug_info    0x0000000000001a81     0x22be ./Core/Src/main.o
 .debug_info    0x0000000000003d3f     0x150c ./Core/Src/stm32f7xx_hal_msp.o
 .debug_info    0x000000000000524b      0xd1d ./Core/Src/stm32f7xx_hal_timebase_tim.o
 .debug_info    0x0000000000005f68      0x724 ./Core/Src/stm32f7xx_it.o
 .debug_info    0x000000000000668c      0x6ed ./Core/Src/system_stm32f7xx.o
 .debug_info    0x0000000000006d79       0x23 ./Core/Startup/startup_stm32f767zitx.o
 .debug_info    0x0000000000006d9c      0xa4c ./Drivers/STM32F7xx_HAL_Driver/Src/stm32f7xx_hal.o
 .debug_info    0x00000000000077e8      0xc83 ./Drivers/STM32F7xx_HAL_Driver/Src/stm32f7xx_hal_adc.o
 .debug_info    0x000000000000846b      0xf20 ./Drivers/STM32F7xx_HAL_Driver/Src/stm32f7xx_hal_can.o
 .debug_info    0x000000000000938b      0xf8b ./Drivers/STM32F7xx_HAL_Driver/Src/stm32f7xx_hal_cortex.o
 .debug_info    0x000000000000a316      0x6f3 ./Drivers/STM32F7xx_HAL_Driver/Src/stm32f7xx_hal_gpio.o
 .debug_info    0x000000000000aa09      0x937 ./Drivers/STM32F7xx_HAL_Driver/Src/stm32f7xx_hal_rcc.o
 .debug_info    0x000000000000b340     0x2ab2 ./Drivers/STM32F7xx_HAL_Driver/Src/stm32f7xx_hal_tim.o
 .debug_info    0x000000000000ddf2     0x16bb ./Drivers/STM32F7xx_HAL_Driver/Src/stm32f7xx_hal_tim_ex.o
 .debug_info    0x000000000000f4ad      0x2af ./ThirdParty/FreeRTOS/list.o
 .debug_info    0x000000000000f75c     0x17ad ./ThirdParty/FreeRTOS/queue.o
 .debug_info    0x0000000000010f09     0x206c ./ThirdParty/FreeRTOS/tasks.o
 .debug_info    0x0000000000012f75      0xdb3 ./ThirdParty/FreeRTOS/timers.o
 .debug_info    0x0000000000013d28      0x4a7 ./ThirdParty/FreeRTOS/portable/GCC/ARM_CM7/r0p1/port.o
 .debug_info    0x00000000000141cf      0x521 ./ThirdParty/FreeRTOS/portable/MemMang/heap_4.o

.debug_abbrev   0x0000000000000000     0x3125
 .debug_abbrev  0x0000000000000000      0x1db ./Core/Src/CAN.o
 .debug_abbrev  0x00000000000001db      0x14f ./Core/Src/_do_quasar_canopen.o
 .debug_abbrev  0x000000000000032a      0x477 ./Core/Src/main.o
 .debug_abbrev  0x00000000000007a1      0x249 ./Core/Src/stm32f7xx_hal_msp.o
 .debug_abbrev  0x00000000000009ea      0x1f4 ./Core/Src/stm32f7xx_hal_timebase_tim.o
 .debug_abbrev  0x0000000000000bde      0x181 ./Core/Src/stm32f7xx_it.o
 .debug_abbrev  0x0000000000000d5f      0x13b ./Core/Src/system_stm32f7xx.o
 .debug_abbrev  0x0000000000000e9a       0x12 ./Core/Startup/startup_stm32f767zitx.o
 .debug_abbrev  0x0000000000000eac      0x213 ./Drivers/STM32F7xx_HAL_Driver/Src/stm32f7xx_hal.o
 .debug_abbrev  0x00000000000010bf      0x252 ./Drivers/STM32F7xx_HAL_Driver/Src/stm32f7xx_hal_adc.o
 .debug_abbrev  0x0000000000001311      0x252 ./Drivers/STM32F7xx_HAL_Driver/Src/stm32f7xx_hal_can.o
 .debug_abbrev  0x0000000000001563      0x329 ./Drivers/STM32F7xx_HAL_Driver/Src/stm32f7xx_hal_cortex.o
 .debug_abbrev  0x000000000000188c      0x1d4 ./Drivers/STM32F7xx_HAL_Driver/Src/stm32f7xx_hal_gpio.o
 .debug_abbrev  0x0000000000001a60      0x2de ./Drivers/STM32F7xx_HAL_Driver/Src/stm32f7xx_hal_rcc.o
 .debug_abbrev  0x0000000000001d3e      0x278 ./Drivers/STM32F7xx_HAL_Driver/Src/stm32f7xx_hal_tim.o
 .debug_abbrev  0x0000000000001fb6      0x283 ./Drivers/STM32F7xx_HAL_Driver/Src/stm32f7xx_hal_tim_ex.o
 .debug_abbrev  0x0000000000002239       0xf5 ./ThirdParty/FreeRTOS/list.o
 .debug_abbrev  0x000000000000232e      0x323 ./ThirdParty/FreeRTOS/queue.o
 .debug_abbrev  0x0000000000002651      0x376 ./ThirdParty/FreeRTOS/tasks.o
 .debug_abbrev  0x00000000000029c7      0x2b0 ./ThirdParty/FreeRTOS/timers.o
 .debug_abbrev  0x0000000000002c77      0x258 ./ThirdParty/FreeRTOS/portable/GCC/ARM_CM7/r0p1/port.o
 .debug_abbrev  0x0000000000002ecf      0x256 ./ThirdParty/FreeRTOS/portable/MemMang/heap_4.o

.debug_aranges  0x0000000000000000     0x12d0
 .debug_aranges
                0x0000000000000000       0x38 ./Core/Src/CAN.o
 .debug_aranges
                0x0000000000000038      0x118 ./Core/Src/_do_quasar_canopen.o
 .debug_aranges
                0x0000000000000150       0xf8 ./Core/Src/main.o
 .debug_aranges
                0x0000000000000248       0x50 ./Core/Src/stm32f7xx_hal_msp.o
 .debug_aranges
                0x0000000000000298       0x30 ./Core/Src/stm32f7xx_hal_timebase_tim.o
 .debug_aranges
                0x00000000000002c8       0x58 ./Core/Src/stm32f7xx_it.o
 .debug_aranges
                0x0000000000000320       0x28 ./Core/Src/system_stm32f7xx.o
 .debug_aranges
                0x0000000000000348       0x28 ./Core/Startup/startup_stm32f767zitx.o
 .debug_aranges
                0x0000000000000370      0x110 ./Drivers/STM32F7xx_HAL_Driver/Src/stm32f7xx_hal.o
 .debug_aranges
                0x0000000000000480       0xe8 ./Drivers/STM32F7xx_HAL_Driver/Src/stm32f7xx_hal_adc.o
 .debug_aranges
                0x0000000000000568      0x138 ./Drivers/STM32F7xx_HAL_Driver/Src/stm32f7xx_hal_can.o
 .debug_aranges
                0x00000000000006a0      0x118 ./Drivers/STM32F7xx_HAL_Driver/Src/stm32f7xx_hal_cortex.o
 .debug_aranges
                0x00000000000007b8       0x58 ./Drivers/STM32F7xx_HAL_Driver/Src/stm32f7xx_hal_gpio.o
 .debug_aranges
                0x0000000000000810       0x88 ./Drivers/STM32F7xx_HAL_Driver/Src/stm32f7xx_hal_rcc.o
 .debug_aranges
                0x0000000000000898      0x3e0 ./Drivers/STM32F7xx_HAL_Driver/Src/stm32f7xx_hal_tim.o
 .debug_aranges
                0x0000000000000c78      0x180 ./Drivers/STM32F7xx_HAL_Driver/Src/stm32f7xx_hal_tim_ex.o
 .debug_aranges
                0x0000000000000df8       0x40 ./ThirdParty/FreeRTOS/list.o
 .debug_aranges
                0x0000000000000e38      0x118 ./ThirdParty/FreeRTOS/queue.o
 .debug_aranges
                0x0000000000000f50      0x1c8 ./ThirdParty/FreeRTOS/tasks.o
 .debug_aranges
                0x0000000000001118       0xd8 ./ThirdParty/FreeRTOS/timers.o
 .debug_aranges
                0x00000000000011f0       0x80 ./ThirdParty/FreeRTOS/portable/GCC/ARM_CM7/r0p1/port.o
 .debug_aranges
                0x0000000000001270       0x60 ./ThirdParty/FreeRTOS/portable/MemMang/heap_4.o

.debug_rnglists
                0x0000000000000000      0xe89
 .debug_rnglists
                0x0000000000000000       0x28 ./Core/Src/CAN.o
 .debug_rnglists
                0x0000000000000028       0xe3 ./Core/Src/_do_quasar_canopen.o
 .debug_rnglists
                0x000000000000010b       0xbe ./Core/Src/main.o
 .debug_rnglists
                0x00000000000001c9       0x3a ./Core/Src/stm32f7xx_hal_msp.o
 .debug_rnglists
                0x0000000000000203       0x20 ./Core/Src/stm32f7xx_hal_timebase_tim.o
 .debug_rnglists
                0x0000000000000223       0x3d ./Core/Src/stm32f7xx_it.o
 .debug_rnglists
                0x0000000000000260       0x1a ./Core/Src/system_stm32f7xx.o
 .debug_rnglists
                0x000000000000027a       0x19 ./Core/Startup/startup_stm32f767zitx.o
 .debug_rnglists
                0x0000000000000293       0xc7 ./Drivers/STM32F7xx_HAL_Driver/Src/stm32f7xx_hal.o
 .debug_rnglists
                0x000000000000035a       0xb5 ./Drivers/STM32F7xx_HAL_Driver/Src/stm32f7xx_hal_adc.o
 .debug_rnglists
                0x000000000000040f       0xee ./Drivers/STM32F7xx_HAL_Driver/Src/stm32f7xx_hal_can.o
 .debug_rnglists
                0x00000000000004fd       0xce ./Drivers/STM32F7xx_HAL_Driver/Src/stm32f7xx_hal_cortex.o
 .debug_rnglists
                0x00000000000005cb       0x3f ./Drivers/STM32F7xx_HAL_Driver/Src/stm32f7xx_hal_gpio.o
 .debug_rnglists
                0x000000000000060a       0x67 ./Drivers/STM32F7xx_HAL_Driver/Src/stm32f7xx_hal_rcc.o
 .debug_rnglists
                0x0000000000000671      0x328 ./Drivers/STM32F7xx_HAL_Driver/Src/stm32f7xx_hal_tim.o
 .debug_rnglists
                0x0000000000000999      0x138 ./Drivers/STM32F7xx_HAL_Driver/Src/stm32f7xx_hal_tim_ex.o
 .debug_rnglists
                0x0000000000000ad1       0x2b ./ThirdParty/FreeRTOS/list.o
 .debug_rnglists
                0x0000000000000afc       0xda ./ThirdParty/FreeRTOS/queue.o
 .debug_rnglists
                0x0000000000000bd6      0x16d ./ThirdParty/FreeRTOS/tasks.o
 .debug_rnglists
                0x0000000000000d43       0xa1 ./ThirdParty/FreeRTOS/timers.o
 .debug_rnglists
                0x0000000000000de4       0x5d ./ThirdParty/FreeRTOS/portable/GCC/ARM_CM7/r0p1/port.o
 .debug_rnglists
                0x0000000000000e41       0x48 ./ThirdParty/FreeRTOS/portable/MemMang/heap_4.o

.debug_macro    0x0000000000000000    0x291ab
 .debug_macro   0x0000000000000000      0x20f ./Core/Src/CAN.o
 .debug_macro   0x000000000000020f      0xac0 ./Core/Src/CAN.o
 .debug_macro   0x0000000000000ccf      0x299 ./Core/Src/CAN.o
 .debug_macro   0x0000000000000f68       0x2e ./Core/Src/CAN.o
 .debug_macro   0x0000000000000f96       0x3b ./Core/Src/CAN.o
 .debug_macro   0x0000000000000fd1       0x22 ./Core/Src/CAN.o
 .debug_macro   0x0000000000000ff3       0x8e ./Core/Src/CAN.o
 .debug_macro   0x0000000000001081       0x51 ./Core/Src/CAN.o
 .debug_macro   0x00000000000010d2      0x103 ./Core/Src/CAN.o
 .debug_macro   0x00000000000011d5       0x6a ./Core/Src/CAN.o
 .debug_macro   0x000000000000123f      0x1df ./Core/Src/CAN.o
 .debug_macro   0x000000000000141e       0x1c ./Core/Src/CAN.o
 .debug_macro   0x000000000000143a       0x22 ./Core/Src/CAN.o
 .debug_macro   0x000000000000145c       0xd9 ./Core/Src/CAN.o
 .debug_macro   0x0000000000001535     0x12cd ./Core/Src/CAN.o
 .debug_macro   0x0000000000002802      0x11f ./Core/Src/CAN.o
 .debug_macro   0x0000000000002921       0x19 ./Core/Src/CAN.o
 .debug_macro   0x000000000000293a    0x1aa0d ./Core/Src/CAN.o
 .debug_macro   0x000000000001d347       0x6d ./Core/Src/CAN.o
 .debug_macro   0x000000000001d3b4     0x3749 ./Core/Src/CAN.o
 .debug_macro   0x0000000000020afd      0x174 ./Core/Src/CAN.o
 .debug_macro   0x0000000000020c71       0x63 ./Core/Src/CAN.o
 .debug_macro   0x0000000000020cd4     0x1add ./Core/Src/CAN.o
 .debug_macro   0x00000000000227b1      0x6c4 ./Core/Src/CAN.o
 .debug_macro   0x0000000000022e75      0x18b ./Core/Src/CAN.o
 .debug_macro   0x0000000000023000      0x115 ./Core/Src/CAN.o
 .debug_macro   0x0000000000023115      0x26e ./Core/Src/CAN.o
 .debug_macro   0x0000000000023383       0xa5 ./Core/Src/CAN.o
 .debug_macro   0x0000000000023428      0x24f ./Core/Src/CAN.o
 .debug_macro   0x0000000000023677       0x71 ./Core/Src/CAN.o
 .debug_macro   0x00000000000236e8       0x58 ./Core/Src/CAN.o
 .debug_macro   0x0000000000023740      0x236 ./Core/Src/CAN.o
 .debug_macro   0x0000000000023976      0x416 ./Core/Src/CAN.o
 .debug_macro   0x0000000000023d8c      0x153 ./Core/Src/CAN.o
 .debug_macro   0x0000000000023edf      0x107 ./Core/Src/CAN.o
 .debug_macro   0x0000000000023fe6      0x40f ./Core/Src/CAN.o
 .debug_macro   0x00000000000243f5      0x14e ./Core/Src/CAN.o
 .debug_macro   0x0000000000024543      0x3db ./Core/Src/CAN.o
 .debug_macro   0x000000000002491e       0x12 ./Core/Src/CAN.o
 .debug_macro   0x0000000000024930      0x22c ./Core/Src/CAN.o
 .debug_macro   0x0000000000024b5c       0x61 ./Core/Src/CAN.o
 .debug_macro   0x0000000000024bbd       0xa5 ./Core/Src/CAN.o
 .debug_macro   0x0000000000024c62      0x12e ./Core/Src/CAN.o
 .debug_macro   0x0000000000024d90      0x108 ./Core/Src/CAN.o
 .debug_macro   0x0000000000024e98       0x35 ./Core/Src/CAN.o
 .debug_macro   0x0000000000024ecd      0xa8a ./Core/Src/CAN.o
 .debug_macro   0x0000000000025957       0xa9 ./Core/Src/CAN.o
 .debug_macro   0x0000000000025a00      0x15b ./Core/Src/CAN.o
 .debug_macro   0x0000000000025b5b      0x37d ./Core/Src/CAN.o
 .debug_macro   0x0000000000025ed8       0x6c ./Core/Src/_do_quasar_canopen.o
 .debug_macro   0x0000000000025f44      0x2aa ./Core/Src/main.o
 .debug_macro   0x00000000000261ee      0x112 ./Core/Src/main.o
 .debug_macro   0x0000000000026300      0x15a ./Core/Src/main.o
 .debug_macro   0x000000000002645a       0xea ./Core/Src/main.o
 .debug_macro   0x0000000000026544       0x28 ./Core/Src/main.o
 .debug_macro   0x000000000002656c       0x1f ./Core/Src/main.o
 .debug_macro   0x000000000002658b       0x12 ./Core/Src/main.o
 .debug_macro   0x000000000002659d      0x51f ./Core/Src/main.o
 .debug_macro   0x0000000000026abc       0xc3 ./Core/Src/main.o
 .debug_macro   0x0000000000026b7f      0x120 ./Core/Src/main.o
 .debug_macro   0x0000000000026c9f      0x1fc ./Core/Src/stm32f7xx_hal_msp.o
 .debug_macro   0x0000000000026e9b      0x1f2 ./Core/Src/stm32f7xx_hal_timebase_tim.o
 .debug_macro   0x000000000002708d      0x206 ./Core/Src/stm32f7xx_it.o
 .debug_macro   0x0000000000027293      0x1f2 ./Core/Src/system_stm32f7xx.o
 .debug_macro   0x0000000000027485      0x216 ./Drivers/STM32F7xx_HAL_Driver/Src/stm32f7xx_hal.o
 .debug_macro   0x000000000002769b      0x1f3 ./Drivers/STM32F7xx_HAL_Driver/Src/stm32f7xx_hal_adc.o
 .debug_macro   0x000000000002788e      0x1fa ./Drivers/STM32F7xx_HAL_Driver/Src/stm32f7xx_hal_can.o
 .debug_macro   0x0000000000027a88      0x1f2 ./Drivers/STM32F7xx_HAL_Driver/Src/stm32f7xx_hal_cortex.o
 .debug_macro   0x0000000000027c7a      0x1f8 ./Drivers/STM32F7xx_HAL_Driver/Src/stm32f7xx_hal_gpio.o
 .debug_macro   0x0000000000027e72      0x216 ./Drivers/STM32F7xx_HAL_Driver/Src/stm32f7xx_hal_rcc.o
 .debug_macro   0x0000000000028088      0x1f3 ./Drivers/STM32F7xx_HAL_Driver/Src/stm32f7xx_hal_tim.o
 .debug_macro   0x000000000002827b      0x1f2 ./Drivers/STM32F7xx_HAL_Driver/Src/stm32f7xx_hal_tim_ex.o
 .debug_macro   0x000000000002846d      0x198 ./ThirdParty/FreeRTOS/list.o
 .debug_macro   0x0000000000028605      0x22f ./ThirdParty/FreeRTOS/queue.o
 .debug_macro   0x0000000000028834       0x16 ./ThirdParty/FreeRTOS/queue.o
 .debug_macro   0x000000000002884a       0x20 ./ThirdParty/FreeRTOS/queue.o
 .debug_macro   0x000000000002886a       0x80 ./ThirdParty/FreeRTOS/queue.o
 .debug_macro   0x00000000000288ea      0x27e ./ThirdParty/FreeRTOS/tasks.o
 .debug_macro   0x0000000000028b68       0x17 ./ThirdParty/FreeRTOS/tasks.o
 .debug_macro   0x0000000000028b7f      0x1e7 ./ThirdParty/FreeRTOS/timers.o
 .debug_macro   0x0000000000028d66       0x97 ./ThirdParty/FreeRTOS/timers.o
 .debug_macro   0x0000000000028dfd      0x195 ./ThirdParty/FreeRTOS/portable/GCC/ARM_CM7/r0p1/port.o
 .debug_macro   0x0000000000028f92      0x219 ./ThirdParty/FreeRTOS/portable/MemMang/heap_4.o

.debug_line     0x0000000000000000    0x15e3a
 .debug_line    0x0000000000000000      0x8c9 ./Core/Src/CAN.o
 .debug_line    0x00000000000008c9     0x11b1 ./Core/Src/_do_quasar_canopen.o
 .debug_line    0x0000000000001a7a     0x11b1 ./Core/Src/main.o
 .debug_line    0x0000000000002c2b      0x8bc ./Core/Src/stm32f7xx_hal_msp.o
 .debug_line    0x00000000000034e7      0x80a ./Core/Src/stm32f7xx_hal_timebase_tim.o
 .debug_line    0x0000000000003cf1      0x843 ./Core/Src/stm32f7xx_it.o
 .debug_line    0x0000000000004534      0x80e ./Core/Src/system_stm32f7xx.o
 .debug_line    0x0000000000004d42       0x7a ./Core/Startup/startup_stm32f767zitx.o
 .debug_line    0x0000000000004dbc      0xacf ./Drivers/STM32F7xx_HAL_Driver/Src/stm32f7xx_hal.o
 .debug_line    0x000000000000588b     0x12cb ./Drivers/STM32F7xx_HAL_Driver/Src/stm32f7xx_hal_adc.o
 .debug_line    0x0000000000006b56     0x11e6 ./Drivers/STM32F7xx_HAL_Driver/Src/stm32f7xx_hal_can.o
 .debug_line    0x0000000000007d3c      0xd25 ./Drivers/STM32F7xx_HAL_Driver/Src/stm32f7xx_hal_cortex.o
 .debug_line    0x0000000000008a61      0xc13 ./Drivers/STM32F7xx_HAL_Driver/Src/stm32f7xx_hal_gpio.o
 .debug_line    0x0000000000009674      0xf0c ./Drivers/STM32F7xx_HAL_Driver/Src/stm32f7xx_hal_rcc.o
 .debug_line    0x000000000000a580     0x3d24 ./Drivers/STM32F7xx_HAL_Driver/Src/stm32f7xx_hal_tim.o
 .debug_line    0x000000000000e2a4     0x1c86 ./Drivers/STM32F7xx_HAL_Driver/Src/stm32f7xx_hal_tim_ex.o
 .debug_line    0x000000000000ff2a      0x895 ./ThirdParty/FreeRTOS/list.o
 .debug_line    0x00000000000107bf     0x17aa ./ThirdParty/FreeRTOS/queue.o
 .debug_line    0x0000000000011f69     0x1cbf ./ThirdParty/FreeRTOS/tasks.o
 .debug_line    0x0000000000013c28      0xd9f ./ThirdParty/FreeRTOS/timers.o
 .debug_line    0x00000000000149c7      0x955 ./ThirdParty/FreeRTOS/portable/GCC/ARM_CM7/r0p1/port.o
 .debug_line    0x000000000001531c      0xb1e ./ThirdParty/FreeRTOS/portable/MemMang/heap_4.o

.debug_str      0x0000000000000000   0x108817
 .debug_str     0x0000000000000000    0xf76d7 ./Core/Src/CAN.o
                                      0xf7df9 (size before relaxing)
 .debug_str     0x00000000000f76d7      0xc7a ./Core/Src/_do_quasar_canopen.o
                                       0x6103 (size before relaxing)
 .debug_str     0x00000000000f8351     0x6472 ./Core/Src/main.o
                                      0xfe12f (size before relaxing)
 .debug_str     0x00000000000fe7c3      0x749 ./Core/Src/stm32f7xx_hal_msp.o
                                      0xf7504 (size before relaxing)
 .debug_str     0x00000000000fef0c       0xf5 ./Core/Src/stm32f7xx_hal_timebase_tim.o
                                      0xf7175 (size before relaxing)
 .debug_str     0x00000000000ff001       0xc8 ./Core/Src/stm32f7xx_it.o
                                      0xf6926 (size before relaxing)
 .debug_str     0x00000000000ff0c9      0x1a4 ./Core/Src/system_stm32f7xx.o
                                      0xf65b4 (size before relaxing)
 .debug_str     0x00000000000ff26d       0x34 ./Core/Startup/startup_stm32f767zitx.o
                                         0x9f (size before relaxing)
 .debug_str     0x00000000000ff2a1      0x401 ./Drivers/STM32F7xx_HAL_Driver/Src/stm32f7xx_hal.o
                                      0xf6ff4 (size before relaxing)
 .debug_str     0x00000000000ff6a2      0x271 ./Drivers/STM32F7xx_HAL_Driver/Src/stm32f7xx_hal_adc.o
                                      0xf6aad (size before relaxing)
 .debug_str     0x00000000000ff913      0x4fd ./Drivers/STM32F7xx_HAL_Driver/Src/stm32f7xx_hal_can.o
                                      0xf6bba (size before relaxing)
 .debug_str     0x00000000000ffe10      0x312 ./Drivers/STM32F7xx_HAL_Driver/Src/stm32f7xx_hal_cortex.o
                                      0xf6fa4 (size before relaxing)
 .debug_str     0x0000000000100122       0xf9 ./Drivers/STM32F7xx_HAL_Driver/Src/stm32f7xx_hal_gpio.o
                                      0xf6672 (size before relaxing)
 .debug_str     0x000000000010021b      0x21c ./Drivers/STM32F7xx_HAL_Driver/Src/stm32f7xx_hal_rcc.o
                                      0xf692f (size before relaxing)
 .debug_str     0x0000000000100437      0xd23 ./Drivers/STM32F7xx_HAL_Driver/Src/stm32f7xx_hal_tim.o
                                      0xf78c7 (size before relaxing)
 .debug_str     0x000000000010115a      0x4a0 ./Drivers/STM32F7xx_HAL_Driver/Src/stm32f7xx_hal_tim_ex.o
                                      0xf71dd (size before relaxing)
 .debug_str     0x00000000001015fa     0x3330 ./ThirdParty/FreeRTOS/list.o
                                       0xb186 (size before relaxing)
 .debug_str     0x000000000010492a     0x13f6 ./ThirdParty/FreeRTOS/queue.o
                                       0xd838 (size before relaxing)
 .debug_str     0x0000000000105d20     0x18c8 ./ThirdParty/FreeRTOS/tasks.o
                                       0xe096 (size before relaxing)
 .debug_str     0x00000000001075e8      0x502 ./ThirdParty/FreeRTOS/timers.o
                                       0xd9cc (size before relaxing)
 .debug_str     0x0000000000107aea      0x756 ./ThirdParty/FreeRTOS/portable/GCC/ARM_CM7/r0p1/port.o
                                       0x994d (size before relaxing)
 .debug_str     0x0000000000108240      0x5d7 ./ThirdParty/FreeRTOS/portable/MemMang/heap_4.o
                                       0xc9b0 (size before relaxing)

.debug_frame    0x0000000000000000     0x4ee8
 .debug_frame   0x0000000000000000       0xa0 ./Core/Src/CAN.o
 .debug_frame   0x00000000000000a0      0x510 ./Core/Src/_do_quasar_canopen.o
 .debug_frame   0x00000000000005b0      0x3a4 ./Core/Src/main.o
 .debug_frame   0x0000000000000954      0x110 ./Core/Src/stm32f7xx_hal_msp.o
 .debug_frame   0x0000000000000a64       0x74 ./Core/Src/stm32f7xx_hal_timebase_tim.o
 .debug_frame   0x0000000000000ad8       0xe0 ./Core/Src/stm32f7xx_it.o
 .debug_frame   0x0000000000000bb8       0x58 ./Core/Src/system_stm32f7xx.o
 .debug_frame   0x0000000000000c10      0x3f4 ./Drivers/STM32F7xx_HAL_Driver/Src/stm32f7xx_hal.o
 .debug_frame   0x0000000000001004      0x3fc ./Drivers/STM32F7xx_HAL_Driver/Src/stm32f7xx_hal_adc.o
 .debug_frame   0x0000000000001400      0x5a0 ./Drivers/STM32F7xx_HAL_Driver/Src/stm32f7xx_hal_can.o
 .debug_frame   0x00000000000019a0      0x498 ./Drivers/STM32F7xx_HAL_Driver/Src/stm32f7xx_hal_cortex.o
 .debug_frame   0x0000000000001e38      0x14c ./Drivers/STM32F7xx_HAL_Driver/Src/stm32f7xx_hal_gpio.o
 .debug_frame   0x0000000000001f84      0x1f8 ./Drivers/STM32F7xx_HAL_Driver/Src/stm32f7xx_hal_rcc.o
 .debug_frame   0x000000000000217c     0x121c ./Drivers/STM32F7xx_HAL_Driver/Src/stm32f7xx_hal_tim.o
 .debug_frame   0x0000000000003398      0x6b0 ./Drivers/STM32F7xx_HAL_Driver/Src/stm32f7xx_hal_tim_ex.o
 .debug_frame   0x0000000000003a48       0xd8 ./ThirdParty/FreeRTOS/list.o
 .debug_frame   0x0000000000003b20      0x4b8 ./ThirdParty/FreeRTOS/queue.o
 .debug_frame   0x0000000000003fd8      0x7cc ./ThirdParty/FreeRTOS/tasks.o
 .debug_frame   0x00000000000047a4      0x378 ./ThirdParty/FreeRTOS/timers.o
 .debug_frame   0x0000000000004b1c      0x1a8 ./ThirdParty/FreeRTOS/portable/GCC/ARM_CM7/r0p1/port.o
 .debug_frame   0x0000000000004cc4      0x150 ./ThirdParty/FreeRTOS/portable/MemMang/heap_4.o
 .debug_frame   0x0000000000004e14       0x20 C:/ST/STM32CubeIDE_1.14.1/STM32CubeIDE/plugins/com.st.stm32cube.ide.mcu.externaltools.gnu-tools-for-stm32.11.3.rel1.win32_1.1.100.202309141235/tools/bin/../lib/gcc/arm-none-eabi/11.3.1/../../../../arm-none-eabi/lib/thumb/v7e-m+dp/hard\libc_nano.a(libc_a-memset.o)
 .debug_frame   0x0000000000004e34       0x2c C:/ST/STM32CubeIDE_1.14.1/STM32CubeIDE/plugins/com.st.stm32cube.ide.mcu.externaltools.gnu-tools-for-stm32.11.3.rel1.win32_1.1.100.202309141235/tools/bin/../lib/gcc/arm-none-eabi/11.3.1/../../../../arm-none-eabi/lib/thumb/v7e-m+dp/hard\libc_nano.a(libc_a-init.o)
 .debug_frame   0x0000000000004e60       0x28 C:/ST/STM32CubeIDE_1.14.1/STM32CubeIDE/plugins/com.st.stm32cube.ide.mcu.externaltools.gnu-tools-for-stm32.11.3.rel1.win32_1.1.100.202309141235/tools/bin/../lib/gcc/arm-none-eabi/11.3.1/../../../../arm-none-eabi/lib/thumb/v7e-m+dp/hard\libc_nano.a(libc_a-memcpy-stub.o)
 .debug_frame   0x0000000000004e88       0x2c C:/ST/STM32CubeIDE_1.14.1/STM32CubeIDE/plugins/com.st.stm32cube.ide.mcu.externaltools.gnu-tools-for-stm32.11.3.rel1.win32_1.1.100.202309141235/tools/bin/../lib/gcc/arm-none-eabi/11.3.1/thumb/v7e-m+dp/hard\libgcc.a(_aeabi_uldivmod.o)
 .debug_frame   0x0000000000004eb4       0x34 C:/ST/STM32CubeIDE_1.14.1/STM32CubeIDE/plugins/com.st.stm32cube.ide.mcu.externaltools.gnu-tools-for-stm32.11.3.rel1.win32_1.1.100.202309141235/tools/bin/../lib/gcc/arm-none-eabi/11.3.1/thumb/v7e-m+dp/hard\libgcc.a(_udivmoddi4.o)

.debug_line_str
                0x0000000000000000       0x93
 .debug_line_str
                0x0000000000000000       0x93 ./Core/Startup/startup_stm32f767zitx.o
                                         0xab (size before relaxing)