Archive member included to satisfy reference by file (symbol)

C:/ST/STM32CubeIDE_1.14.1/STM32CubeIDE/plugins/com.st.stm32cube.ide.mcu.externaltools.gnu-tools-for-stm32.12.3.rel1.win32_1.0.100.202403111256/tools/bin/../lib/gcc/arm-none-eabi/12.3.1/../../../../arm-none-eabi/lib/thumb/v7e-m+dp/hard\libc_nano.a(libc_a-exit.o)
                              C:/ST/STM32CubeIDE_1.14.1/STM32CubeIDE/plugins/com.st.stm32cube.ide.mcu.externaltools.gnu-tools-for-stm32.12.3.rel1.win32_1.0.100.202403111256/tools/bin/../lib/gcc/arm-none-eabi/12.3.1/../../../../arm-none-eabi/lib/thumb/v7e-m+dp/hard/crt0.o (exit)
C:/ST/STM32CubeIDE_1.14.1/STM32CubeIDE/plugins/com.st.stm32cube.ide.mcu.externaltools.gnu-tools-for-stm32.12.3.rel1.win32_1.0.100.202403111256/tools/bin/../lib/gcc/arm-none-eabi/12.3.1/../../../../arm-none-eabi/lib/thumb/v7e-m+dp/hard\libc_nano.a(libc_a-findfp.o)
                              C:/ST/STM32CubeIDE_1.14.1/STM32CubeIDE/plugins/com.st.stm32cube.ide.mcu.externaltools.gnu-tools-for-stm32.12.3.rel1.win32_1.0.100.202403111256/tools/bin/../lib/gcc/arm-none-eabi/12.3.1/../../../../arm-none-eabi/lib/thumb/v7e-m+dp/hard\libc_nano.a(libc_a-exit.o) (__stdio_exit_handler)
C:/ST/STM32CubeIDE_1.14.1/STM32CubeIDE/plugins/com.st.stm32cube.ide.mcu.externaltools.gnu-tools-for-stm32.12.3.rel1.win32_1.0.100.202403111256/tools/bin/../lib/gcc/arm-none-eabi/12.3.1/../../../../arm-none-eabi/lib/thumb/v7e-m+dp/hard\libc_nano.a(libc_a-fwalk.o)
                              C:/ST/STM32CubeIDE_1.14.1/STM32CubeIDE/plugins/com.st.stm32cube.ide.mcu.externaltools.gnu-tools-for-stm32.12.3.rel1.win32_1.0.100.202403111256/tools/bin/../lib/gcc/arm-none-eabi/12.3.1/../../../../arm-none-eabi/lib/thumb/v7e-m+dp/hard\libc_nano.a(libc_a-findfp.o) (_fwalk_sglue)
C:/ST/STM32CubeIDE_1.14.1/STM32CubeIDE/plugins/com.st.stm32cube.ide.mcu.externaltools.gnu-tools-for-stm32.12.3.rel1.win32_1.0.100.202403111256/tools/bin/../lib/gcc/arm-none-eabi/12.3.1/../../../../arm-none-eabi/lib/thumb/v7e-m+dp/hard\libc_nano.a(libc_a-stdio.o)
                              C:/ST/STM32CubeIDE_1.14.1/STM32CubeIDE/plugins/com.st.stm32cube.ide.mcu.externaltools.gnu-tools-for-stm32.12.3.rel1.win32_1.0.100.202403111256/tools/bin/../lib/gcc/arm-none-eabi/12.3.1/../../../../arm-none-eabi/lib/thumb/v7e-m+dp/hard\libc_nano.a(libc_a-findfp.o) (__sread)
C:/ST/STM32CubeIDE_1.14.1/STM32CubeIDE/plugins/com.st.stm32cube.ide.mcu.externaltools.gnu-tools-for-stm32.12.3.rel1.win32_1.0.100.202403111256/tools/bin/../lib/gcc/arm-none-eabi/12.3.1/../../../../arm-none-eabi/lib/thumb/v7e-m+dp/hard\libc_nano.a(libc_a-memset.o)
                              C:/ST/STM32CubeIDE_1.14.1/STM32CubeIDE/plugins/com.st.stm32cube.ide.mcu.externaltools.gnu-tools-for-stm32.12.3.rel1.win32_1.0.100.202403111256/tools/bin/../lib/gcc/arm-none-eabi/12.3.1/../../../../arm-none-eabi/lib/thumb/v7e-m+dp/hard/crt0.o (memset)
C:/ST/STM32CubeIDE_1.14.1/STM32CubeIDE/plugins/com.st.stm32cube.ide.mcu.externaltools.gnu-tools-for-stm32.12.3.rel1.win32_1.0.100.202403111256/tools/bin/../lib/gcc/arm-none-eabi/12.3.1/../../../../arm-none-eabi/lib/thumb/v7e-m+dp/hard\libc_nano.a(libc_a-closer.o)
                              C:/ST/STM32CubeIDE_1.14.1/STM32CubeIDE/plugins/com.st.stm32cube.ide.mcu.externaltools.gnu-tools-for-stm32.12.3.rel1.win32_1.0.100.202403111256/tools/bin/../lib/gcc/arm-none-eabi/12.3.1/../../../../arm-none-eabi/lib/thumb/v7e-m+dp/hard\libc_nano.a(libc_a-stdio.o) (_close_r)
C:/ST/STM32CubeIDE_1.14.1/STM32CubeIDE/plugins/com.st.stm32cube.ide.mcu.externaltools.gnu-tools-for-stm32.12.3.rel1.win32_1.0.100.202403111256/tools/bin/../lib/gcc/arm-none-eabi/12.3.1/../../../../arm-none-eabi/lib/thumb/v7e-m+dp/hard\libc_nano.a(libc_a-reent.o)
                              C:/ST/STM32CubeIDE_1.14.1/STM32CubeIDE/plugins/com.st.stm32cube.ide.mcu.externaltools.gnu-tools-for-stm32.12.3.rel1.win32_1.0.100.202403111256/tools/bin/../lib/gcc/arm-none-eabi/12.3.1/../../../../arm-none-eabi/lib/thumb/v7e-m+dp/hard\libc_nano.a(libc_a-closer.o) (errno)
C:/ST/STM32CubeIDE_1.14.1/STM32CubeIDE/plugins/com.st.stm32cube.ide.mcu.externaltools.gnu-tools-for-stm32.12.3.rel1.win32_1.0.100.202403111256/tools/bin/../lib/gcc/arm-none-eabi/12.3.1/../../../../arm-none-eabi/lib/thumb/v7e-m+dp/hard\libc_nano.a(libc_a-impure.o)
                              C:/ST/STM32CubeIDE_1.14.1/STM32CubeIDE/plugins/com.st.stm32cube.ide.mcu.externaltools.gnu-tools-for-stm32.12.3.rel1.win32_1.0.100.202403111256/tools/bin/../lib/gcc/arm-none-eabi/12.3.1/../../../../arm-none-eabi/lib/thumb/v7e-m+dp/hard\libc_nano.a(libc_a-reent.o) (_impure_ptr)
C:/ST/STM32CubeIDE_1.14.1/STM32CubeIDE/plugins/com.st.stm32cube.ide.mcu.externaltools.gnu-tools-for-stm32.12.3.rel1.win32_1.0.100.202403111256/tools/bin/../lib/gcc/arm-none-eabi/12.3.1/../../../../arm-none-eabi/lib/thumb/v7e-m+dp/hard\libc_nano.a(libc_a-lseekr.o)
[...]
Memory Configuration

Name             Origin             Length             Attributes
RAM              0x20000000         0x00080000         xrw
FLASH            0x08000000         0x00200000         xr
*default*        0x00000000         0xffffffff

Linker script and memory map

LOAD C:/ST/STM32CubeIDE_1.14.1/STM32CubeIDE/plugins/com.st.stm32cube.ide.mcu.externaltools.gnu-tools-for-stm32.12.3.rel1.win32_1.0.100.202403111256/tools/bin/../lib/gcc/arm-none-eabi/12.3.1/thumb/v7e-m+dp/hard/crti.o
LOAD C:/ST/STM32CubeIDE_1.14.1/STM32CubeIDE/plugins/com.st.stm32cube.ide.mcu.externaltools.gnu-tools-for-stm32.12.3.rel1.win32_1.0.100.202403111256/tools/bin/../lib/gcc/arm-none-eabi/12.3.1/thumb/v7e-m+dp/hard/crtbegin.o
LOAD C:/ST/STM32CubeIDE_1.14.1/STM32CubeIDE/plugins/com.st.stm32cube.ide.mcu.externaltools.gnu-tools-for-stm32.12.3.rel1.win32_1.0.100.202403111256/tools/bin/../lib/gcc/arm-none-eabi/12.3.1/../../../../arm-none-eabi/lib/thumb/v7e-m+dp/hard/crt0.o
LOAD ./Core/Src/CAN.o
LOAD ./Core/Src/_do_quasar_canopen.o
LOAD ./Core/Src/isolation.o
LOAD ./Core/Src/main.o
LOAD ./Core/Src/stm32f7xx_hal_msp.o
LOAD ./Core/Src/stm32f7xx_hal_timebase_tim.o
LOAD ./Core/Src/stm32f7xx_it.o
LOAD ./Core/Src/syscalls.o
LOAD ./Core/Src/system_stm32f7xx.o
LOAD ./Core/Src/temp.o
LOAD ./Core/Startup/startup_stm32f767zitx.o
LOAD ./Drivers/STM32F7xx_HAL_Driver/Src/stm32f7xx_hal.o
LOAD ./Drivers/STM32F7xx_HAL_Driver/Src/stm32f7xx_hal_adc.o
LOAD ./Drivers/STM32F7xx_HAL_Driver/Src/stm32f7xx_hal_adc_ex.o
LOAD ./Drivers/STM32F7xx_HAL_Driver/Src/stm32f7xx_hal_can.o
LOAD ./Drivers/STM32F7xx_HAL_Driver/Src/stm32f7xx_hal_cortex.o
LOAD ./Drivers/STM32F7xx_HAL_Driver/Src/stm32f7xx_hal_dma.o
LOAD ./Drivers/STM32F7xx_HAL_Driver/Src/stm32f7xx_hal_dma_ex.o
LOAD ./Drivers/STM32F7xx_HAL_Driver/Src/stm32f7xx_hal_exti.o
LOAD ./Drivers/STM32F7xx_HAL_Driver/Src/stm32f7xx_hal_flash.o
LOAD ./Drivers/STM32F7xx_HAL_Driver/Src/stm32f7xx_hal_flash_ex.o
LOAD ./Drivers/STM32F7xx_HAL_Driver/Src/stm32f7xx_hal_gpio.o
LOAD ./Drivers/STM32F7xx_HAL_Driver/Src/stm32f7xx_hal_i2c.o
LOAD ./Drivers/STM32F7xx_HAL_Driver/Src/stm32f7xx_hal_i2c_ex.o
LOAD ./Drivers/STM32F7xx_HAL_Driver/Src/stm32f7xx_hal_pwr.o
LOAD ./Drivers/STM32F7xx_HAL_Driver/Src/stm32f7xx_hal_pwr_ex.o
LOAD ./Drivers/STM32F7xx_HAL_Driver/Src/stm32f7xx_hal_rcc.o
LOAD ./Drivers/STM32F7xx_HAL_Driver/Src/stm32f7xx_hal_rcc_ex.o
LOAD ./Drivers/STM32F7xx_HAL_Driver/Src/stm32f7xx_hal_tim.o
LOAD ./Drivers/STM32F7xx_HAL_Driver/Src/stm32f7xx_hal_tim_ex.o
LOAD ./ThirdParty/FreeRTOS/croutine.o
LOAD ./ThirdParty/FreeRTOS/event_groups.o
LOAD ./ThirdParty/FreeRTOS/list.o
LOAD ./ThirdParty/FreeRTOS/queue.o
LOAD ./ThirdParty/FreeRTOS/stream_buffer.o
LOAD ./ThirdParty/FreeRTOS/tasks.o
LOAD ./ThirdParty/FreeRTOS/timers.o
LOAD ./ThirdParty/FreeRTOS/portable/GCC/ARM_CM7/r0p1/port.o
LOAD ./ThirdParty/FreeRTOS/portable/MemMang/heap_4.o
START GROUP
LOAD C:/ST/STM32CubeIDE_1.14.1/STM32CubeIDE/plugins/com.st.stm32cube.ide.mcu.externaltools.gnu-tools-for-stm32.12.3.rel1.win32_1.0.100.202403111256/tools/bin/../lib/gcc/arm-none-eabi/12.3.1/../../../../arm-none-eabi/lib/thumb/v7e-m+dp/hard\libc_nano.a
LOAD C:/ST/STM32CubeIDE_1.14.1/STM32CubeIDE/plugins/com.st.stm32cube.ide.mcu.externaltools.gnu-tools-for-stm32.12.3.rel1.win32_1.0.100.202403111256/tools/bin/../lib/gcc/arm-none-eabi/12.3.1/../../../../arm-none-eabi/lib/thumb/v7e-m+dp/hard\libm.a
END GROUP
START GROUP
LOAD C:/ST/STM32CubeIDE_1.14.1/STM32CubeIDE/plugins/com.st.stm32cube.ide.mcu.externaltools.gnu-tools-for-stm32.12.3.rel1.win32_1.0.100.202403111256/tools/bin/../lib/gcc/arm-none-eabi/12.3.1/thumb/v7e-m+dp/hard\libgcc.a
LOAD C:/ST/STM32CubeIDE_1.14.1/STM32CubeIDE/plugins/com.st.stm32cube.ide.mcu.externaltools.gnu-tools-for-stm32.12.3.rel1.win32_1.0.100.202403111256/tools/bin/../lib/gcc/arm-none-eabi/12.3.1/../../../../arm-none-eabi/lib/thumb/v7e-m+dp/hard\libc_nano.a
END GROUP
START GROUP
LOAD C:/ST/STM32CubeIDE_1.14.1/STM32CubeIDE/plugins/com.st.stm32cube.ide.mcu.externaltools.gnu-tools-for-stm32.12.3.rel1.win32_1.0.100.202403111256/tools/bin/../lib/gcc/arm-none-eabi/12.3.1/thumb/v7e-m+dp/hard\libgcc.a
LOAD C:/ST/STM32CubeIDE_1.14.1/STM32CubeIDE/plugins/com.st.stm32cube.ide.mcu.externaltools.gnu-tools-for-stm32.12.3.rel1.win32_1.0.100.202403111256/tools/bin/../lib/gcc/arm-none-eabi/12.3.1/../../../../arm-none-eabi/lib/thumb/v7e-m+dp/hard\libc_nano.a
LOAD C:/ST/STM32CubeIDE_1.14.1/STM32CubeIDE/plugins/com.st.stm32cube.ide.mcu.externaltools.gnu-tools-for-stm32.12.3.rel1.win32_1.0.100.202403111256/tools/bin/../lib/gcc/arm-none-eabi/12.3.1/../../../../arm-none-eabi/lib/thumb/v7e-m+dp/hard\libnosys.a
END GROUP
START GROUP
LOAD C:/ST/STM32CubeIDE_1.14.1/STM32CubeIDE/plugins/com.st.stm32cube.ide.mcu.externaltools.gnu-tools-for-stm32.12.3.rel1.win32_1.0.100.202403111256/tools/bin/../lib/gcc/arm-none-eabi/12.3.1/thumb/v7e-m+dp/hard\libgcc.a
LOAD C:/ST/STM32CubeIDE_1.14.1/STM32CubeIDE/plugins/com.st.stm32cube.ide.mcu.externaltools.gnu-tools-for-stm32.12.3.rel1.win32_1.0.100.202403111256/tools/bin/../lib/gcc/arm-none-eabi/12.3.1/../../../../arm-none-eabi/lib/thumb/v7e-m+dp/hard\libc_nano.a
LOAD C:/ST/STM32CubeIDE_1.14.1/STM32CubeIDE/plugins/com.st.stm32cube.ide.mcu.externaltools.gnu-tools-for-stm32.12.3.rel1.win32_1.0.100.202403111256/tools/bin/../lib/gcc/arm-none-eabi/12.3.1/../../../../arm-none-eabi/lib/thumb/v7e-m+dp/hard\libnosys.a
END GROUP
LOAD C:/ST/STM32CubeIDE_1.14.1/STM32CubeIDE/plugins/com.st.stm32cube.ide.mcu.externaltools.gnu-tools-for-stm32.12.3.rel1.win32_1.0.100.202403111256/tools/bin/../lib/gcc/arm-none-eabi/12.3.1/thumb/v7e-m+dp/hard/crtend.o
LOAD C:/ST/STM32CubeIDE_1.14.1/STM32CubeIDE/plugins/com.st.stm32cube.ide.mcu.externaltools.gnu-tools-for-stm32.12.3.rel1.win32_1.0.100.202403111256/tools/bin/../lib/gcc/arm-none-eabi/12.3.1/thumb/v7e-m+dp/hard/crtn.o
                0x20080000                        _estack = (ORIGIN (RAM) + LENGTH (RAM))
                0x00000200                        _Min_Heap_Size = 0x200
                0x00000400                        _Min_Stack_Size = 0x400

.isr_vector     0x08000000      0x1f8
                0x08000000                        . = ALIGN (0x4)
 *(.isr_vector)
 .isr_vector    0x08000000      0x1f8 ./Core/Startup/startup_stm32f767zitx.o
                0x08000000                g_pfnVectors
                0x080001f8                        . = ALIGN (0x4)

.text           0x08000200     0x7f68
                0x08000200                        . = ALIGN (0x4)
 *(.text)
 .text          0x08000200       0x40 C:/ST/STM32CubeIDE_1.14.1/STM32CubeIDE/plugins/com.st.stm32cube.ide.mcu.externaltools.gnu-tools-for-stm32.12.3.rel1.win32_1.0.100.202403111256/tools/bin/../lib/gcc/arm-none-eabi/12.3.1/thumb/v7e-m+dp/hard/crtbegin.o
 .text          0x08000240       0x30 C:/ST/STM32CubeIDE_1.14.1/STM32CubeIDE/plugins/com.st.stm32cube.ide.mcu.externaltools.gnu-tools-for-stm32.12.3.rel1.win32_1.0.100.202403111256/tools/bin/../lib/gcc/arm-none-eabi/12.3.1/thumb/v7e-m+dp/hard\libgcc.a(_aeabi_uldivmod.o)
                0x08000240                __aeabi_uldivmod
 .text          0x08000270      0x2bc C:/ST/STM32CubeIDE_1.14.1/STM32CubeIDE/plugins/com.st.stm32cube.ide.mcu.externaltools.gnu-tools-for-stm32.12.3.rel1.win32_1.0.100.202403111256/tools/bin/../lib/gcc/arm-none-eabi/12.3.1/thumb/v7e-m+dp/hard\libgcc.a(_udivmoddi4.o)
                0x08000270                __udivmoddi4
 .text          0x0800052c        0x4 C:/ST/STM32CubeIDE_1.14.1/STM32CubeIDE/plugins/com.st.stm32cube.ide.mcu.externaltools.gnu-tools-for-stm32.12.3.rel1.win32_1.0.100.202403111256/tools/bin/../lib/gcc/arm-none-eabi/12.3.1/thumb/v7e-m+dp/hard\libgcc.a(_dvmd_tls.o)
                0x0800052c                __aeabi_idiv0
                0x0800052c                __aeabi_ldiv0
 *(.text*)
 .text.initializeCAN
                0x08000530       0x38 ./Core/Src/CAN.o
                0x08000530                initializeCAN
 .text.nodeGuarding
                0x08000568       0x5e ./Core/Src/CAN.o
                0x08000568                nodeGuarding
 *fill*         0x080005c6        0x2 
 .text.startNode
                0x080005c8       0x88 ./Core/Src/CAN.o
                0x080005c8                startNode
 .text.clearErrors
                0x08000650       0xb4 ./Core/Src/CAN.o
                0x08000650                clearErrors
 .text.torqueControlMessage
                0x08000704       0xcc ./Core/Src/CAN.o
                0x08000704                torqueControlMessage
 .text.configCANFilters
                0x080007d0       0x52 ./Core/Src/CAN.o
                0x080007d0                configCANFilters
 .text.Pack_ECU_NMT_command__DO_QUASAR_CANopen
                0x08000822       0x68 ./Core/Src/_do_quasar_canopen.o
                0x08000822                Pack_ECU_NMT_command__DO_QUASAR_CANopen
 .text.Pack_EMD_RxPDO_3__DO_QUASAR_CANopen
                0x0800088a      0x15c ./Core/Src/_do_quasar_canopen.o
                0x0800088a                Pack_EMD_RxPDO_3__DO_QUASAR_CANopen
 .text.Unpack_IMD_Info_Isolation
                0x080009e6       0x62 ./Core/Src/isolation.o
                0x080009e6                Unpack_IMD_Info_Isolation
 .text.__NVIC_SetPriorityGrouping
                0x08000a48       0x48 ./Core/Src/main.o
 .text.HAL_TIM_OC_DelayElapsedCallback
                0x08000a90       0x34 ./Core/Src/main.o
                0x08000a90                HAL_TIM_OC_DelayElapsedCallback
 .text.HAL_CAN_RxFifo0MsgPendingCallback
                0x08000ac4       0x80 ./Core/Src/main.o
                0x08000ac4                HAL_CAN_RxFifo0MsgPendingCallback
 .text.HAL_CAN_RxFifo1MsgPendingCallback
                0x08000b44       0x14 ./Core/Src/main.o
                0x08000b44                HAL_CAN_RxFifo1MsgPendingCallback
 .text.main     0x08000b58      0x260 ./Core/Src/main.o
                0x08000b58                main
 .text.SystemClock_Config
                0x08000db8       0xd4 ./Core/Src/main.o
                0x08000db8                SystemClock_Config
 .text.MX_ADC1_Init
                0x08000e8c       0xfc ./Core/Src/main.o
 .text.MX_CAN1_Init
                0x08000f88       0x6c ./Core/Src/main.o
 .text.MX_CAN2_Init
                0x08000ff4       0x6c ./Core/Src/main.o
 .text.MX_TIM1_Init
                0x08001060      0x158 ./Core/Src/main.o
 .text.MX_GPIO_Init
                0x080011b8      0x144 ./Core/Src/main.o
 .text.vApplicationIdleHook
                0x080012fc        0xe ./Core/Src/main.o
                0x080012fc                vApplicationIdleHook
 *fill*         0x0800130a        0x2 
 .text.Task1_Handler
                0x0800130c       0x30 ./Core/Src/main.o
                0x0800130c                Task1_Handler
 .text.Task2_Handler
                0x0800133c       0x58 ./Core/Src/main.o
                0x0800133c                Task2_Handler
 .text.Task3_Handler
                0x08001394        0xe ./Core/Src/main.o
                0x08001394                Task3_Handler
 *fill*         0x080013a2        0x2 
 .text.Task4_Handler
                0x080013a4       0x44 ./Core/Src/main.o
                0x080013a4                Task4_Handler
 .text.Task5_Handler
                0x080013e8        0xc ./Core/Src/main.o
                0x080013e8                Task5_Handler
 .text.Task6_Handler
                0x080013f4        0xc ./Core/Src/main.o
                0x080013f4                Task6_Handler
 .text.map      0x08001400       0x38 ./Core/Src/main.o
                0x08001400                map
 .text.constrain
                0x08001438       0x32 ./Core/Src/main.o
                0x08001438                constrain
 *fill*         0x0800146a        0x2 
 .text.ignitionTask
                0x0800146c       0xbc ./Core/Src/main.o
                0x0800146c                ignitionTask
 .text.setADCChannel
                0x08001528       0x3c ./Core/Src/main.o
                0x08001528                setADCChannel
 .text.getADCAverage
                0x08001564      0x1ac ./Core/Src/main.o
                0x08001564                getADCAverage
 .text.getPrimaryThrottlePosition
                0x08001710       0x2a ./Core/Src/main.o
                0x08001710                getPrimaryThrottlePosition
 .text.getSecondaryThrottlePosition
                0x0800173a       0x2a ./Core/Src/main.o
                0x0800173a                getSecondaryThrottlePosition
 .text.primaryThrottleSensorErrorCheck
                0x08001764       0x38 ./Core/Src/main.o
                0x08001764                primaryThrottleSensorErrorCheck
 .text.secondaryThrottleSensorErrorCheck
                0x0800179c       0x38 ./Core/Src/main.o
                0x0800179c                secondaryThrottleSensorErrorCheck
 .text.throttleSensorDeviationCheck
                0x080017d4      0x108 ./Core/Src/main.o
                0x080017d4                throttleSensorDeviationCheck
 .text.torqueRequest
                0x080018dc      0x100 ./Core/Src/main.o
                0x080018dc                torqueRequest
 .text.HAL_TIM_PeriodElapsedCallback
                0x080019dc       0x1e ./Core/Src/main.o
                0x080019dc                HAL_TIM_PeriodElapsedCallback
 .text.Error_Handler
                0x080019fa        0xc ./Core/Src/main.o
                0x080019fa                Error_Handler
 *fill*         0x08001a06        0x2 
 .text.HAL_MspInit
                0x08001a08       0x48 ./Core/Src/stm32f7xx_hal_msp.o
                0x08001a08                HAL_MspInit
 .text.HAL_ADC_MspInit
                0x08001a50       0x80 ./Core/Src/stm32f7xx_hal_msp.o
                0x08001a50                HAL_ADC_MspInit
 .text.HAL_CAN_MspInit
                0x08001ad0      0x170 ./Core/Src/stm32f7xx_hal_msp.o
                0x08001ad0                HAL_CAN_MspInit
 .text.HAL_TIM_Base_MspInit
                0x08001c40       0x4c ./Core/Src/stm32f7xx_hal_msp.o
                0x08001c40                HAL_TIM_Base_MspInit
 .text.HAL_InitTick
                0x08001c8c       0xf4 ./Core/Src/stm32f7xx_hal_timebase_tim.o
                0x08001c8c                HAL_InitTick
 .text.NMI_Handler
                0x08001d80        0x8 ./Core/Src/stm32f7xx_it.o
                0x08001d80                NMI_Handler
 .text.HardFault_Handler
                0x08001d88        0x8 ./Core/Src/stm32f7xx_it.o
                0x08001d88                HardFault_Handler
 .text.MemManage_Handler
                0x08001d90        0x8 ./Core/Src/stm32f7xx_it.o
                0x08001d90                MemManage_Handler
 .text.BusFault_Handler
                0x08001d98        0x8 ./Core/Src/stm32f7xx_it.o
                0x08001d98                BusFault_Handler
 .text.UsageFault_Handler
                0x08001da0        0x8 ./Core/Src/stm32f7xx_it.o
                0x08001da0                UsageFault_Handler
 .text.DebugMon_Handler
                0x08001da8        0xe ./Core/Src/stm32f7xx_it.o
                0x08001da8                DebugMon_Handler
 *fill*         0x08001db6        0x2 
 .text.CAN1_RX0_IRQHandler
                0x08001db8       0x14 ./Core/Src/stm32f7xx_it.o
                0x08001db8                CAN1_RX0_IRQHandler
 .text.CAN1_RX1_IRQHandler
                0x08001dcc       0x14 ./Core/Src/stm32f7xx_it.o
                0x08001dcc                CAN1_RX1_IRQHandler
 .text.TIM1_CC_IRQHandler
                0x08001de0       0x14 ./Core/Src/stm32f7xx_it.o
                0x08001de0                TIM1_CC_IRQHandler
 .text.TIM2_IRQHandler
                0x08001df4       0x14 ./Core/Src/stm32f7xx_it.o
                0x08001df4                TIM2_IRQHandler
 .text.CAN2_RX0_IRQHandler
                0x08001e08       0x14 ./Core/Src/stm32f7xx_it.o
                0x08001e08                CAN2_RX0_IRQHandler
 .text.CAN2_RX1_IRQHandler
                0x08001e1c       0x14 ./Core/Src/stm32f7xx_it.o
                0x08001e1c                CAN2_RX1_IRQHandler
 .text.SystemInit
                0x08001e30       0x24 ./Core/Src/system_stm32f7xx.o
                0x08001e30                SystemInit
 .text.Reset_Handler
                0x08001e54       0x50 ./Core/Startup/startup_stm32f767zitx.o
                0x08001e54                Reset_Handler
 .text.Default_Handler
                0x08001ea4        0x2 ./Core/Startup/startup_stm32f767zitx.o
                0x08001ea4                RTC_Alarm_IRQHandler
                0x08001ea4                EXTI2_IRQHandler
                0x08001ea4                TIM8_CC_IRQHandler
                0x08001ea4                UART8_IRQHandler
                0x08001ea4                SPI4_IRQHandler
                0x08001ea4                DMA2_Stream5_IRQHandler
                0x08001ea4                JPEG_IRQHandler
                0x08001ea4                DMA1_Stream5_IRQHandler
                0x08001ea4                CAN3_RX1_IRQHandler
                0x08001ea4                PVD_IRQHandler
                0x08001ea4                TAMP_STAMP_IRQHandler
                0x08001ea4                EXTI3_IRQHandler
                0x08001ea4                TIM8_TRG_COM_TIM14_IRQHandler
                0x08001ea4                DFSDM1_FLT1_IRQHandler
                0x08001ea4                TIM1_UP_TIM10_IRQHandler
                0x08001ea4                TIM8_UP_TIM13_IRQHandler
                0x08001ea4                I2C3_ER_IRQHandler
                0x08001ea4                DFSDM1_FLT2_IRQHandler
                0x08001ea4                EXTI0_IRQHandler
                0x08001ea4                I2C2_EV_IRQHandler
                0x08001ea4                DMA1_Stream2_IRQHandler
                0x08001ea4                FPU_IRQHandler
                0x08001ea4                OTG_HS_WKUP_IRQHandler
                0x08001ea4                CAN3_SCE_IRQHandler
                0x08001ea4                LTDC_ER_IRQHandler
                0x08001ea4                CAN2_SCE_IRQHandler
                0x08001ea4                DMA2_Stream2_IRQHandler
                0x08001ea4                SPI1_IRQHandler
                0x08001ea4                TIM6_DAC_IRQHandler
                0x08001ea4                TIM1_BRK_TIM9_IRQHandler
                0x08001ea4                DCMI_IRQHandler
                0x08001ea4                DMA2_Stream3_IRQHandler
                0x08001ea4                SAI2_IRQHandler
                0x08001ea4                DFSDM1_FLT3_IRQHandler
                0x08001ea4                USART6_IRQHandler
                0x08001ea4                CAN3_RX0_IRQHandler
                0x08001ea4                USART3_IRQHandler
                0x08001ea4                UART5_IRQHandler
                0x08001ea4                DMA2_Stream0_IRQHandler
                0x08001ea4                TIM4_IRQHandler
                0x08001ea4                QUADSPI_IRQHandler
                0x08001ea4                I2C1_EV_IRQHandler
                0x08001ea4                DMA1_Stream6_IRQHandler
                0x08001ea4                DMA1_Stream1_IRQHandler
                0x08001ea4                UART4_IRQHandler
                0x08001ea4                TIM3_IRQHandler
                0x08001ea4                RCC_IRQHandler
                0x08001ea4                TIM8_BRK_TIM12_IRQHandler
                0x08001ea4                Default_Handler
                0x08001ea4                CEC_IRQHandler
                0x08001ea4                EXTI15_10_IRQHandler
                0x08001ea4                ADC_IRQHandler
                0x08001ea4                DMA1_Stream7_IRQHandler
                0x08001ea4                SPI5_IRQHandler
                0x08001ea4                TIM7_IRQHandler
                0x08001ea4                SDMMC1_IRQHandler
                0x08001ea4                CAN2_TX_IRQHandler
                0x08001ea4                TIM5_IRQHandler
                0x08001ea4                DMA2_Stream7_IRQHandler
                0x08001ea4                I2C3_EV_IRQHandler
                0x08001ea4                EXTI9_5_IRQHandler
                0x08001ea4                RTC_WKUP_IRQHandler
                0x08001ea4                LTDC_IRQHandler
                0x08001ea4                ETH_WKUP_IRQHandler
                0x08001ea4                SPDIF_RX_IRQHandler
                0x08001ea4                SPI2_IRQHandler
                0x08001ea4                OTG_HS_EP1_IN_IRQHandler
                0x08001ea4                DMA1_Stream0_IRQHandler
                0x08001ea4                CAN1_TX_IRQHandler
                0x08001ea4                EXTI4_IRQHandler
                0x08001ea4                RNG_IRQHandler
                0x08001ea4                ETH_IRQHandler
                0x08001ea4                OTG_HS_EP1_OUT_IRQHandler
                0x08001ea4                WWDG_IRQHandler
                0x08001ea4                SPI6_IRQHandler
                0x08001ea4                MDIOS_IRQHandler
                0x08001ea4                I2C4_EV_IRQHandler
                0x08001ea4                CAN3_TX_IRQHandler
                0x08001ea4                OTG_FS_WKUP_IRQHandler
                0x08001ea4                TIM1_TRG_COM_TIM11_IRQHandler
                0x08001ea4                OTG_HS_IRQHandler
                0x08001ea4                DMA2D_IRQHandler
                0x08001ea4                EXTI1_IRQHandler
                0x08001ea4                SDMMC2_IRQHandler
                0x08001ea4                UART7_IRQHandler
                0x08001ea4                USART2_IRQHandler
                0x08001ea4                DFSDM1_FLT0_IRQHandler
                0x08001ea4                I2C2_ER_IRQHandler
                0x08001ea4                DMA2_Stream1_IRQHandler
                0x08001ea4                CAN1_SCE_IRQHandler
                0x08001ea4                FLASH_IRQHandler
                0x08001ea4                DMA2_Stream4_IRQHandler
                0x08001ea4                USART1_IRQHandler
                0x08001ea4                OTG_FS_IRQHandler
                0x08001ea4                SPI3_IRQHandler
                0x08001ea4                DMA1_Stream4_IRQHandler
                0x08001ea4                I2C1_ER_IRQHandler
                0x08001ea4                FMC_IRQHandler
                0x08001ea4                LPTIM1_IRQHandler
                0x08001ea4                I2C4_ER_IRQHandler
                0x08001ea4                DMA2_Stream6_IRQHandler
                0x08001ea4                SAI1_IRQHandler
                0x08001ea4                DMA1_Stream3_IRQHandler
 .text.HAL_Init
                0x08001ea6       0x1a ./Drivers/STM32F7xx_HAL_Driver/Src/stm32f7xx_hal.o
                0x08001ea6                HAL_Init
 .text.HAL_IncTick
                0x08001ec0       0x28 ./Drivers/STM32F7xx_HAL_Driver/Src/stm32f7xx_hal.o
                0x08001ec0                HAL_IncTick
 .text.HAL_GetTick
                0x08001ee8       0x18 ./Drivers/STM32F7xx_HAL_Driver/Src/stm32f7xx_hal.o
                0x08001ee8                HAL_GetTick
 .text.HAL_ADC_Init
                0x08001f00       0x88 ./Drivers/STM32F7xx_HAL_Driver/Src/stm32f7xx_hal_adc.o
                0x08001f00                HAL_ADC_Init
 .text.HAL_ADC_Start
                0x08001f88      0x19c ./Drivers/STM32F7xx_HAL_Driver/Src/stm32f7xx_hal_adc.o
                0x08001f88                HAL_ADC_Start
 .text.HAL_ADC_Stop
                0x08002124       0x68 ./Drivers/STM32F7xx_HAL_Driver/Src/stm32f7xx_hal_adc.o
                0x08002124                HAL_ADC_Stop
 .text.HAL_ADC_PollForConversion
                0x0800218c      0x116 ./Drivers/STM32F7xx_HAL_Driver/Src/stm32f7xx_hal_adc.o
                0x0800218c                HAL_ADC_PollForConversion
 .text.HAL_ADC_GetValue
                0x080022a2       0x1a ./Drivers/STM32F7xx_HAL_Driver/Src/stm32f7xx_hal_adc.o
                0x080022a2                HAL_ADC_GetValue
 .text.HAL_ADC_ConfigChannel
                0x080022bc      0x2ac ./Drivers/STM32F7xx_HAL_Driver/Src/stm32f7xx_hal_adc.o
                0x080022bc                HAL_ADC_ConfigChannel
 .text.ADC_Init
                0x08002568      0x1f4 ./Drivers/STM32F7xx_HAL_Driver/Src/stm32f7xx_hal_adc.o
 .text.HAL_CAN_Init
                0x0800275c      0x1f6 ./Drivers/STM32F7xx_HAL_Driver/Src/stm32f7xx_hal_can.o
                0x0800275c                HAL_CAN_Init
 *fill*         0x08002952        0x2 
 .text.HAL_CAN_ConfigFilter
                0x08002954      0x1d8 ./Drivers/STM32F7xx_HAL_Driver/Src/stm32f7xx_hal_can.o
                0x08002954                HAL_CAN_ConfigFilter
 .text.HAL_CAN_Start
                0x08002b2c       0x88 ./Drivers/STM32F7xx_HAL_Driver/Src/stm32f7xx_hal_can.o
                0x08002b2c                HAL_CAN_Start
 .text.HAL_CAN_AddTxMessage
                0x08002bb4      0x1a0 ./Drivers/STM32F7xx_HAL_Driver/Src/stm32f7xx_hal_can.o
                0x08002bb4                HAL_CAN_AddTxMessage
 .text.HAL_CAN_IsTxMessagePending
                0x08002d54       0x48 ./Drivers/STM32F7xx_HAL_Driver/Src/stm32f7xx_hal_can.o
                0x08002d54                HAL_CAN_IsTxMessagePending
 .text.HAL_CAN_GetRxMessage
                0x08002d9c      0x224 ./Drivers/STM32F7xx_HAL_Driver/Src/stm32f7xx_hal_can.o
                0x08002d9c                HAL_CAN_GetRxMessage
 .text.HAL_CAN_ActivateNotification
                0x08002fc0       0x4c ./Drivers/STM32F7xx_HAL_Driver/Src/stm32f7xx_hal_can.o
                0x08002fc0                HAL_CAN_ActivateNotification
 .text.HAL_CAN_IRQHandler
                0x0800300c      0x36e ./Drivers/STM32F7xx_HAL_Driver/Src/stm32f7xx_hal_can.o
                0x0800300c                HAL_CAN_IRQHandler
 .text.HAL_CAN_TxMailbox0CompleteCallback
                0x0800337a       0x14 ./Drivers/STM32F7xx_HAL_Driver/Src/stm32f7xx_hal_can.o
                0x0800337a                HAL_CAN_TxMailbox0CompleteCallback
 .text.HAL_CAN_TxMailbox1CompleteCallback
                0x0800338e       0x14 ./Drivers/STM32F7xx_HAL_Driver/Src/stm32f7xx_hal_can.o
                0x0800338e                HAL_CAN_TxMailbox1CompleteCallback
 .text.HAL_CAN_TxMailbox2CompleteCallback
                0x080033a2       0x14 ./Drivers/STM32F7xx_HAL_Driver/Src/stm32f7xx_hal_can.o
                0x080033a2                HAL_CAN_TxMailbox2CompleteCallback
 .text.HAL_CAN_TxMailbox0AbortCallback
                0x080033b6       0x14 ./Drivers/STM32F7xx_HAL_Driver/Src/stm32f7xx_hal_can.o
                0x080033b6                HAL_CAN_TxMailbox0AbortCallback
 .text.HAL_CAN_TxMailbox1AbortCallback
                0x080033ca       0x14 ./Drivers/STM32F7xx_HAL_Driver/Src/stm32f7xx_hal_can.o
                0x080033ca                HAL_CAN_TxMailbox1AbortCallback
 .text.HAL_CAN_TxMailbox2AbortCallback
                0x080033de       0x14 ./Drivers/STM32F7xx_HAL_Driver/Src/stm32f7xx_hal_can.o
                0x080033de                HAL_CAN_TxMailbox2AbortCallback
 .text.HAL_CAN_RxFifo0FullCallback
                0x080033f2       0x14 ./Drivers/STM32F7xx_HAL_Driver/Src/stm32f7xx_hal_can.o
                0x080033f2                HAL_CAN_RxFifo0FullCallback
 .text.HAL_CAN_RxFifo1FullCallback
                0x08003406       0x14 ./Drivers/STM32F7xx_HAL_Driver/Src/stm32f7xx_hal_can.o
                0x08003406                HAL_CAN_RxFifo1FullCallback
 .text.HAL_CAN_SleepCallback
                0x0800341a       0x14 ./Drivers/STM32F7xx_HAL_Driver/Src/stm32f7xx_hal_can.o
                0x0800341a                HAL_CAN_SleepCallback
 .text.HAL_CAN_WakeUpFromRxMsgCallback
                0x0800342e       0x14 ./Drivers/STM32F7xx_HAL_Driver/Src/stm32f7xx_hal_can.o
                0x0800342e                HAL_CAN_WakeUpFromRxMsgCallback
 .text.HAL_CAN_ErrorCallback
                0x08003442       0x14 ./Drivers/STM32F7xx_HAL_Driver/Src/stm32f7xx_hal_can.o
                0x08003442                HAL_CAN_ErrorCallback
 *fill*         0x08003456        0x2 
 .text.__NVIC_SetPriorityGrouping
                0x08003458       0x48 ./Drivers/STM32F7xx_HAL_Driver/Src/stm32f7xx_hal_cortex.o
 .text.__NVIC_GetPriorityGrouping
                0x080034a0       0x1c ./Drivers/STM32F7xx_HAL_Driver/Src/stm32f7xx_hal_cortex.o
 .text.__NVIC_EnableIRQ
                0x080034bc       0x3c ./Drivers/STM32F7xx_HAL_Driver/Src/stm32f7xx_hal_cortex.o
 .text.__NVIC_SetPriority
                0x080034f8       0x54 ./Drivers/STM32F7xx_HAL_Driver/Src/stm32f7xx_hal_cortex.o
 .text.NVIC_EncodePriority
                0x0800354c       0x66 ./Drivers/STM32F7xx_HAL_Driver/Src/stm32f7xx_hal_cortex.o
 .text.HAL_NVIC_SetPriorityGrouping
                0x080035b2       0x16 ./Drivers/STM32F7xx_HAL_Driver/Src/stm32f7xx_hal_cortex.o
                0x080035b2                HAL_NVIC_SetPriorityGrouping
 .text.HAL_NVIC_SetPriority
                0x080035c8       0x38 ./Drivers/STM32F7xx_HAL_Driver/Src/stm32f7xx_hal_cortex.o
                0x080035c8                HAL_NVIC_SetPriority
 .text.HAL_NVIC_EnableIRQ
                0x08003600       0x1c ./Drivers/STM32F7xx_HAL_Driver/Src/stm32f7xx_hal_cortex.o
                0x08003600                HAL_NVIC_EnableIRQ
 .text.HAL_GPIO_Init
                0x0800361c      0x358 ./Drivers/STM32F7xx_HAL_Driver/Src/stm32f7xx_hal_gpio.o
                0x0800361c                HAL_GPIO_Init
 .text.HAL_GPIO_ReadPin
                0x08003974       0x30 ./Drivers/STM32F7xx_HAL_Driver/Src/stm32f7xx_hal_gpio.o
                0x08003974                HAL_GPIO_ReadPin
 .text.HAL_GPIO_WritePin
                0x080039a4       0x32 ./Drivers/STM32F7xx_HAL_Driver/Src/stm32f7xx_hal_gpio.o
                0x080039a4                HAL_GPIO_WritePin
 *fill*         0x080039d6        0x2 
 .text.HAL_RCC_OscConfig
                0x080039d8      0x55c ./Drivers/STM32F7xx_HAL_Driver/Src/stm32f7xx_hal_rcc.o
                0x080039d8                HAL_RCC_OscConfig
 .text.HAL_RCC_ClockConfig
                0x08003f34      0x1d8 ./Drivers/STM32F7xx_HAL_Driver/Src/stm32f7xx_hal_rcc.o
                0x08003f34                HAL_RCC_ClockConfig
 .text.HAL_RCC_GetSysClockFreq
                0x0800410c      0x18c ./Drivers/STM32F7xx_HAL_Driver/Src/stm32f7xx_hal_rcc.o
                0x0800410c                HAL_RCC_GetSysClockFreq
 .text.HAL_RCC_GetHCLKFreq
                0x08004298       0x18 ./Drivers/STM32F7xx_HAL_Driver/Src/stm32f7xx_hal_rcc.o
                0x08004298                HAL_RCC_GetHCLKFreq
 .text.HAL_RCC_GetPCLK1Freq
                0x080042b0       0x28 ./Drivers/STM32F7xx_HAL_Driver/Src/stm32f7xx_hal_rcc.o
                0x080042b0                HAL_RCC_GetPCLK1Freq
 .text.HAL_RCC_GetClockConfig
                0x080042d8       0x64 ./Drivers/STM32F7xx_HAL_Driver/Src/stm32f7xx_hal_rcc.o
                0x080042d8                HAL_RCC_GetClockConfig
 .text.HAL_TIM_Base_Init
                0x0800433c       0xae ./Drivers/STM32F7xx_HAL_Driver/Src/stm32f7xx_hal_tim.o
                0x0800433c                HAL_TIM_Base_Init
 *fill*         0x080043ea        0x2 
 .text.HAL_TIM_Base_Start_IT
                0x080043ec       0xf0 ./Drivers/STM32F7xx_HAL_Driver/Src/stm32f7xx_hal_tim.o
                0x080043ec                HAL_TIM_Base_Start_IT
 .text.HAL_TIM_OC_Init
                0x080044dc       0xae ./Drivers/STM32F7xx_HAL_Driver/Src/stm32f7xx_hal_tim.o
                0x080044dc                HAL_TIM_OC_Init
 .text.HAL_TIM_OC_MspInit
                0x0800458a       0x14 ./Drivers/STM32F7xx_HAL_Driver/Src/stm32f7xx_hal_tim.o
                0x0800458a                HAL_TIM_OC_MspInit
 *fill*         0x0800459e        0x2 
 .text.HAL_TIM_OC_Start_IT
                0x080045a0      0x290 ./Drivers/STM32F7xx_HAL_Driver/Src/stm32f7xx_hal_tim.o
                0x080045a0                HAL_TIM_OC_Start_IT
 .text.HAL_TIM_OC_Stop_IT
                0x08004830      0x19c ./Drivers/STM32F7xx_HAL_Driver/Src/stm32f7xx_hal_tim.o
                0x08004830                HAL_TIM_OC_Stop_IT
 .text.HAL_TIM_IRQHandler
                0x080049cc      0x23e ./Drivers/STM32F7xx_HAL_Driver/Src/stm32f7xx_hal_tim.o
                0x080049cc                HAL_TIM_IRQHandler
 *fill*         0x08004c0a        0x2 
 .text.HAL_TIM_OC_ConfigChannel
                0x08004c0c       0xf4 ./Drivers/STM32F7xx_HAL_Driver/Src/stm32f7xx_hal_tim.o
                0x08004c0c                HAL_TIM_OC_ConfigChannel
 .text.HAL_TIM_ConfigClockSource
                0x08004d00      0x194 ./Drivers/STM32F7xx_HAL_Driver/Src/stm32f7xx_hal_tim.o
                0x08004d00                HAL_TIM_ConfigClockSource
 .text.HAL_TIM_IC_CaptureCallback
                0x08004e94       0x14 ./Drivers/STM32F7xx_HAL_Driver/Src/stm32f7xx_hal_tim.o
                0x08004e94                HAL_TIM_IC_CaptureCallback
 .text.HAL_TIM_PWM_PulseFinishedCallback
                0x08004ea8       0x14 ./Drivers/STM32F7xx_HAL_Driver/Src/stm32f7xx_hal_tim.o
                0x08004ea8                HAL_TIM_PWM_PulseFinishedCallback
 .text.HAL_TIM_TriggerCallback
                0x08004ebc       0x14 ./Drivers/STM32F7xx_HAL_Driver/Src/stm32f7xx_hal_tim.o
                0x08004ebc                HAL_TIM_TriggerCallback
 .text.TIM_Base_SetConfig
                0x08004ed0      0x140 ./Drivers/STM32F7xx_HAL_Driver/Src/stm32f7xx_hal_tim.o
                0x08004ed0                TIM_Base_SetConfig
 .text.TIM_OC1_SetConfig
                0x08005010       0xe4 ./Drivers/STM32F7xx_HAL_Driver/Src/stm32f7xx_hal_tim.o
 .text.TIM_OC2_SetConfig
                0x080050f4       0xf0 ./Drivers/STM32F7xx_HAL_Driver/Src/stm32f7xx_hal_tim.o
                0x080050f4                TIM_OC2_SetConfig
 .text.TIM_OC3_SetConfig
                0x080051e4       0xec ./Drivers/STM32F7xx_HAL_Driver/Src/stm32f7xx_hal_tim.o
 .text.TIM_OC4_SetConfig
                0x080052d0       0xb0 ./Drivers/STM32F7xx_HAL_Driver/Src/stm32f7xx_hal_tim.o
 .text.TIM_OC5_SetConfig
                0x08005380       0xa4 ./Drivers/STM32F7xx_HAL_Driver/Src/stm32f7xx_hal_tim.o
 .text.TIM_OC6_SetConfig
                0x08005424       0xa8 ./Drivers/STM32F7xx_HAL_Driver/Src/stm32f7xx_hal_tim.o
 .text.TIM_TI1_ConfigInputStage
                0x080054cc       0x5e ./Drivers/STM32F7xx_HAL_Driver/Src/stm32f7xx_hal_tim.o
 .text.TIM_TI2_ConfigInputStage
                0x0800552a       0x60 ./Drivers/STM32F7xx_HAL_Driver/Src/stm32f7xx_hal_tim.o
 .text.TIM_ITRx_SetConfig
                0x0800558a       0x36 ./Drivers/STM32F7xx_HAL_Driver/Src/stm32f7xx_hal_tim.o
 .text.TIM_ETR_SetConfig
                0x080055c0       0x40 ./Drivers/STM32F7xx_HAL_Driver/Src/stm32f7xx_hal_tim.o
                0x080055c0                TIM_ETR_SetConfig
 .text.TIM_CCxChannelCmd
                0x08005600       0x4a ./Drivers/STM32F7xx_HAL_Driver/Src/stm32f7xx_hal_tim.o
                0x08005600                TIM_CCxChannelCmd
 *fill*         0x0800564a        0x2 
 .text.HAL_TIMEx_MasterConfigSynchronization
                0x0800564c      0x11c ./Drivers/STM32F7xx_HAL_Driver/Src/stm32f7xx_hal_tim_ex.o
                0x0800564c                HAL_TIMEx_MasterConfigSynchronization
 .text.HAL_TIMEx_ConfigBreakDeadTime
                0x08005768       0xfc ./Drivers/STM32F7xx_HAL_Driver/Src/stm32f7xx_hal_tim_ex.o
                0x08005768                HAL_TIMEx_ConfigBreakDeadTime
 .text.HAL_TIMEx_CommutCallback
                0x08005864       0x14 ./Drivers/STM32F7xx_HAL_Driver/Src/stm32f7xx_hal_tim_ex.o
                0x08005864                HAL_TIMEx_CommutCallback
 .text.HAL_TIMEx_BreakCallback
                0x08005878       0x14 ./Drivers/STM32F7xx_HAL_Driver/Src/stm32f7xx_hal_tim_ex.o
                0x08005878                HAL_TIMEx_BreakCallback
 .text.HAL_TIMEx_Break2Callback
                0x0800588c       0x14 ./Drivers/STM32F7xx_HAL_Driver/Src/stm32f7xx_hal_tim_ex.o
                0x0800588c                HAL_TIMEx_Break2Callback
 .text.vListInitialise
                0x080058a0       0x40 ./ThirdParty/FreeRTOS/list.o
                0x080058a0                vListInitialise
 .text.vListInitialiseItem
                0x080058e0       0x1a ./ThirdParty/FreeRTOS/list.o
                0x080058e0                vListInitialiseItem
 .text.vListInsert
                0x080058fa       0x72 ./ThirdParty/FreeRTOS/list.o
                0x080058fa                vListInsert
 .text.uxListRemove
                0x0800596c       0x54 ./ThirdParty/FreeRTOS/list.o
                0x0800596c                uxListRemove
 .text.xQueueGenericReset
                0x080059c0      0x12c ./ThirdParty/FreeRTOS/queue.o
                0x080059c0                xQueueGenericReset
 .text.xQueueGenericCreate
                0x08005aec       0xa2 ./ThirdParty/FreeRTOS/queue.o
                0x08005aec                xQueueGenericCreate
 .text.prvInitialiseNewQueue
                0x08005b8e       0x3e ./ThirdParty/FreeRTOS/queue.o
 .text.xQueueGenericSendFromISR
                0x08005bcc      0x180 ./ThirdParty/FreeRTOS/queue.o
                0x08005bcc                xQueueGenericSendFromISR
 .text.xQueueReceive
                0x08005d4c      0x1d0 ./ThirdParty/FreeRTOS/queue.o
                0x08005d4c                xQueueReceive
 .text.prvCopyDataToQueue
                0x08005f1c       0xd4 ./ThirdParty/FreeRTOS/queue.o
 .text.prvCopyDataFromQueue
                0x08005ff0       0x4c ./ThirdParty/FreeRTOS/queue.o
 .text.prvUnlockQueue
                0x0800603c       0xa4 ./ThirdParty/FreeRTOS/queue.o
 .text.prvIsQueueEmpty
                0x080060e0       0x2c ./ThirdParty/FreeRTOS/queue.o
 .text.vQueueAddToRegistry
                0x0800610c       0xa4 ./ThirdParty/FreeRTOS/queue.o
                0x0800610c                vQueueAddToRegistry
 .text.vQueueWaitForMessageRestricted
                0x080061b0       0x68 ./ThirdParty/FreeRTOS/queue.o
                0x080061b0                vQueueWaitForMessageRestricted
 .text.xTaskCreate
                0x08006218       0x8c ./ThirdParty/FreeRTOS/tasks.o
                0x08006218                xTaskCreate
 .text.prvInitialiseNewTask
                0x080062a4      0x118 ./ThirdParty/FreeRTOS/tasks.o
 .text.prvAddNewTaskToReadyList
                0x080063bc      0x124 ./ThirdParty/FreeRTOS/tasks.o
 .text.xTaskDelayUntil
                0x080064e0      0x110 ./ThirdParty/FreeRTOS/tasks.o
                0x080064e0                xTaskDelayUntil
 .text.vTaskStartScheduler
                0x080065f0       0xac ./ThirdParty/FreeRTOS/tasks.o
                0x080065f0                vTaskStartScheduler
 .text.vTaskSuspendAll
                0x0800669c       0x1c ./ThirdParty/FreeRTOS/tasks.o
                0x0800669c                vTaskSuspendAll
 .text.xTaskResumeAll
                0x080066b8      0x1fc ./ThirdParty/FreeRTOS/tasks.o
                0x080066b8                xTaskResumeAll
 .text.xTaskGetTickCount
                0x080068b4       0x20 ./ThirdParty/FreeRTOS/tasks.o
                0x080068b4                xTaskGetTickCount
 .text.uxTaskGetNumberOfTasks
                0x080068d4       0x18 ./ThirdParty/FreeRTOS/tasks.o
                0x080068d4                uxTaskGetNumberOfTasks
 .text.xTaskIncrementTick
                0x080068ec      0x234 ./ThirdParty/FreeRTOS/tasks.o
                0x080068ec                xTaskIncrementTick
 .text.vTaskSwitchContext
                0x08006b20       0xbc ./ThirdParty/FreeRTOS/tasks.o
                0x08006b20                vTaskSwitchContext
 .text.vTaskPlaceOnEventList
                0x08006bdc       0x50 ./ThirdParty/FreeRTOS/tasks.o
                0x08006bdc                vTaskPlaceOnEventList
 .text.vTaskPlaceOnEventListRestricted
                0x08006c2c       0x90 ./ThirdParty/FreeRTOS/tasks.o
                0x08006c2c                vTaskPlaceOnEventListRestricted
 .text.xTaskRemoveFromEventList
                0x08006cbc      0x1b4 ./ThirdParty/FreeRTOS/tasks.o
                0x08006cbc                xTaskRemoveFromEventList
 .text.vTaskInternalSetTimeOutState
                0x08006e70       0x2c ./ThirdParty/FreeRTOS/tasks.o
                0x08006e70                vTaskInternalSetTimeOutState
 .text.xTaskCheckForTimeOut
                0x08006e9c       0xd8 ./ThirdParty/FreeRTOS/tasks.o
                0x08006e9c                xTaskCheckForTimeOut
 .text.vTaskMissedYield
                0x08006f74       0x18 ./ThirdParty/FreeRTOS/tasks.o
                0x08006f74                vTaskMissedYield
 .text.prvIdleTask
                0x08006f8c       0x34 ./ThirdParty/FreeRTOS/tasks.o
 .text.prvInitialiseTaskLists
                0x08006fc0       0x80 ./ThirdParty/FreeRTOS/tasks.o
 .text.prvCheckTasksWaitingTermination
                0x08007040       0x5c ./ThirdParty/FreeRTOS/tasks.o
 .text.prvDeleteTCB
                0x0800709c       0x20 ./ThirdParty/FreeRTOS/tasks.o
 .text.prvResetNextTaskUnblockTime
                0x080070bc       0x38 ./ThirdParty/FreeRTOS/tasks.o
 .text.xTaskGetSchedulerState
                0x080070f4       0x3c ./ThirdParty/FreeRTOS/tasks.o
                0x080070f4                xTaskGetSchedulerState
 .text.xTaskPriorityDisinherit
                0x08007130      0x154 ./ThirdParty/FreeRTOS/tasks.o
                0x08007130                xTaskPriorityDisinherit
 .text.prvAddCurrentTaskToDelayedList
                0x08007284      0x100 ./ThirdParty/FreeRTOS/tasks.o
 .text.xTimerCreateTimerTask
                0x08007384       0x6c ./ThirdParty/FreeRTOS/timers.o
                0x08007384                xTimerCreateTimerTask
 .text.prvReloadTimer
                0x080073f0       0x42 ./ThirdParty/FreeRTOS/timers.o
 *fill*         0x08007432        0x2 
 .text.prvProcessExpiredTimer
                0x08007434       0x60 ./ThirdParty/FreeRTOS/timers.o
 .text.prvTimerTask
                0x08007494       0x26 ./ThirdParty/FreeRTOS/timers.o
 *fill*         0x080074ba        0x2 
 .text.prvProcessTimerOrBlockTask
                0x080074bc       0x9c ./ThirdParty/FreeRTOS/timers.o
 .text.prvGetNextExpireTime
                0x08007558       0x48 ./ThirdParty/FreeRTOS/timers.o
 .text.prvSampleTimeNow
                0x080075a0       0x40 ./ThirdParty/FreeRTOS/timers.o
 .text.prvInsertTimerInActiveList
                0x080075e0       0x84 ./ThirdParty/FreeRTOS/timers.o
 .text.prvProcessReceivedCommands
                0x08007664      0x188 ./ThirdParty/FreeRTOS/timers.o
 .text.prvSwitchTimerLists
                0x080077ec       0x4c ./ThirdParty/FreeRTOS/timers.o
 .text.prvCheckForValidListAndQueue
                0x08007838       0x6c ./ThirdParty/FreeRTOS/timers.o
 .text.pxPortInitialiseStack
                0x080078a4       0x68 ./ThirdParty/FreeRTOS/portable/GCC/ARM_CM7/r0p1/port.o
                0x080078a4                pxPortInitialiseStack
 .text.prvTaskExitError
                0x0800790c       0x64 ./ThirdParty/FreeRTOS/portable/GCC/ARM_CM7/r0p1/port.o
 .text.SVC_Handler
                0x08007970       0x28 ./ThirdParty/FreeRTOS/portable/GCC/ARM_CM7/r0p1/port.o
                0x08007970                SVC_Handler
 .text.prvPortStartFirstTask
                0x08007998       0x2c ./ThirdParty/FreeRTOS/portable/GCC/ARM_CM7/r0p1/port.o
 .text.xPortStartScheduler
                0x080079c4       0xfc ./ThirdParty/FreeRTOS/portable/GCC/ARM_CM7/r0p1/port.o
                0x080079c4                xPortStartScheduler
 .text.vPortEnterCritical
                0x08007ac0       0x6c ./ThirdParty/FreeRTOS/portable/GCC/ARM_CM7/r0p1/port.o
                0x08007ac0                vPortEnterCritical
 .text.vPortExitCritical
                0x08007b2c       0x58 ./ThirdParty/FreeRTOS/portable/GCC/ARM_CM7/r0p1/port.o
                0x08007b2c                vPortExitCritical
 *fill*         0x08007b84        0xc 
 .text.PendSV_Handler
                0x08007b90       0x68 ./ThirdParty/FreeRTOS/portable/GCC/ARM_CM7/r0p1/port.o
                0x08007b90                PendSV_Handler
 .text.SysTick_Handler
                0x08007bf8       0x48 ./ThirdParty/FreeRTOS/portable/GCC/ARM_CM7/r0p1/port.o
                0x08007bf8                SysTick_Handler
 .text.vPortSetupTimerInterrupt
                0x08007c40       0x48 ./ThirdParty/FreeRTOS/portable/GCC/ARM_CM7/r0p1/port.o
                0x08007c40                vPortSetupTimerInterrupt
 .text.vPortEnableVFP
                0x08007c88       0x18 ./ThirdParty/FreeRTOS/portable/GCC/ARM_CM7/r0p1/port.o
 .text.vPortValidateInterruptPriority
                0x08007ca0       0x8c ./ThirdParty/FreeRTOS/portable/GCC/ARM_CM7/r0p1/port.o
                0x08007ca0                vPortValidateInterruptPriority
 .text.pvPortMalloc
                0x08007d2c      0x180 ./ThirdParty/FreeRTOS/portable/MemMang/heap_4.o
                0x08007d2c                pvPortMalloc
 .text.vPortFree
                0x08007eac       0xc4 ./ThirdParty/FreeRTOS/portable/MemMang/heap_4.o
                0x08007eac                vPortFree
 .text.prvHeapInit
                0x08007f70       0xb8 ./ThirdParty/FreeRTOS/portable/MemMang/heap_4.o
 .text.prvInsertBlockIntoFreeList
                0x08008028       0xb4 ./ThirdParty/FreeRTOS/portable/MemMang/heap_4.o
 .text.memset   0x080080dc       0x10 C:/ST/STM32CubeIDE_1.14.1/STM32CubeIDE/plugins/com.st.stm32cube.ide.mcu.externaltools.gnu-tools-for-stm32.12.3.rel1.win32_1.0.100.202403111256/tools/bin/../lib/gcc/arm-none-eabi/12.3.1/../../../../arm-none-eabi/lib/thumb/v7e-m+dp/hard\libc_nano.a(libc_a-memset.o)
                0x080080dc                memset
 .text.__libc_init_array
                0x080080ec       0x48 C:/ST/STM32CubeIDE_1.14.1/STM32CubeIDE/plugins/com.st.stm32cube.ide.mcu.externaltools.gnu-tools-for-stm32.12.3.rel1.win32_1.0.100.202403111256/tools/bin/../lib/gcc/arm-none-eabi/12.3.1/../../../../arm-none-eabi/lib/thumb/v7e-m+dp/hard\libc_nano.a(libc_a-init.o)
                0x080080ec                __libc_init_array
 .text.memcpy   0x08008134       0x1c C:/ST/STM32CubeIDE_1.14.1/STM32CubeIDE/plugins/com.st.stm32cube.ide.mcu.externaltools.gnu-tools-for-stm32.12.3.rel1.win32_1.0.100.202403111256/tools/bin/../lib/gcc/arm-none-eabi/12.3.1/../../../../arm-none-eabi/lib/thumb/v7e-m+dp/hard\libc_nano.a(libc_a-memcpy-stub.o)
                0x08008134                memcpy
 *(.glue_7)
 .glue_7        0x08008150        0x0 linker stubs
 *(.glue_7t)
 .glue_7t       0x08008150        0x0 linker stubs
 *(.eh_frame)
 .eh_frame      0x08008150        0x0 C:/ST/STM32CubeIDE_1.14.1/STM32CubeIDE/plugins/com.st.stm32cube.ide.mcu.externaltools.gnu-tools-for-stm32.12.3.rel1.win32_1.0.100.202403111256/tools/bin/../lib/gcc/arm-none-eabi/12.3.1/thumb/v7e-m+dp/hard/crtbegin.o
 *(.init)
 .init          0x08008150        0x4 C:/ST/STM32CubeIDE_1.14.1/STM32CubeIDE/plugins/com.st.stm32cube.ide.mcu.externaltools.gnu-tools-for-stm32.12.3.rel1.win32_1.0.100.202403111256/tools/bin/../lib/gcc/arm-none-eabi/12.3.1/thumb/v7e-m+dp/hard/crti.o
                0x08008150                _init
 .init          0x08008154        0x8 C:/ST/STM32CubeIDE_1.14.1/STM32CubeIDE/plugins/com.st.stm32cube.ide.mcu.externaltools.gnu-tools-for-stm32.12.3.rel1.win32_1.0.100.202403111256/tools/bin/../lib/gcc/arm-none-eabi/12.3.1/thumb/v7e-m+dp/hard/crtn.o
 *(.fini)
 .fini          0x0800815c        0x4 C:/ST/STM32CubeIDE_1.14.1/STM32CubeIDE/plugins/com.st.stm32cube.ide.mcu.externaltools.gnu-tools-for-stm32.12.3.rel1.win32_1.0.100.202403111256/tools/bin/../lib/gcc/arm-none-eabi/12.3.1/thumb/v7e-m+dp/hard/crti.o
                0x0800815c                _fini
 .fini          0x08008160        0x8 C:/ST/STM32CubeIDE_1.14.1/STM32CubeIDE/plugins/com.st.stm32cube.ide.mcu.externaltools.gnu-tools-for-stm32.12.3.rel1.win32_1.0.100.202403111256/tools/bin/../lib/gcc/arm-none-eabi/12.3.1/thumb/v7e-m+dp/hard/crtn.o
                0x08008168                        . = ALIGN (0x4)
                0x08008168                        _etext = .

.vfp11_veneer   0x08008168        0x0
 .vfp11_veneer  0x08008168        0x0 linker stubs

.v4_bx          0x08008168        0x0
 .v4_bx         0x08008168        0x0 linker stubs

.iplt           0x08008168        0x0
 .iplt          0x08008168        0x0 C:/ST/STM32CubeIDE_1.14.1/STM32CubeIDE/plugins/com.st.stm32cube.ide.mcu.externaltools.gnu-tools-for-stm32.12.3.rel1.win32_1.0.100.202403111256/tools/bin/../lib/gcc/arm-none-eabi/12.3.1/thumb/v7e-m+dp/hard/crtbegin.o

.rodata         0x08008168       0x9c
                0x08008168                        . = ALIGN (0x4)
 *(.rodata)
 .rodata        0x08008168        0x8 ./Core/Src/CAN.o
 .rodata        0x08008170       0x62 ./Core/Src/main.o
 *fill*         0x080081d2        0x2 
 .rodata        0x080081d4        0x5 ./ThirdParty/FreeRTOS/tasks.o
 *fill*         0x080081d9        0x3 
 .rodata        0x080081dc        0xd ./ThirdParty/FreeRTOS/timers.o
 *(.rodata*)
 *fill*         0x080081e9        0x3 
 .rodata.AHBPrescTable
                0x080081ec       0x10 ./Core/Src/system_stm32f7xx.o
                0x080081ec                AHBPrescTable
 .rodata.APBPrescTable
                0x080081fc        0x8 ./Core/Src/system_stm32f7xx.o
                0x080081fc                APBPrescTable
                0x08008204                        . = ALIGN (0x4)

.ARM.extab      0x08008204        0x0
                0x08008204                        . = ALIGN (0x4)
 *(.ARM.extab* .gnu.linkonce.armextab.*)
                0x08008204                        . = ALIGN (0x4)

.ARM            0x08008204        0x8
                0x08008204                        . = ALIGN (0x4)
                0x08008204                        __exidx_start = .
 *(.ARM.exidx*)
 .ARM.exidx     0x08008204        0x8 C:/ST/STM32CubeIDE_1.14.1/STM32CubeIDE/plugins/com.st.stm32cube.ide.mcu.externaltools.gnu-tools-for-stm32.12.3.rel1.win32_1.0.100.202403111256/tools/bin/../lib/gcc/arm-none-eabi/12.3.1/thumb/v7e-m+dp/hard\libgcc.a(_udivmoddi4.o)
                0x0800820c                        __exidx_end = .
                0x0800820c                        . = ALIGN (0x4)

.rel.dyn        0x0800820c        0x0
 .rel.iplt      0x0800820c        0x0 C:/ST/STM32CubeIDE_1.14.1/STM32CubeIDE/plugins/com.st.stm32cube.ide.mcu.externaltools.gnu-tools-for-stm32.12.3.rel1.win32_1.0.100.202403111256/tools/bin/../lib/gcc/arm-none-eabi/12.3.1/thumb/v7e-m+dp/hard/crtbegin.o

.preinit_array  0x0800820c        0x0
                0x0800820c                        . = ALIGN (0x4)
                0x0800820c                        PROVIDE (__preinit_array_start = .)
 *(.preinit_array*)
                0x0800820c                        PROVIDE (__preinit_array_end = .)
                0x0800820c                        . = ALIGN (0x4)

.init_array     0x0800820c        0x4
                0x0800820c                        . = ALIGN (0x4)
                0x0800820c                        PROVIDE (__init_array_start = .)
 *(SORT_BY_NAME(.init_array.*))
 *(.init_array*)
 .init_array    0x0800820c        0x4 C:/ST/STM32CubeIDE_1.14.1/STM32CubeIDE/plugins/com.st.stm32cube.ide.mcu.externaltools.gnu-tools-for-stm32.12.3.rel1.win32_1.0.100.202403111256/tools/bin/../lib/gcc/arm-none-eabi/12.3.1/thumb/v7e-m+dp/hard/crtbegin.o
                0x08008210                        PROVIDE (__init_array_end = .)
                0x08008210                        . = ALIGN (0x4)

.fini_array     0x08008210        0x4
                0x08008210                        . = ALIGN (0x4)
                [!provide]                        PROVIDE (__fini_array_start = .)
 *(SORT_BY_NAME(.fini_array.*))
 *(.fini_array*)
 .fini_array    0x08008210        0x4 C:/ST/STM32CubeIDE_1.14.1/STM32CubeIDE/plugins/com.st.stm32cube.ide.mcu.externaltools.gnu-tools-for-stm32.12.3.rel1.win32_1.0.100.202403111256/tools/bin/../lib/gcc/arm-none-eabi/12.3.1/thumb/v7e-m+dp/hard/crtbegin.o
                [!provide]                        PROVIDE (__fini_array_end = .)
                0x08008214                        . = ALIGN (0x4)
                0x08008214                        _sidata = LOADADDR (.data)

.data           0x20000000       0x28 load address 0x08008214
                0x20000000                        . = ALIGN (0x4)
                0x20000000                        _sdata = .
 *(.data)
 *(.data*)
 .data.CAN_FAULT_PORT
                0x20000000        0x4 ./Core/Src/main.o
                0x20000000                CAN_FAULT_PORT
 .data.CAN_ENABLE_1_PORT
                0x20000004        0x4 ./Core/Src/main.o
                0x20000004                CAN_ENABLE_1_PORT
 .data.RTD_PIN_PORT
                0x20000008        0x4 ./Core/Src/main.o
                0x20000008                RTD_PIN_PORT
 .data.IGNITION_PORT
                0x2000000c        0x4 ./Core/Src/main.o
                0x2000000c                IGNITION_PORT
 .data.torqueRefLimit
                0x20000010        0x4 ./Core/Src/main.o
                0x20000010                torqueRefLimit
 .data.SystemCoreClock
                0x20000014        0x4 ./Core/Src/system_stm32f7xx.o
                0x20000014                SystemCoreClock
 .data.uwTickPrio
                0x20000018        0x4 ./Drivers/STM32F7xx_HAL_Driver/Src/stm32f7xx_hal.o
                0x20000018                uwTickPrio
 .data.uwTickFreq
                0x2000001c        0x1 ./Drivers/STM32F7xx_HAL_Driver/Src/stm32f7xx_hal.o
                0x2000001c                uwTickFreq
 *fill*         0x2000001d        0x3 
 .data.uxTopUsedPriority
                0x20000020        0x4 ./ThirdParty/FreeRTOS/tasks.o
                0x20000020                uxTopUsedPriority
 .data.uxCriticalNesting
                0x20000024        0x4 ./ThirdParty/FreeRTOS/portable/GCC/ARM_CM7/r0p1/port.o
 *(.RamFunc)
 *(.RamFunc*)
                0x20000028                        . = ALIGN (0x4)
                0x20000028                        _edata = .

.igot.plt       0x20000028        0x0 load address 0x0800823c
 .igot.plt      0x20000028        0x0 C:/ST/STM32CubeIDE_1.14.1/STM32CubeIDE/plugins/com.st.stm32cube.ide.mcu.externaltools.gnu-tools-for-stm32.12.3.rel1.win32_1.0.100.202403111256/tools/bin/../lib/gcc/arm-none-eabi/12.3.1/thumb/v7e-m+dp/hard/crtbegin.o
                0x20000028                        . = ALIGN (0x4)

.bss            0x20000028     0x3fa4 load address 0x0800823c
                0x20000028                        _sbss = .
                0x20000028                        __bss_start__ = _sbss
 *(.bss)
 .bss           0x20000028       0x1c C:/ST/STM32CubeIDE_1.14.1/STM32CubeIDE/plugins/com.st.stm32cube.ide.mcu.externaltools.gnu-tools-for-stm32.12.3.rel1.win32_1.0.100.202403111256/tools/bin/../lib/gcc/arm-none-eabi/12.3.1/thumb/v7e-m+dp/hard/crtbegin.o
 *(.bss*)
 .bss.hadc1     0x20000044       0x48 ./Core/Src/main.o
                0x20000044                hadc1
 .bss.hcan1     0x2000008c       0x28 ./Core/Src/main.o
                0x2000008c                hcan1
 .bss.hcan2     0x200000b4       0x28 ./Core/Src/main.o
                0x200000b4                hcan2
 .bss.htim1     0x200000dc       0x4c ./Core/Src/main.o
                0x200000dc                htim1
 .bss.buttonState
                0x20000128        0x1 ./Core/Src/main.o
                0x20000128                buttonState
 .bss.enableCar
                0x20000129        0x1 ./Core/Src/main.o
                0x20000129                enableCar
 *fill*         0x2000012a        0x2 
 .bss.buttonPressTime
                0x2000012c        0x4 ./Core/Src/main.o
                0x2000012c                buttonPressTime
 .bss.sConfig   0x20000130       0x10 ./Core/Src/main.o
 .bss.max       0x20000140        0x4 ./Core/Src/main.o
                0x20000140                max
 .bss.min       0x20000144        0x4 ./Core/Src/main.o
                0x20000144                min
 .bss.maxIndex  0x20000148        0x4 ./Core/Src/main.o
                0x20000148                maxIndex
 .bss.minIndex  0x2000014c        0x4 ./Core/Src/main.o
                0x2000014c                minIndex
 .bss.adcBuffer
                0x20000150       0x3c ./Core/Src/main.o
                0x20000150                adcBuffer
 .bss.sum       0x2000018c        0x4 ./Core/Src/main.o
                0x2000018c                sum
 .bss.average   0x20000190        0x4 ./Core/Src/main.o
                0x20000190                average
 .bss.percentageDeviation
                0x20000194        0x4 ./Core/Src/main.o
                0x20000194                percentageDeviation
 .bss.primaryPotValue
                0x20000198        0x4 ./Core/Src/main.o
                0x20000198                primaryPotValue
 .bss.secondaryPotValue
                0x2000019c        0x4 ./Core/Src/main.o
                0x2000019c                secondaryPotValue
 .bss.errorSet  0x200001a0        0x5 ./Core/Src/main.o
                0x200001a0                errorSet
 *fill*         0x200001a5        0x3 
 .bss.imdInfo   0x200001a8        0x6 ./Core/Src/main.o
                0x200001a8                imdInfo
 *fill*         0x200001ae        0x2 
 .bss.xReturned
                0x200001b0        0x4 ./Core/Src/main.o
                0x200001b0                xReturned
 .bss.task1Handle
                0x200001b4        0x4 ./Core/Src/main.o
                0x200001b4                task1Handle
 .bss.task2Handle
                0x200001b8        0x4 ./Core/Src/main.o
                0x200001b8                task2Handle
 .bss.task3Handle
                0x200001bc        0x4 ./Core/Src/main.o
                0x200001bc                task3Handle
 .bss.task4Handle
                0x200001c0        0x4 ./Core/Src/main.o
                0x200001c0                task4Handle
 .bss.task5Handle
                0x200001c4        0x4 ./Core/Src/main.o
                0x200001c4                task5Handle
 .bss.task6Handle
                0x200001c8        0x4 ./Core/Src/main.o
                0x200001c8                task6Handle
 .bss.lowPriorityQueue
                0x200001cc        0x4 ./Core/Src/main.o
                0x200001cc                lowPriorityQueue
 .bss.highPriorityQueue
                0x200001d0        0x4 ./Core/Src/main.o
                0x200001d0                highPriorityQueue
 .bss.HAL_RCC_CAN1_CLK_ENABLED
                0x200001d4        0x4 ./Core/Src/stm32f7xx_hal_msp.o
 .bss.htim2     0x200001d8       0x4c ./Core/Src/stm32f7xx_hal_timebase_tim.o
                0x200001d8                htim2
 .bss.uwTick    0x20000224        0x4 ./Drivers/STM32F7xx_HAL_Driver/Src/stm32f7xx_hal.o
                0x20000224                uwTick
 .bss.xQueueRegistry
                0x20000228       0x40 ./ThirdParty/FreeRTOS/queue.o
                0x20000228                xQueueRegistry
 .bss.pxCurrentTCB
                0x20000268        0x4 ./ThirdParty/FreeRTOS/tasks.o
                0x20000268                pxCurrentTCB
 .bss.pxReadyTasksLists
                0x2000026c       0x64 ./ThirdParty/FreeRTOS/tasks.o
 .bss.xDelayedTaskList1
                0x200002d0       0x14 ./ThirdParty/FreeRTOS/tasks.o
 .bss.xDelayedTaskList2
                0x200002e4       0x14 ./ThirdParty/FreeRTOS/tasks.o
 .bss.pxDelayedTaskList
                0x200002f8        0x4 ./ThirdParty/FreeRTOS/tasks.o
 .bss.pxOverflowDelayedTaskList
                0x200002fc        0x4 ./ThirdParty/FreeRTOS/tasks.o
 .bss.xPendingReadyList
                0x20000300       0x14 ./ThirdParty/FreeRTOS/tasks.o
 .bss.xTasksWaitingTermination
                0x20000314       0x14 ./ThirdParty/FreeRTOS/tasks.o
 .bss.uxDeletedTasksWaitingCleanUp
                0x20000328        0x4 ./ThirdParty/FreeRTOS/tasks.o
 .bss.xSuspendedTaskList
                0x2000032c       0x14 ./ThirdParty/FreeRTOS/tasks.o
 .bss.uxCurrentNumberOfTasks
                0x20000340        0x4 ./ThirdParty/FreeRTOS/tasks.o
 .bss.xTickCount
                0x20000344        0x4 ./ThirdParty/FreeRTOS/tasks.o
 .bss.uxTopReadyPriority
                0x20000348        0x4 ./ThirdParty/FreeRTOS/tasks.o
 .bss.xSchedulerRunning
                0x2000034c        0x4 ./ThirdParty/FreeRTOS/tasks.o
 .bss.xPendedTicks
                0x20000350        0x4 ./ThirdParty/FreeRTOS/tasks.o
 .bss.xYieldPending
                0x20000354        0x4 ./ThirdParty/FreeRTOS/tasks.o
 .bss.xNumOfOverflows
                0x20000358        0x4 ./ThirdParty/FreeRTOS/tasks.o
 .bss.uxTaskNumber
                0x2000035c        0x4 ./ThirdParty/FreeRTOS/tasks.o
 .bss.xNextTaskUnblockTime
                0x20000360        0x4 ./ThirdParty/FreeRTOS/tasks.o
 .bss.xIdleTaskHandle
                0x20000364        0x4 ./ThirdParty/FreeRTOS/tasks.o
 .bss.uxSchedulerSuspended
                0x20000368        0x4 ./ThirdParty/FreeRTOS/tasks.o
 .bss.xActiveTimerList1
                0x2000036c       0x14 ./ThirdParty/FreeRTOS/timers.o
 .bss.xActiveTimerList2
                0x20000380       0x14 ./ThirdParty/FreeRTOS/timers.o
 .bss.pxCurrentTimerList
                0x20000394        0x4 ./ThirdParty/FreeRTOS/timers.o
 .bss.pxOverflowTimerList
                0x20000398        0x4 ./ThirdParty/FreeRTOS/timers.o
 .bss.xTimerQueue
                0x2000039c        0x4 ./ThirdParty/FreeRTOS/timers.o
 .bss.xTimerTaskHandle
                0x200003a0        0x4 ./ThirdParty/FreeRTOS/timers.o
 .bss.xLastTime.0
                0x200003a4        0x4 ./ThirdParty/FreeRTOS/timers.o
 .bss.ucMaxSysCallPriority
                0x200003a8        0x1 ./ThirdParty/FreeRTOS/portable/GCC/ARM_CM7/r0p1/port.o
 *fill*         0x200003a9        0x3 
 .bss.ulMaxPRIGROUPValue
                0x200003ac        0x4 ./ThirdParty/FreeRTOS/portable/GCC/ARM_CM7/r0p1/port.o
 .bss.ucHeap    0x200003b0     0x3c00 ./ThirdParty/FreeRTOS/portable/MemMang/heap_4.o
 .bss.xStart    0x20003fb0        0x8 ./ThirdParty/FreeRTOS/portable/MemMang/heap_4.o
 .bss.pxEnd     0x20003fb8        0x4 ./ThirdParty/FreeRTOS/portable/MemMang/heap_4.o
 .bss.xFreeBytesRemaining
                0x20003fbc        0x4 ./ThirdParty/FreeRTOS/portable/MemMang/heap_4.o
 .bss.xMinimumEverFreeBytesRemaining
                0x20003fc0        0x4 ./ThirdParty/FreeRTOS/portable/MemMang/heap_4.o
 .bss.xNumberOfSuccessfulAllocations
                0x20003fc4        0x4 ./ThirdParty/FreeRTOS/portable/MemMang/heap_4.o
 .bss.xNumberOfSuccessfulFrees
                0x20003fc8        0x4 ./ThirdParty/FreeRTOS/portable/MemMang/heap_4.o
 *(COMMON)
                0x20003fcc                        . = ALIGN (0x4)
                0x20003fcc                        _ebss = .
                0x20003fcc                        __bss_end__ = _ebss

._user_heap_stack
                0x20003fcc      0x604 load address 0x0800823c
                0x20003fd0                        . = ALIGN (0x8)
 *fill*         0x20003fcc        0x4 
                0x20003fd0                        PROVIDE (end = .)
                [!provide]                        PROVIDE (_end = .)
                0x200041d0                        . = (. + _Min_Heap_Size)
 *fill*         0x20003fd0      0x200 
                0x200045d0                        . = (. + _Min_Stack_Size)
 *fill*         0x200041d0      0x400 
                0x200045d0                        . = ALIGN (0x8)

/DISCARD/
 libc.a(*)
 libm.a(*)
 libgcc.a(*)

.ARM.attributes
                0x00000000       0x2e
 *(.ARM.attributes)
 .ARM.attributes
                0x00000000       0x20 C:/ST/STM32CubeIDE_1.14.1/STM32CubeIDE/plugins/com.st.stm32cube.ide.mcu.externaltools.gnu-tools-for-stm32.12.3.rel1.win32_1.0.100.202403111256/tools/bin/../lib/gcc/arm-none-eabi/12.3.1/thumb/v7e-m+dp/hard/crti.o
 .ARM.attributes
                0x00000020       0x32 C:/ST/STM32CubeIDE_1.14.1/STM32CubeIDE/plugins/com.st.stm32cube.ide.mcu.externaltools.gnu-tools-for-stm32.12.3.rel1.win32_1.0.100.202403111256/tools/bin/../lib/gcc/arm-none-eabi/12.3.1/thumb/v7e-m+dp/hard/crtbegin.o
 .ARM.attributes
                0x00000052       0x32 ./Core/Src/CAN.o
 .ARM.attributes
                0x00000084       0x32 ./Core/Src/_do_quasar_canopen.o
 .ARM.attributes
                0x000000b6       0x32 ./Core/Src/isolation.o
 .ARM.attributes
                0x000000e8       0x32 ./Core/Src/main.o
 .ARM.attributes
                0x0000011a       0x32 ./Core/Src/stm32f7xx_hal_msp.o
 .ARM.attributes
                0x0000014c       0x32 ./Core/Src/stm32f7xx_hal_timebase_tim.o
 .ARM.attributes
                0x0000017e       0x32 ./Core/Src/stm32f7xx_it.o
 .ARM.attributes
                0x000001b0       0x32 ./Core/Src/system_stm32f7xx.o
 .ARM.attributes
                0x000001e2       0x21 ./Core/Startup/startup_stm32f767zitx.o
 .ARM.attributes
                0x00000203       0x32 ./Drivers/STM32F7xx_HAL_Driver/Src/stm32f7xx_hal.o
 .ARM.attributes
                0x00000235       0x32 ./Drivers/STM32F7xx_HAL_Driver/Src/stm32f7xx_hal_adc.o
 .ARM.attributes
                0x00000267       0x32 ./Drivers/STM32F7xx_HAL_Driver/Src/stm32f7xx_hal_can.o
 .ARM.attributes
                0x00000299       0x32 ./Drivers/STM32F7xx_HAL_Driver/Src/stm32f7xx_hal_cortex.o
 .ARM.attributes
                0x000002cb       0x32 ./Drivers/STM32F7xx_HAL_Driver/Src/stm32f7xx_hal_gpio.o
 .ARM.attributes
                0x000002fd       0x32 ./Drivers/STM32F7xx_HAL_Driver/Src/stm32f7xx_hal_rcc.o
 .ARM.attributes
                0x0000032f       0x32 ./Drivers/STM32F7xx_HAL_Driver/Src/stm32f7xx_hal_tim.o
 .ARM.attributes
                0x00000361       0x32 ./Drivers/STM32F7xx_HAL_Driver/Src/stm32f7xx_hal_tim_ex.o
 .ARM.attributes
                0x00000393       0x32 ./ThirdParty/FreeRTOS/list.o
 .ARM.attributes
                0x000003c5       0x32 ./ThirdParty/FreeRTOS/queue.o
 .ARM.attributes
                0x000003f7       0x32 ./ThirdParty/FreeRTOS/tasks.o
 .ARM.attributes
                0x00000429       0x32 ./ThirdParty/FreeRTOS/timers.o
 .ARM.attributes
                0x0000045b       0x32 ./ThirdParty/FreeRTOS/portable/GCC/ARM_CM7/r0p1/port.o
 .ARM.attributes
                0x0000048d       0x32 ./ThirdParty/FreeRTOS/portable/MemMang/heap_4.o
 .ARM.attributes
                0x000004bf       0x32 C:/ST/STM32CubeIDE_1.14.1/STM32CubeIDE/plugins/com.st.stm32cube.ide.mcu.externaltools.gnu-tools-for-stm32.12.3.rel1.win32_1.0.100.202403111256/tools/bin/../lib/gcc/arm-none-eabi/12.3.1/../../../../arm-none-eabi/lib/thumb/v7e-m+dp/hard\libc_nano.a(libc_a-memset.o)
 .ARM.attributes
                0x000004f1       0x32 C:/ST/STM32CubeIDE_1.14.1/STM32CubeIDE/plugins/com.st.stm32cube.ide.mcu.externaltools.gnu-tools-for-stm32.12.3.rel1.win32_1.0.100.202403111256/tools/bin/../lib/gcc/arm-none-eabi/12.3.1/../../../../arm-none-eabi/lib/thumb/v7e-m+dp/hard\libc_nano.a(libc_a-init.o)
 .ARM.attributes
                0x00000523       0x32 C:/ST/STM32CubeIDE_1.14.1/STM32CubeIDE/plugins/com.st.stm32cube.ide.mcu.externaltools.gnu-tools-for-stm32.12.3.rel1.win32_1.0.100.202403111256/tools/bin/../lib/gcc/arm-none-eabi/12.3.1/../../../../arm-none-eabi/lib/thumb/v7e-m+dp/hard\libc_nano.a(libc_a-memcpy-stub.o)
 .ARM.attributes
                0x00000555       0x20 C:/ST/STM32CubeIDE_1.14.1/STM32CubeIDE/plugins/com.st.stm32cube.ide.mcu.externaltools.gnu-tools-for-stm32.12.3.rel1.win32_1.0.100.202403111256/tools/bin/../lib/gcc/arm-none-eabi/12.3.1/thumb/v7e-m+dp/hard\libgcc.a(_aeabi_uldivmod.o)
 .ARM.attributes
                0x00000575       0x32 C:/ST/STM32CubeIDE_1.14.1/STM32CubeIDE/plugins/com.st.stm32cube.ide.mcu.externaltools.gnu-tools-for-stm32.12.3.rel1.win32_1.0.100.202403111256/tools/bin/../lib/gcc/arm-none-eabi/12.3.1/thumb/v7e-m+dp/hard\libgcc.a(_udivmoddi4.o)
 .ARM.attributes
                0x000005a7       0x20 C:/ST/STM32CubeIDE_1.14.1/STM32CubeIDE/plugins/com.st.stm32cube.ide.mcu.externaltools.gnu-tools-for-stm32.12.3.rel1.win32_1.0.100.202403111256/tools/bin/../lib/gcc/arm-none-eabi/12.3.1/thumb/v7e-m+dp/hard\libgcc.a(_dvmd_tls.o)
 .ARM.attributes
                0x000005c7       0x20 C:/ST/STM32CubeIDE_1.14.1/STM32CubeIDE/plugins/com.st.stm32cube.ide.mcu.externaltools.gnu-tools-for-stm32.12.3.rel1.win32_1.0.100.202403111256/tools/bin/../lib/gcc/arm-none-eabi/12.3.1/thumb/v7e-m+dp/hard/crtn.o
OUTPUT(2024 LTU FE Vehicle Control Unit Firmware.elf elf32-littlearm)
LOAD linker stubs
LOAD C:/ST/STM32CubeIDE_1.14.1/STM32CubeIDE/plugins/com.st.stm32cube.ide.mcu.externaltools.gnu-tools-for-stm32.12.3.rel1.win32_1.0.100.202403111256/tools/bin/../lib/gcc/arm-none-eabi/12.3.1/../../../../arm-none-eabi/lib/thumb/v7e-m+dp/hard\libc.a
LOAD C:/ST/STM32CubeIDE_1.14.1/STM32CubeIDE/plugins/com.st.stm32cube.ide.mcu.externaltools.gnu-tools-for-stm32.12.3.rel1.win32_1.0.100.202403111256/tools/bin/../lib/gcc/arm-none-eabi/12.3.1/../../../../arm-none-eabi/lib/thumb/v7e-m+dp/hard\libm.a
LOAD C:/ST/STM32CubeIDE_1.14.1/STM32CubeIDE/plugins/com.st.stm32cube.ide.mcu.externaltools.gnu-tools-for-stm32.12.3.rel1.win32_1.0.100.202403111256/tools/bin/../lib/gcc/arm-none-eabi/12.3.1/thumb/v7e-m+dp/hard\libgcc.a

.debug_info     0x00000000    0x15581
 .debug_info    0x00000000      0xa2a ./Core/Src/CAN.o
 .debug_info    0x00000a2a     0x11cb ./Core/Src/_do_quasar_canopen.o
 .debug_info    0x00001bf5      0x1ab ./Core/Src/isolation.o
 .debug_info    0x00001da0     0x29f9 ./Core/Src/main.o
 .debug_info    0x00004799     0x150c ./Core/Src/stm32f7xx_hal_msp.o
 .debug_info    0x00005ca5      0xd1d ./Core/Src/stm32f7xx_hal_timebase_tim.o
 .debug_info    0x000069c2      0xb4e ./Core/Src/stm32f7xx_it.o
 .debug_info    0x00007510      0x6ed ./Core/Src/system_stm32f7xx.o
 .debug_info    0x00007bfd       0x30 ./Core/Startup/startup_stm32f767zitx.o
 .debug_info    0x00007c2d      0xa4c ./Drivers/STM32F7xx_HAL_Driver/Src/stm32f7xx_hal.o
 .debug_info    0x00008679      0xc83 ./Drivers/STM32F7xx_HAL_Driver/Src/stm32f7xx_hal_adc.o
 .debug_info    0x000092fc      0xf20 ./Drivers/STM32F7xx_HAL_Driver/Src/stm32f7xx_hal_can.o
 .debug_info    0x0000a21c      0xf8b ./Drivers/STM32F7xx_HAL_Driver/Src/stm32f7xx_hal_cortex.o
 .debug_info    0x0000b1a7      0x6f3 ./Drivers/STM32F7xx_HAL_Driver/Src/stm32f7xx_hal_gpio.o
 .debug_info    0x0000b89a      0x937 ./Drivers/STM32F7xx_HAL_Driver/Src/stm32f7xx_hal_rcc.o
 .debug_info    0x0000c1d1     0x2ab2 ./Drivers/STM32F7xx_HAL_Driver/Src/stm32f7xx_hal_tim.o
 .debug_info    0x0000ec83     0x16bb ./Drivers/STM32F7xx_HAL_Driver/Src/stm32f7xx_hal_tim_ex.o
 .debug_info    0x0001033e      0x2af ./ThirdParty/FreeRTOS/list.o
 .debug_info    0x000105ed     0x17ad ./ThirdParty/FreeRTOS/queue.o
 .debug_info    0x00011d9a     0x206c ./ThirdParty/FreeRTOS/tasks.o
 .debug_info    0x00013e06      0xdb3 ./ThirdParty/FreeRTOS/timers.o
 .debug_info    0x00014bb9      0x4a7 ./ThirdParty/FreeRTOS/portable/GCC/ARM_CM7/r0p1/port.o
 .debug_info    0x00015060      0x521 ./ThirdParty/FreeRTOS/portable/MemMang/heap_4.o

.debug_abbrev   0x00000000     0x323e
 .debug_abbrev  0x00000000      0x1da ./Core/Src/CAN.o
 .debug_abbrev  0x000001da      0x14f ./Core/Src/_do_quasar_canopen.o
 .debug_abbrev  0x00000329       0xc2 ./Core/Src/isolation.o
 .debug_abbrev  0x000003eb      0x475 ./Core/Src/main.o
 .debug_abbrev  0x00000860      0x249 ./Core/Src/stm32f7xx_hal_msp.o
 .debug_abbrev  0x00000aa9      0x1f4 ./Core/Src/stm32f7xx_hal_timebase_tim.o
 .debug_abbrev  0x00000c9d      0x1c9 ./Core/Src/stm32f7xx_it.o
 .debug_abbrev  0x00000e66      0x13b ./Core/Src/system_stm32f7xx.o
 .debug_abbrev  0x00000fa1       0x24 ./Core/Startup/startup_stm32f767zitx.o
 .debug_abbrev  0x00000fc5      0x213 ./Drivers/STM32F7xx_HAL_Driver/Src/stm32f7xx_hal.o
 .debug_abbrev  0x000011d8      0x252 ./Drivers/STM32F7xx_HAL_Driver/Src/stm32f7xx_hal_adc.o
 .debug_abbrev  0x0000142a      0x252 ./Drivers/STM32F7xx_HAL_Driver/Src/stm32f7xx_hal_can.o
 .debug_abbrev  0x0000167c      0x329 ./Drivers/STM32F7xx_HAL_Driver/Src/stm32f7xx_hal_cortex.o
 .debug_abbrev  0x000019a5      0x1d4 ./Drivers/STM32F7xx_HAL_Driver/Src/stm32f7xx_hal_gpio.o
 .debug_abbrev  0x00001b79      0x2de ./Drivers/STM32F7xx_HAL_Driver/Src/stm32f7xx_hal_rcc.o
 .debug_abbrev  0x00001e57      0x278 ./Drivers/STM32F7xx_HAL_Driver/Src/stm32f7xx_hal_tim.o
 .debug_abbrev  0x000020cf      0x283 ./Drivers/STM32F7xx_HAL_Driver/Src/stm32f7xx_hal_tim_ex.o
 .debug_abbrev  0x00002352       0xf5 ./ThirdParty/FreeRTOS/list.o
 .debug_abbrev  0x00002447      0x323 ./ThirdParty/FreeRTOS/queue.o
 .debug_abbrev  0x0000276a      0x376 ./ThirdParty/FreeRTOS/tasks.o
 .debug_abbrev  0x00002ae0      0x2b0 ./ThirdParty/FreeRTOS/timers.o
 .debug_abbrev  0x00002d90      0x258 ./ThirdParty/FreeRTOS/portable/GCC/ARM_CM7/r0p1/port.o
 .debug_abbrev  0x00002fe8      0x256 ./ThirdParty/FreeRTOS/portable/MemMang/heap_4.o

.debug_aranges  0x00000000     0x1340
 .debug_aranges
                0x00000000       0x48 ./Core/Src/CAN.o
 .debug_aranges
                0x00000048      0x118 ./Core/Src/_do_quasar_canopen.o
 .debug_aranges
                0x00000160       0x28 ./Core/Src/isolation.o
 .debug_aranges
                0x00000188      0x110 ./Core/Src/main.o
 .debug_aranges
                0x00000298       0x50 ./Core/Src/stm32f7xx_hal_msp.o
 .debug_aranges
                0x000002e8       0x30 ./Core/Src/stm32f7xx_hal_timebase_tim.o
 .debug_aranges
                0x00000318       0x78 ./Core/Src/stm32f7xx_it.o
 .debug_aranges
                0x00000390       0x28 ./Core/Src/system_stm32f7xx.o
 .debug_aranges
                0x000003b8       0x28 ./Core/Startup/startup_stm32f767zitx.o
 .debug_aranges
                0x000003e0      0x110 ./Drivers/STM32F7xx_HAL_Driver/Src/stm32f7xx_hal.o
 .debug_aranges
                0x000004f0       0xe8 ./Drivers/STM32F7xx_HAL_Driver/Src/stm32f7xx_hal_adc.o
 .debug_aranges
                0x000005d8      0x138 ./Drivers/STM32F7xx_HAL_Driver/Src/stm32f7xx_hal_can.o
 .debug_aranges
                0x00000710      0x118 ./Drivers/STM32F7xx_HAL_Driver/Src/stm32f7xx_hal_cortex.o
 .debug_aranges
                0x00000828       0x58 ./Drivers/STM32F7xx_HAL_Driver/Src/stm32f7xx_hal_gpio.o
 .debug_aranges
                0x00000880       0x88 ./Drivers/STM32F7xx_HAL_Driver/Src/stm32f7xx_hal_rcc.o
 .debug_aranges
                0x00000908      0x3e0 ./Drivers/STM32F7xx_HAL_Driver/Src/stm32f7xx_hal_tim.o
 .debug_aranges
                0x00000ce8      0x180 ./Drivers/STM32F7xx_HAL_Driver/Src/stm32f7xx_hal_tim_ex.o
 .debug_aranges
                0x00000e68       0x40 ./ThirdParty/FreeRTOS/list.o
 .debug_aranges
                0x00000ea8      0x118 ./ThirdParty/FreeRTOS/queue.o
 .debug_aranges
                0x00000fc0      0x1c8 ./ThirdParty/FreeRTOS/tasks.o
 .debug_aranges
                0x00001188       0xd8 ./ThirdParty/FreeRTOS/timers.o
 .debug_aranges
                0x00001260       0x80 ./ThirdParty/FreeRTOS/portable/GCC/ARM_CM7/r0p1/port.o
 .debug_aranges
                0x000012e0       0x60 ./ThirdParty/FreeRTOS/portable/MemMang/heap_4.o

.debug_rnglists
                0x00000000      0xed9
 .debug_rnglists
                0x00000000       0x34 ./Core/Src/CAN.o
 .debug_rnglists
                0x00000034       0xe2 ./Core/Src/_do_quasar_canopen.o
 .debug_rnglists
                0x00000116       0x1a ./Core/Src/isolation.o
 .debug_rnglists
                0x00000130       0xd1 ./Core/Src/main.o
 .debug_rnglists
                0x00000201       0x3a ./Core/Src/stm32f7xx_hal_msp.o
 .debug_rnglists
                0x0000023b       0x20 ./Core/Src/stm32f7xx_hal_timebase_tim.o
 .debug_rnglists
                0x0000025b       0x55 ./Core/Src/stm32f7xx_it.o
 .debug_rnglists
                0x000002b0       0x1a ./Core/Src/system_stm32f7xx.o
 .debug_rnglists
                0x000002ca       0x19 ./Core/Startup/startup_stm32f767zitx.o
 .debug_rnglists
                0x000002e3       0xc7 ./Drivers/STM32F7xx_HAL_Driver/Src/stm32f7xx_hal.o
 .debug_rnglists
                0x000003aa       0xb5 ./Drivers/STM32F7xx_HAL_Driver/Src/stm32f7xx_hal_adc.o
 .debug_rnglists
                0x0000045f       0xee ./Drivers/STM32F7xx_HAL_Driver/Src/stm32f7xx_hal_can.o
 .debug_rnglists
                0x0000054d       0xce ./Drivers/STM32F7xx_HAL_Driver/Src/stm32f7xx_hal_cortex.o
 .debug_rnglists
                0x0000061b       0x3f ./Drivers/STM32F7xx_HAL_Driver/Src/stm32f7xx_hal_gpio.o
 .debug_rnglists
                0x0000065a       0x67 ./Drivers/STM32F7xx_HAL_Driver/Src/stm32f7xx_hal_rcc.o
 .debug_rnglists
                0x000006c1      0x328 ./Drivers/STM32F7xx_HAL_Driver/Src/stm32f7xx_hal_tim.o
 .debug_rnglists
                0x000009e9      0x138 ./Drivers/STM32F7xx_HAL_Driver/Src/stm32f7xx_hal_tim_ex.o
 .debug_rnglists
                0x00000b21       0x2b ./ThirdParty/FreeRTOS/list.o
 .debug_rnglists
                0x00000b4c       0xda ./ThirdParty/FreeRTOS/queue.o
 .debug_rnglists
                0x00000c26      0x16d ./ThirdParty/FreeRTOS/tasks.o
 .debug_rnglists
                0x00000d93       0xa1 ./ThirdParty/FreeRTOS/timers.o
 .debug_rnglists
                0x00000e34       0x5d ./ThirdParty/FreeRTOS/portable/GCC/ARM_CM7/r0p1/port.o
 .debug_rnglists
                0x00000e91       0x48 ./ThirdParty/FreeRTOS/portable/MemMang/heap_4.o

.debug_macro    0x00000000    0x2a7ae
 .debug_macro   0x00000000      0x226 ./Core/Src/CAN.o
 .debug_macro   0x00000226      0xacc ./Core/Src/CAN.o
 .debug_macro   0x00000cf2      0x299 ./Core/Src/CAN.o
 .debug_macro   0x00000f8b       0x2e ./Core/Src/CAN.o
 .debug_macro   0x00000fb9       0x3b ./Core/Src/CAN.o
 .debug_macro   0x00000ff4       0x22 ./Core/Src/CAN.o
 .debug_macro   0x00001016       0x8e ./Core/Src/CAN.o
 .debug_macro   0x000010a4       0x51 ./Core/Src/CAN.o
 .debug_macro   0x000010f5      0x103 ./Core/Src/CAN.o
 .debug_macro   0x000011f8       0x6a ./Core/Src/CAN.o
 .debug_macro   0x00001262      0x1df ./Core/Src/CAN.o
 .debug_macro   0x00001441       0x1c ./Core/Src/CAN.o
 .debug_macro   0x0000145d       0x22 ./Core/Src/CAN.o
 .debug_macro   0x0000147f       0xd9 ./Core/Src/CAN.o
 .debug_macro   0x00001558     0x12cd ./Core/Src/CAN.o
 .debug_macro   0x00002825      0x11f ./Core/Src/CAN.o
 .debug_macro   0x00002944       0x19 ./Core/Src/CAN.o
 .debug_macro   0x0000295d    0x1aa0d ./Core/Src/CAN.o
 .debug_macro   0x0001d36a       0x6d ./Core/Src/CAN.o
 .debug_macro   0x0001d3d7     0x3749 ./Core/Src/CAN.o
 .debug_macro   0x00020b20      0x189 ./Core/Src/CAN.o
 .debug_macro   0x00020ca9       0x63 ./Core/Src/CAN.o
 .debug_macro   0x00020d0c     0x1add ./Core/Src/CAN.o
 .debug_macro   0x000227e9      0x6c4 ./Core/Src/CAN.o
 .debug_macro   0x00022ead      0x18b ./Core/Src/CAN.o
 .debug_macro   0x00023038      0x115 ./Core/Src/CAN.o
 .debug_macro   0x0002314d      0x26e ./Core/Src/CAN.o
 .debug_macro   0x000233bb       0xa5 ./Core/Src/CAN.o
 .debug_macro   0x00023460      0x24f ./Core/Src/CAN.o
 .debug_macro   0x000236af       0x71 ./Core/Src/CAN.o
 .debug_macro   0x00023720       0x58 ./Core/Src/CAN.o
 .debug_macro   0x00023778      0x236 ./Core/Src/CAN.o
 .debug_macro   0x000239ae      0x416 ./Core/Src/CAN.o
 .debug_macro   0x00023dc4      0x153 ./Core/Src/CAN.o
 .debug_macro   0x00023f17      0x107 ./Core/Src/CAN.o
 .debug_macro   0x0002401e      0x40f ./Core/Src/CAN.o
 .debug_macro   0x0002442d      0x14e ./Core/Src/CAN.o
 .debug_macro   0x0002457b      0x3db ./Core/Src/CAN.o
 .debug_macro   0x00024956       0x12 ./Core/Src/CAN.o
 .debug_macro   0x00024968      0x22c ./Core/Src/CAN.o
 .debug_macro   0x00024b94       0x61 ./Core/Src/CAN.o
 .debug_macro   0x00024bf5       0xa5 ./Core/Src/CAN.o
 .debug_macro   0x00024c9a      0x12e ./Core/Src/CAN.o
 .debug_macro   0x00024dc8      0x108 ./Core/Src/CAN.o
 .debug_macro   0x00024ed0       0x35 ./Core/Src/CAN.o
 .debug_macro   0x00024f05      0xa8a ./Core/Src/CAN.o
 .debug_macro   0x0002598f       0xa9 ./Core/Src/CAN.o
 .debug_macro   0x00025a38      0x15b ./Core/Src/CAN.o
 .debug_macro   0x00025b93      0x37d ./Core/Src/CAN.o
 .debug_macro   0x00025f10       0x16 ./Core/Src/CAN.o
 .debug_macro   0x00025f26      0xc70 ./Core/Src/CAN.o
 .debug_macro   0x00026b96       0x10 ./Core/Src/CAN.o
 .debug_macro   0x00026ba6       0x6c ./Core/Src/_do_quasar_canopen.o
 .debug_macro   0x00026c12       0x6c ./Core/Src/isolation.o
 .debug_macro   0x00026c7e      0x3ae ./Core/Src/main.o
 .debug_macro   0x0002702c      0x112 ./Core/Src/main.o
 .debug_macro   0x0002713e      0x15a ./Core/Src/main.o
 .debug_macro   0x00027298       0xea ./Core/Src/main.o
 .debug_macro   0x00027382       0x28 ./Core/Src/main.o
 .debug_macro   0x000273aa       0x1f ./Core/Src/main.o
 .debug_macro   0x000273c9       0x12 ./Core/Src/main.o
 .debug_macro   0x000273db      0x51f ./Core/Src/main.o
 .debug_macro   0x000278fa       0xc3 ./Core/Src/main.o
 .debug_macro   0x000279bd      0x120 ./Core/Src/main.o
 .debug_macro   0x00027add       0x80 ./Core/Src/main.o
 .debug_macro   0x00027b5d       0x61 ./Core/Src/main.o
 .debug_macro   0x00027bbe       0x29 ./Core/Src/main.o
 .debug_macro   0x00027be7       0x43 ./Core/Src/main.o
 .debug_macro   0x00027c2a       0x34 ./Core/Src/main.o
 .debug_macro   0x00027c5e       0x16 ./Core/Src/main.o
 .debug_macro   0x00027c74       0x43 ./Core/Src/main.o
 .debug_macro   0x00027cb7       0x34 ./Core/Src/main.o
 .debug_macro   0x00027ceb       0x10 ./Core/Src/main.o
 .debug_macro   0x00027cfb       0x58 ./Core/Src/main.o
 .debug_macro   0x00027d53       0x8e ./Core/Src/main.o
 .debug_macro   0x00027de1       0x1c ./Core/Src/main.o
 .debug_macro   0x00027dfd      0x177 ./Core/Src/main.o
 .debug_macro   0x00027f74      0x369 ./Core/Src/main.o
 .debug_macro   0x000282dd       0x10 ./Core/Src/main.o
 .debug_macro   0x000282ed       0x35 ./Core/Src/main.o
 .debug_macro   0x00028322       0x20 ./Core/Src/main.o
 .debug_macro   0x00028342      0x1fc ./Core/Src/stm32f7xx_hal_msp.o
 .debug_macro   0x0002853e      0x1f2 ./Core/Src/stm32f7xx_hal_timebase_tim.o
 .debug_macro   0x00028730      0x206 ./Core/Src/stm32f7xx_it.o
 .debug_macro   0x00028936      0x1f2 ./Core/Src/system_stm32f7xx.o
 .debug_macro   0x00028b28      0x216 ./Drivers/STM32F7xx_HAL_Driver/Src/stm32f7xx_hal.o
 .debug_macro   0x00028d3e      0x1f3 ./Drivers/STM32F7xx_HAL_Driver/Src/stm32f7xx_hal_adc.o
 .debug_macro   0x00028f31      0x1fa ./Drivers/STM32F7xx_HAL_Driver/Src/stm32f7xx_hal_can.o
 .debug_macro   0x0002912b      0x1f2 ./Drivers/STM32F7xx_HAL_Driver/Src/stm32f7xx_hal_cortex.o
 .debug_macro   0x0002931d      0x1f8 ./Drivers/STM32F7xx_HAL_Driver/Src/stm32f7xx_hal_gpio.o
 .debug_macro   0x00029515      0x216 ./Drivers/STM32F7xx_HAL_Driver/Src/stm32f7xx_hal_rcc.o
 .debug_macro   0x0002972b      0x1f3 ./Drivers/STM32F7xx_HAL_Driver/Src/stm32f7xx_hal_tim.o
 .debug_macro   0x0002991e      0x1f2 ./Drivers/STM32F7xx_HAL_Driver/Src/stm32f7xx_hal_tim_ex.o
 .debug_macro   0x00029b10      0x198 ./ThirdParty/FreeRTOS/list.o
 .debug_macro   0x00029ca8      0x22f ./ThirdParty/FreeRTOS/queue.o
 .debug_macro   0x00029ed7       0x16 ./ThirdParty/FreeRTOS/queue.o
 .debug_macro   0x00029eed      0x27e ./ThirdParty/FreeRTOS/tasks.o
 .debug_macro   0x0002a16b       0x17 ./ThirdParty/FreeRTOS/tasks.o
 .debug_macro   0x0002a182      0x1e7 ./ThirdParty/FreeRTOS/timers.o
 .debug_macro   0x0002a369       0x97 ./ThirdParty/FreeRTOS/timers.o
 .debug_macro   0x0002a400      0x195 ./ThirdParty/FreeRTOS/portable/GCC/ARM_CM7/r0p1/port.o
 .debug_macro   0x0002a595      0x219 ./ThirdParty/FreeRTOS/portable/MemMang/heap_4.o

.debug_line     0x00000000    0x16926
 .debug_line    0x00000000      0x947 ./Core/Src/CAN.o
 .debug_line    0x00000947     0x1364 ./Core/Src/_do_quasar_canopen.o
 .debug_line    0x00001cab      0x4ed ./Core/Src/isolation.o
 .debug_line    0x00002198     0x1418 ./Core/Src/main.o
 .debug_line    0x000035b0      0x8c8 ./Core/Src/stm32f7xx_hal_msp.o
 .debug_line    0x00003e78      0x80a ./Core/Src/stm32f7xx_hal_timebase_tim.o
 .debug_line    0x00004682      0x8a3 ./Core/Src/stm32f7xx_it.o
 .debug_line    0x00004f25      0x811 ./Core/Src/system_stm32f7xx.o
 .debug_line    0x00005736       0x7a ./Core/Startup/startup_stm32f767zitx.o
 .debug_line    0x000057b0      0xae1 ./Drivers/STM32F7xx_HAL_Driver/Src/stm32f7xx_hal.o
 .debug_line    0x00006291     0x12e9 ./Drivers/STM32F7xx_HAL_Driver/Src/stm32f7xx_hal_adc.o
 .debug_line    0x0000757a     0x1224 ./Drivers/STM32F7xx_HAL_Driver/Src/stm32f7xx_hal_can.o
 .debug_line    0x0000879e      0xd29 ./Drivers/STM32F7xx_HAL_Driver/Src/stm32f7xx_hal_cortex.o
 .debug_line    0x000094c7      0xc31 ./Drivers/STM32F7xx_HAL_Driver/Src/stm32f7xx_hal_gpio.o
 .debug_line    0x0000a0f8      0xf0f ./Drivers/STM32F7xx_HAL_Driver/Src/stm32f7xx_hal_rcc.o
 .debug_line    0x0000b007     0x3d48 ./Drivers/STM32F7xx_HAL_Driver/Src/stm32f7xx_hal_tim.o
 .debug_line    0x0000ed4f     0x1c86 ./Drivers/STM32F7xx_HAL_Driver/Src/stm32f7xx_hal_tim_ex.o
 .debug_line    0x000109d5      0x895 ./ThirdParty/FreeRTOS/list.o
 .debug_line    0x0001126a     0x17aa ./ThirdParty/FreeRTOS/queue.o
 .debug_line    0x00012a14     0x1ccf ./ThirdParty/FreeRTOS/tasks.o
 .debug_line    0x000146e3      0xdc6 ./ThirdParty/FreeRTOS/timers.o
 .debug_line    0x000154a9      0x95f ./ThirdParty/FreeRTOS/portable/GCC/ARM_CM7/r0p1/port.o
 .debug_line    0x00015e08      0xb1e ./ThirdParty/FreeRTOS/portable/MemMang/heap_4.o

.debug_str      0x00000000   0x10ec2a
 .debug_str     0x00000000    0xfda83 ./Core/Src/CAN.o
                              0xfe1b0 (size before relaxing)
 .debug_str     0x000fda83      0xc7a ./Core/Src/_do_quasar_canopen.o
                               0x6138 (size before relaxing)
 .debug_str     0x000fe6fd       0x7c ./Core/Src/isolation.o
                               0x3e73 (size before relaxing)
 .debug_str     0x000fe779     0x9f42 ./Core/Src/main.o
                             0x107f82 (size before relaxing)
 .debug_str     0x001086bb      0x744 ./Core/Src/stm32f7xx_hal_msp.o
                              0xf7573 (size before relaxing)
 .debug_str     0x00108dff       0xf5 ./Core/Src/stm32f7xx_hal_timebase_tim.o
                              0xf71e4 (size before relaxing)
 .debug_str     0x00108ef4      0x12b ./Core/Src/stm32f7xx_it.o
                              0xf6c71 (size before relaxing)
 .debug_str     0x0010901f       0x87 ./Core/Src/system_stm32f7xx.o
                              0xf6623 (size before relaxing)
 .debug_str     0x001090a6       0x44 ./Core/Startup/startup_stm32f767zitx.o
                                 0xaf (size before relaxing)
 .debug_str     0x001090ea      0x401 ./Drivers/STM32F7xx_HAL_Driver/Src/stm32f7xx_hal.o
                              0xf7063 (size before relaxing)
 .debug_str     0x001094eb      0x271 ./Drivers/STM32F7xx_HAL_Driver/Src/stm32f7xx_hal_adc.o
                              0xf6b1c (size before relaxing)
 .debug_str     0x0010975c      0x39c ./Drivers/STM32F7xx_HAL_Driver/Src/stm32f7xx_hal_can.o
                              0xf6c29 (size before relaxing)
 .debug_str     0x00109af8      0x2e9 ./Drivers/STM32F7xx_HAL_Driver/Src/stm32f7xx_hal_cortex.o
                              0xf7013 (size before relaxing)
 .debug_str     0x00109de1       0xf9 ./Drivers/STM32F7xx_HAL_Driver/Src/stm32f7xx_hal_gpio.o
                              0xf66e1 (size before relaxing)
 .debug_str     0x00109eda      0x21c ./Drivers/STM32F7xx_HAL_Driver/Src/stm32f7xx_hal_rcc.o
                              0xf699e (size before relaxing)
 .debug_str     0x0010a0f6      0xd23 ./Drivers/STM32F7xx_HAL_Driver/Src/stm32f7xx_hal_tim.o
                              0xf7936 (size before relaxing)
 .debug_str     0x0010ae19      0x4a0 ./Drivers/STM32F7xx_HAL_Driver/Src/stm32f7xx_hal_tim_ex.o
                              0xf724c (size before relaxing)
 .debug_str     0x0010b2b9      0x265 ./ThirdParty/FreeRTOS/list.o
                               0xb1f5 (size before relaxing)
 .debug_str     0x0010b51e      0xc15 ./ThirdParty/FreeRTOS/queue.o
                               0xd8a7 (size before relaxing)
 .debug_str     0x0010c133     0x18c8 ./ThirdParty/FreeRTOS/tasks.o
                               0xe105 (size before relaxing)
 .debug_str     0x0010d9fb      0x502 ./ThirdParty/FreeRTOS/timers.o
                               0xda3b (size before relaxing)
 .debug_str     0x0010defd      0x756 ./ThirdParty/FreeRTOS/portable/GCC/ARM_CM7/r0p1/port.o
                               0x99bc (size before relaxing)
 .debug_str     0x0010e653      0x5d7 ./ThirdParty/FreeRTOS/portable/MemMang/heap_4.o
                               0xca1f (size before relaxing)

.comment        0x00000000       0x43
 .comment       0x00000000       0x43 ./Core/Src/CAN.o
                                 0x44 (size before relaxing)
 .comment       0x00000043       0x44 ./Core/Src/_do_quasar_canopen.o
 .comment       0x00000043       0x44 ./Core/Src/isolation.o
 .comment       0x00000043       0x44 ./Core/Src/main.o
 .comment       0x00000043       0x44 ./Core/Src/stm32f7xx_hal_msp.o
 .comment       0x00000043       0x44 ./Core/Src/stm32f7xx_hal_timebase_tim.o
 .comment       0x00000043       0x44 ./Core/Src/stm32f7xx_it.o
 .comment       0x00000043       0x44 ./Core/Src/system_stm32f7xx.o
 .comment       0x00000043       0x44 ./Drivers/STM32F7xx_HAL_Driver/Src/stm32f7xx_hal.o
 .comment       0x00000043       0x44 ./Drivers/STM32F7xx_HAL_Driver/Src/stm32f7xx_hal_adc.o
 .comment       0x00000043       0x44 ./Drivers/STM32F7xx_HAL_Driver/Src/stm32f7xx_hal_can.o
 .comment       0x00000043       0x44 ./Drivers/STM32F7xx_HAL_Driver/Src/stm32f7xx_hal_cortex.o
 .comment       0x00000043       0x44 ./Drivers/STM32F7xx_HAL_Driver/Src/stm32f7xx_hal_gpio.o
 .comment       0x00000043       0x44 ./Drivers/STM32F7xx_HAL_Driver/Src/stm32f7xx_hal_rcc.o
 .comment       0x00000043       0x44 ./Drivers/STM32F7xx_HAL_Driver/Src/stm32f7xx_hal_tim.o
 .comment       0x00000043       0x44 ./Drivers/STM32F7xx_HAL_Driver/Src/stm32f7xx_hal_tim_ex.o
 .comment       0x00000043       0x44 ./ThirdParty/FreeRTOS/list.o
 .comment       0x00000043       0x44 ./ThirdParty/FreeRTOS/queue.o
 .comment       0x00000043       0x44 ./ThirdParty/FreeRTOS/tasks.o
 .comment       0x00000043       0x44 ./ThirdParty/FreeRTOS/timers.o
 .comment       0x00000043       0x44 ./ThirdParty/FreeRTOS/portable/GCC/ARM_CM7/r0p1/port.o
 .comment       0x00000043       0x44 ./ThirdParty/FreeRTOS/portable/MemMang/heap_4.o

.debug_frame    0x00000000     0x5080
 .debug_frame   0x00000000       0xe8 ./Core/Src/CAN.o
 .debug_frame   0x000000e8      0x510 ./Core/Src/_do_quasar_canopen.o
 .debug_frame   0x000005f8       0x60 ./Core/Src/isolation.o
 .debug_frame   0x00000658      0x41c ./Core/Src/main.o
 .debug_frame   0x00000a74      0x110 ./Core/Src/stm32f7xx_hal_msp.o
 .debug_frame   0x00000b84       0x74 ./Core/Src/stm32f7xx_hal_timebase_tim.o
 .debug_frame   0x00000bf8      0x150 ./Core/Src/stm32f7xx_it.o
 .debug_frame   0x00000d48       0x58 ./Core/Src/system_stm32f7xx.o
 .debug_frame   0x00000da0      0x3f4 ./Drivers/STM32F7xx_HAL_Driver/Src/stm32f7xx_hal.o
 .debug_frame   0x00001194      0x3fc ./Drivers/STM32F7xx_HAL_Driver/Src/stm32f7xx_hal_adc.o
 .debug_frame   0x00001590      0x5a0 ./Drivers/STM32F7xx_HAL_Driver/Src/stm32f7xx_hal_can.o
 .debug_frame   0x00001b30      0x498 ./Drivers/STM32F7xx_HAL_Driver/Src/stm32f7xx_hal_cortex.o
 .debug_frame   0x00001fc8      0x14c ./Drivers/STM32F7xx_HAL_Driver/Src/stm32f7xx_hal_gpio.o
 .debug_frame   0x00002114      0x1f8 ./Drivers/STM32F7xx_HAL_Driver/Src/stm32f7xx_hal_rcc.o
 .debug_frame   0x0000230c     0x121c ./Drivers/STM32F7xx_HAL_Driver/Src/stm32f7xx_hal_tim.o
 .debug_frame   0x00003528      0x6b0 ./Drivers/STM32F7xx_HAL_Driver/Src/stm32f7xx_hal_tim_ex.o
 .debug_frame   0x00003bd8       0xd8 ./ThirdParty/FreeRTOS/list.o
 .debug_frame   0x00003cb0      0x4bc ./ThirdParty/FreeRTOS/queue.o
 .debug_frame   0x0000416c      0x7d0 ./ThirdParty/FreeRTOS/tasks.o
 .debug_frame   0x0000493c      0x378 ./ThirdParty/FreeRTOS/timers.o
 .debug_frame   0x00004cb4      0x1a8 ./ThirdParty/FreeRTOS/portable/GCC/ARM_CM7/r0p1/port.o
 .debug_frame   0x00004e5c      0x150 ./ThirdParty/FreeRTOS/portable/MemMang/heap_4.o
 .debug_frame   0x00004fac       0x20 C:/ST/STM32CubeIDE_1.14.1/STM32CubeIDE/plugins/com.st.stm32cube.ide.mcu.externaltools.gnu-tools-for-stm32.12.3.rel1.win32_1.0.100.202403111256/tools/bin/../lib/gcc/arm-none-eabi/12.3.1/../../../../arm-none-eabi/lib/thumb/v7e-m+dp/hard\libc_nano.a(libc_a-memset.o)
 .debug_frame   0x00004fcc       0x2c C:/ST/STM32CubeIDE_1.14.1/STM32CubeIDE/plugins/com.st.stm32cube.ide.mcu.externaltools.gnu-tools-for-stm32.12.3.rel1.win32_1.0.100.202403111256/tools/bin/../lib/gcc/arm-none-eabi/12.3.1/../../../../arm-none-eabi/lib/thumb/v7e-m+dp/hard\libc_nano.a(libc_a-init.o)
 .debug_frame   0x00004ff8       0x28 C:/ST/STM32CubeIDE_1.14.1/STM32CubeIDE/plugins/com.st.stm32cube.ide.mcu.externaltools.gnu-tools-for-stm32.12.3.rel1.win32_1.0.100.202403111256/tools/bin/../lib/gcc/arm-none-eabi/12.3.1/../../../../arm-none-eabi/lib/thumb/v7e-m+dp/hard\libc_nano.a(libc_a-memcpy-stub.o)
 .debug_frame   0x00005020       0x2c C:/ST/STM32CubeIDE_1.14.1/STM32CubeIDE/plugins/com.st.stm32cube.ide.mcu.externaltools.gnu-tools-for-stm32.12.3.rel1.win32_1.0.100.202403111256/tools/bin/../lib/gcc/arm-none-eabi/12.3.1/thumb/v7e-m+dp/hard\libgcc.a(_aeabi_uldivmod.o)
 .debug_frame   0x0000504c       0x34 C:/ST/STM32CubeIDE_1.14.1/STM32CubeIDE/plugins/com.st.stm32cube.ide.mcu.externaltools.gnu-tools-for-stm32.12.3.rel1.win32_1.0.100.202403111256/tools/bin/../lib/gcc/arm-none-eabi/12.3.1/thumb/v7e-m+dp/hard\libgcc.a(_udivmoddi4.o)

.debug_line_str
                0x00000000       0x93
 .debug_line_str
                0x00000000       0x93 ./Core/Startup/startup_stm32f767zitx.o