../Drivers/CMSIS/Include/core_cm7.h:1865:22:__NVIC_SetPriorityGrouping	24	static
../Core/Src/main.c:259:6:HAL_TIM_OC_DelayElapsedCallback	16	static
../Core/Src/main.c:275:6:HAL_CAN_RxFifo0MsgPendingCallback	72	static,ignoring_inline_asm
../Core/Src/main.c:305:6:HAL_CAN_RxFifo1MsgPendingCallback	16	static
../Core/Src/main.c:326:5:main	40	static,ignoring_inline_asm
../Core/Src/main.c:423:6:SystemClock_Config	88	static
../Core/Src/main.c:471:13:MX_ADC1_Init	24	static
../Core/Src/main.c:550:13:MX_CAN1_Init	8	static
../Core/Src/main.c:587:13:MX_CAN2_Init	8	static
../Core/Src/main.c:624:13:MX_TIM1_Init	112	static
../Core/Src/main.c:703:13:MX_GPIO_Init	48	static
../Core/Src/main.c:759:6:vApplicationIdleHook	4	static
../Core/Src/main.c:765:6:Task1_Handler	24	static
../Core/Src/main.c:783:6:Task2_Handler	32	static
../Core/Src/main.c:809:6:Task3_Handler	16	static
../Core/Src/main.c:818:6:Task4_Handler	32	static
../Core/Src/main.c:839:6:Task5_Handler	16	static
../Core/Src/main.c:848:6:Task6_Handler	16	static
../Core/Src/main.c:856:6:map	24	static
../Core/Src/main.c:860:6:constrain	24	static
../Core/Src/main.c:875:6:ignitionTask	8	static
../Core/Src/main.c:904:6:setADCChannel	16	static
../Core/Src/main.c:918:10:getADCAverage	40	static
../Core/Src/main.c:987:10:getPrimaryThrottlePosition	16	static
../Core/Src/main.c:992:10:getSecondaryThrottlePosition	16	static
../Core/Src/main.c:997:6:primaryThrottleSensorErrorCheck	8	static
../Core/Src/main.c:1011:6:secondaryThrottleSensorErrorCheck	8	static
../Core/Src/main.c:1025:6:throttleSensorDeviationCheck	8	static
../Core/Src/main.c:1070:6:torqueRequest	24	static
../Core/Src/main.c:1107:6:HAL_TIM_PeriodElapsedCallback	16	static
../Core/Src/main.c:1124:6:Error_Handler	4	static,ignoring_inline_asm
