../Drivers/CMSIS/Include/core_cm7.h:1865:22:__NVIC_SetPriorityGrouping	24	static
../Core/Src/main.c:267:6:HAL_TIM_OC_DelayElapsedCallback	16	static
../Core/Src/main.c:283:6:HAL_CAN_RxFifo0MsgPendingCallback	72	static,ignoring_inline_asm
../Core/Src/main.c:313:6:HAL_CAN_RxFifo1MsgPendingCallback	16	static
../Core/Src/main.c:334:5:main	40	static,ignoring_inline_asm
../Core/Src/main.c:431:6:SystemClock_Config	88	static
../Core/Src/main.c:479:13:MX_ADC1_Init	24	static
../Core/Src/main.c:558:13:MX_CAN1_Init	8	static
../Core/Src/main.c:595:13:MX_CAN2_Init	8	static
../Core/Src/main.c:632:13:MX_TIM1_Init	112	static
../Core/Src/main.c:711:13:MX_GPIO_Init	48	static
../Core/Src/main.c:767:6:vApplicationIdleHook	4	static
../Core/Src/main.c:773:6:Task1_Handler	24	static
../Core/Src/main.c:791:6:Task2_Handler	32	static
../Core/Src/main.c:817:6:Task3_Handler	16	static
../Core/Src/main.c:826:6:Task4_Handler	32	static
../Core/Src/main.c:862:6:Task5_Handler	16	static
../Core/Src/main.c:871:6:Task6_Handler	16	static
../Core/Src/main.c:879:6:map	24	static
../Core/Src/main.c:883:6:constrain	24	static
../Core/Src/main.c:898:6:ignitionTask	8	static
../Core/Src/main.c:927:6:setADCChannel	16	static
../Core/Src/main.c:941:10:getADCAverage	40	static
../Core/Src/main.c:1010:10:getPrimaryThrottlePosition	16	static
../Core/Src/main.c:1015:10:getSecondaryThrottlePosition	16	static
../Core/Src/main.c:1020:6:primaryThrottleSensorErrorCheck	8	static
../Core/Src/main.c:1034:6:secondaryThrottleSensorErrorCheck	8	static
../Core/Src/main.c:1048:6:throttleSensorDeviationCheck	8	static
../Core/Src/main.c:1093:6:torqueRequest	24	static
../Core/Src/main.c:1130:6:HAL_TIM_PeriodElapsedCallback	16	static
../Core/Src/main.c:1147:6:Error_Handler	4	static,ignoring_inline_asm
