../Core/Src/temp.c:8:10:Unpack_TS_ECU_ChargingStateTrigger_Temp	24	static
../Core/Src/temp.c:15:10:Pack_TS_ECU_ChargingStateTrigger_Temp	32	static
../Core/Src/temp.c:25:10:Unpack_TS_ECU_SYNC_RX1_Temp	24	static
../Core/Src/temp.c:31:10:Pack_TS_ECU_SYNC_RX1_Temp	32	static
../Core/Src/temp.c:41:10:Unpack_TS_ECU_SYNC_RX2_Temp	24	static
../Core/Src/temp.c:47:10:Pack_TS_ECU_SYNC_RX2_Temp	32	static
../Core/Src/temp.c:57:10:Unpack_TS_ECU1_TX1_Temp	24	static
../Core/Src/temp.c:72:10:Pack_TS_ECU1_TX1_Temp	32	static
../Core/Src/temp.c:86:10:Unpack_TS_ECU1_TX2_Temp	24	static
../Core/Src/temp.c:99:10:Pack_TS_ECU1_TX2_Temp	32	static
../Core/Src/temp.c:116:10:Unpack_TS_ECU1_TX3_Temp	24	static
../Core/Src/temp.c:129:10:Pack_TS_ECU1_TX3_Temp	32	static
../Core/Src/temp.c:146:10:Unpack_TS_ECU1_TX4_Temp	24	static
../Core/Src/temp.c:159:10:Pack_TS_ECU1_TX4_Temp	32	static
../Core/Src/temp.c:176:10:Unpack_TS_ECU2_TX1_Temp	24	static
../Core/Src/temp.c:191:10:Pack_TS_ECU2_TX1_Temp	32	static
../Core/Src/temp.c:205:10:Unpack_TS_ECU2_TX2_Temp	24	static
../Core/Src/temp.c:218:10:Pack_TS_ECU2_TX2_Temp	32	static
../Core/Src/temp.c:235:10:Unpack_TS_ECU2_TX3_Temp	24	static
../Core/Src/temp.c:248:10:Pack_TS_ECU2_TX3_Temp	32	static
../Core/Src/temp.c:265:10:Unpack_TS_ECU2_TX4_Temp	24	static
../Core/Src/temp.c:278:10:Pack_TS_ECU2_TX4_Temp	32	static
../Core/Src/temp.c:295:10:Unpack_TS_ECU3_TX1_Temp	24	static
../Core/Src/temp.c:310:10:Pack_TS_ECU3_TX1_Temp	32	static
../Core/Src/temp.c:324:10:Unpack_TS_ECU3_TX2_Temp	24	static
../Core/Src/temp.c:337:10:Pack_TS_ECU3_TX2_Temp	32	static
../Core/Src/temp.c:354:10:Unpack_TS_ECU3_TX3_Temp	24	static
../Core/Src/temp.c:367:10:Pack_TS_ECU3_TX3_Temp	32	static
../Core/Src/temp.c:384:10:Unpack_TS_ECU3_TX4_Temp	24	static
../Core/Src/temp.c:397:10:Pack_TS_ECU3_TX4_Temp	32	static
../Core/Src/temp.c:414:10:Unpack_TS_ECU4_TX1_Temp	24	static
../Core/Src/temp.c:429:10:Pack_TS_ECU4_TX1_Temp	32	static
../Core/Src/temp.c:443:10:Unpack_TS_ECU4_TX2_Temp	24	static
../Core/Src/temp.c:456:10:Pack_TS_ECU4_TX2_Temp	32	static
../Core/Src/temp.c:473:10:Unpack_TS_ECU4_TX3_Temp	24	static
../Core/Src/temp.c:486:10:Pack_TS_ECU4_TX3_Temp	32	static
../Core/Src/temp.c:503:10:Unpack_TS_ECU4_TX4_Temp	24	static
../Core/Src/temp.c:516:10:Pack_TS_ECU4_TX4_Temp	32	static
../Core/Src/temp.c:533:10:Unpack_TS_ECU5_TX1_Temp	24	static
../Core/Src/temp.c:548:10:Pack_TS_ECU5_TX1_Temp	32	static
../Core/Src/temp.c:562:10:Unpack_TS_ECU5_TX2_Temp	24	static
../Core/Src/temp.c:575:10:Pack_TS_ECU5_TX2_Temp	32	static
../Core/Src/temp.c:592:10:Unpack_TS_ECU5_TX3_Temp	24	static
../Core/Src/temp.c:605:10:Pack_TS_ECU5_TX3_Temp	32	static
../Core/Src/temp.c:622:10:Unpack_TS_ECU5_TX4_Temp	24	static
../Core/Src/temp.c:635:10:Pack_TS_ECU5_TX4_Temp	32	static
